{
  "passed": true,
  "clean_root": "/tmp/passenger-whole-room-kmqsd2w6",
  "commands": [
    {
      "command": [
        "blender",
        "--background",
        "--factory-startup",
        "--python-exit-code",
        "1",
        "--python",
        "/tmp/passenger-whole-room-kmqsd2w6/tools/assets/passenger-vault/room_fit.py",
        "--",
        "--output-root",
        "/tmp/passenger-whole-room-kmqsd2w6"
      ],
      "exit_code": 0,
      "log": "tools/assets/passenger-vault/room-fit/clean-0.log"
    },
    {
      "command": [
        "blender",
        "--background",
        "--factory-startup",
        "--python-exit-code",
        "1",
        "--python",
        "/tmp/passenger-whole-room-kmqsd2w6/tools/assets/passenger-vault/test_room_fit.py"
      ],
      "exit_code": 0,
      "log": "tools/assets/passenger-vault/room-fit/clean-1.log"
    },
    {
      "command": [
        "/home/chernodubv/.hermes/hermes-agent/venv/bin/python3",
        "/tmp/passenger-whole-room-kmqsd2w6/tools/assets/passenger-vault/test_room_fit_artifacts.py",
        "/tmp/passenger-whole-room-kmqsd2w6"
      ],
      "exit_code": 0,
      "log": "tools/assets/passenger-vault/room-fit/clean-2.log"
    }
  ],
  "decoded_pngs": {
    "whole-room-top.png": {
      "width": 1600,
      "height": 1200,
      "channels": 4,
      "pixels_sha256": "f7fa8325cad306a30375bb1a43e3010c7b88259f34740e1a59e728b594418caa"
    },
    "whole-room-oblique.png": {
      "width": 1600,
      "height": 1200,
      "channels": 4,
      "pixels_sha256": "b41839f25b7be4e735ba328c8aa4f33d227f61f4f48bdf50950feac10ccf00b4"
    }
  },
  "input_glbs": "Copied approved immutable GLBs, not regenerated; original builder reproduction is a separate prior gate",
  "validation_equal": true,
  "solids_equal": true,
  "input_hashes_equal": true,
  "blend_identity_claimed": false
}
