Blender 4.0.2
Info: Total files 0 | Changed 0 | Failed 0
/usr/share/blender/scripts/addons/io_scene_gltf2/io/exp/gltf2_io_image_data.py:25: SyntaxWarning: invalid escape sequence '\.'
  regex_dot = re.compile("\.")
/usr/share/blender/scripts/addons/io_scene_gltf2/io/exp/gltf2_io_image_data.py:27: SyntaxWarning: invalid escape sequence '\]'
  new_name = "".join([char for char in adjusted_name if char not in "!#$&'()*+,/:;<>?@[\]^`{|}~"])
Fra:1 Mem:14.03M (Peak 14.03M) | Time:00:00.00 | Mem:0.00M, Peak:0.00M | Scene, ViewLayer | Synchronizing object | source_label
Fra:1 Mem:14.32M (Peak 14.32M) | Time:00:00.00 | Mem:0.00M, Peak:0.00M | Scene, ViewLayer | Synchronizing object | deck_plinth
Fra:1 Mem:14.33M (Peak 14.33M) | Time:00:00.00 | Mem:0.00M, Peak:0.00M | Scene, ViewLayer | Synchronizing object | back_wall
Fra:1 Mem:14.33M (Peak 14.33M) | Time:00:00.00 | Mem:0.00M, Peak:0.00M | Scene, ViewLayer | Synchronizing object | central_bulkhead
Fra:1 Mem:16.36M (Peak 16.36M) | Time:00:00.00 | Mem:0.00M, Peak:0.00M | Scene, ViewLayer | Synchronizing object | electronics_pack_1
Fra:1 Mem:16.34M (Peak 16.36M) | Time:00:00.00 | Mem:0.00M, Peak:0.00M | Scene, ViewLayer | Synchronizing object | electronics_tray_1
Fra:1 Mem:16.35M (Peak 16.36M) | Time:00:00.00 | Mem:0.00M, Peak:0.00M | Scene, ViewLayer | Synchronizing object | instrument_cheek_south
Fra:1 Mem:16.35M (Peak 16.36M) | Time:00:00.00 | Mem:0.00M, Peak:0.00M | Scene, ViewLayer | Synchronizing object | latch_1
Fra:1 Mem:16.37M (Peak 16.37M) | Time:00:00.00 | Mem:0.00M, Peak:0.00M | Scene, ViewLayer | Synchronizing object | panel_seam_1
Fra:1 Mem:16.36M (Peak 16.37M) | Time:00:00.00 | Mem:0.00M, Peak:0.00M | Scene, ViewLayer | Synchronizing object | operating_display
Fra:1 Mem:16.40M (Peak 16.40M) | Time:00:00.00 | Mem:0.00M, Peak:0.00M | Scene, ViewLayer | Synchronizing object | service_panel_0
Fra:1 Mem:16.38M (Peak 16.40M) | Time:00:00.00 | Mem:0.00M, Peak:0.00M | Scene, ViewLayer | Synchronizing object | latch_0
Fra:1 Mem:16.37M (Peak 16.40M) | Time:00:00.00 | Mem:0.00M, Peak:0.00M | Scene, ViewLayer | Synchronizing object | electronics_tray_0
Fra:1 Mem:16.38M (Peak 16.40M) | Time:00:00.00 | Mem:0.00M, Peak:0.00M | Scene, ViewLayer | Synchronizing object | electronics_pack_0
Fra:1 Mem:16.38M (Peak 16.40M) | Time:00:00.00 | Mem:0.00M, Peak:0.00M | Scene, ViewLayer | Initializing
Fra:1 Mem:14.45M (Peak 16.40M) | Time:00:00.00 | Mem:0.00M, Peak:0.00M | Scene, ViewLayer | Waiting for render to start
Fra:1 Mem:14.45M (Peak 16.40M) | Time:00:00.00 | Mem:0.00M, Peak:0.00M | Scene, ViewLayer | Loading render kernels (may take a few minutes the first time)
Fra:1 Mem:14.45M (Peak 16.40M) | Time:00:00.00 | Mem:0.00M, Peak:0.00M | Scene, ViewLayer | Updating Scene
Fra:1 Mem:14.45M (Peak 16.40M) | Time:00:00.00 | Mem:0.00M, Peak:0.00M | Scene, ViewLayer | Updating Shaders
Fra:1 Mem:14.54M (Peak 16.40M) | Time:00:00.00 | Mem:0.00M, Peak:0.00M | Scene, ViewLayer | Updating Procedurals
Fra:1 Mem:14.54M (Peak 16.40M) | Time:00:00.00 | Mem:0.00M, Peak:0.00M | Scene, ViewLayer | Updating Background
Fra:1 Mem:14.54M (Peak 16.40M) | Time:00:00.00 | Mem:0.00M, Peak:0.00M | Scene, ViewLayer | Updating Camera
Fra:1 Mem:14.54M (Peak 16.40M) | Time:00:00.00 | Mem:0.00M, Peak:0.00M | Scene, ViewLayer | Updating Meshes Flags
Fra:1 Mem:14.54M (Peak 16.40M) | Time:00:00.00 | Mem:0.00M, Peak:0.00M | Scene, ViewLayer | Updating Objects
Fra:1 Mem:14.54M (Peak 16.40M) | Time:00:00.00 | Mem:0.00M, Peak:0.00M | Scene, ViewLayer | Updating Objects | Copying Transformations to device
Fra:1 Mem:14.54M (Peak 16.40M) | Time:00:00.00 | Mem:0.01M, Peak:0.01M | Scene, ViewLayer | Updating Objects | Applying Static Transformations
Fra:1 Mem:14.54M (Peak 16.40M) | Time:00:00.00 | Mem:0.01M, Peak:0.01M | Scene, ViewLayer | Updating Particle Systems
Fra:1 Mem:14.54M (Peak 16.40M) | Time:00:00.00 | Mem:0.01M, Peak:0.01M | Scene, ViewLayer | Updating Particle Systems | Copying Particles to device
Fra:1 Mem:14.54M (Peak 16.40M) | Time:00:00.00 | Mem:0.01M, Peak:0.01M | Scene, ViewLayer | Updating Meshes
Fra:1 Mem:14.60M (Peak 16.40M) | Time:00:00.00 | Mem:0.01M, Peak:0.01M | Scene, ViewLayer | Updating Mesh | Computing attributes
Fra:1 Mem:14.66M (Peak 16.40M) | Time:00:00.00 | Mem:0.01M, Peak:0.01M | Scene, ViewLayer | Updating Mesh | Copying Attributes to device
Fra:1 Mem:14.66M (Peak 16.40M) | Time:00:00.00 | Mem:0.06M, Peak:0.06M | Scene, ViewLayer | Updating Scene BVH | Building
Fra:1 Mem:14.66M (Peak 16.40M) | Time:00:00.00 | Mem:0.06M, Peak:0.06M | Scene, ViewLayer | Updating Scene BVH | Building BVH
Fra:1 Mem:14.66M (Peak 16.40M) | Time:00:00.00 | Mem:0.19M, Peak:0.19M | Scene, ViewLayer | Updating Scene BVH | Building BVH 0%
Fra:1 Mem:14.66M (Peak 16.40M) | Time:00:00.01 | Mem:0.34M, Peak:0.46M | Scene, ViewLayer | Updating Scene BVH | Copying BVH to device
Fra:1 Mem:14.66M (Peak 16.40M) | Time:00:00.01 | Mem:0.34M, Peak:0.46M | Scene, ViewLayer | Updating Mesh | Computing normals
Fra:1 Mem:14.88M (Peak 16.40M) | Time:00:00.01 | Mem:0.34M, Peak:0.46M | Scene, ViewLayer | Updating Mesh | Copying Mesh to device
Fra:1 Mem:14.88M (Peak 16.40M) | Time:00:00.01 | Mem:0.56M, Peak:0.56M | Scene, ViewLayer | Updating Objects Flags
Fra:1 Mem:14.88M (Peak 16.40M) | Time:00:00.01 | Mem:0.56M, Peak:0.56M | Scene, ViewLayer | Updating Primitive Offsets
Fra:1 Mem:14.88M (Peak 16.40M) | Time:00:00.01 | Mem:0.56M, Peak:0.56M | Scene, ViewLayer | Updating Images
Fra:1 Mem:14.88M (Peak 16.40M) | Time:00:00.01 | Mem:0.56M, Peak:0.56M | Scene, ViewLayer | Updating Camera Volume
Fra:1 Mem:14.88M (Peak 16.40M) | Time:00:00.01 | Mem:0.56M, Peak:0.56M | Scene, ViewLayer | Updating Lookup Tables
Fra:1 Mem:14.88M (Peak 16.40M) | Time:00:00.01 | Mem:0.64M, Peak:0.64M | Scene, ViewLayer | Updating Lights
Fra:1 Mem:14.88M (Peak 16.40M) | Time:00:00.01 | Mem:0.64M, Peak:0.64M | Scene, ViewLayer | Updating Lights | Computing distribution
Fra:1 Mem:14.88M (Peak 16.40M) | Time:00:00.01 | Mem:0.64M, Peak:0.64M | Scene, ViewLayer | Updating Lights | Computing tree
Fra:1 Mem:15.59M (Peak 16.40M) | Time:00:00.02 | Mem:1.35M, Peak:1.35M | Scene, ViewLayer | Updating Integrator
Fra:1 Mem:16.59M (Peak 16.59M) | Time:00:00.02 | Mem:2.35M, Peak:2.35M | Scene, ViewLayer | Updating Film
Fra:1 Mem:16.60M (Peak 16.60M) | Time:00:00.02 | Mem:2.27M, Peak:2.35M | Scene, ViewLayer | Updating Lookup Tables
Fra:1 Mem:16.60M (Peak 16.60M) | Time:00:00.02 | Mem:2.36M, Peak:2.36M | Scene, ViewLayer | Updating Baking
Fra:1 Mem:16.60M (Peak 16.60M) | Time:00:00.02 | Mem:2.36M, Peak:2.36M | Scene, ViewLayer | Updating Device | Writing constant memory
Fra:1 Mem:16.60M (Peak 16.60M) | Time:00:00.02 | Mem:2.36M, Peak:2.36M | Scene, ViewLayer | Sample 0/16
Fra:1 Mem:49.58M (Peak 49.58M) | Time:00:00.23 | Remaining:00:03.12 | Mem:35.32M, Peak:35.32M | Scene, ViewLayer | Sample 1/16
Fra:1 Mem:64.23M (Peak 93.53M) | Time:00:02.56 | Mem:35.32M, Peak:35.32M | Scene, ViewLayer | Sample 16/16
Fra:1 Mem:64.23M (Peak 93.53M) | Time:00:02.56 | Mem:35.32M, Peak:35.32M | Scene, ViewLayer | Finished
Saved: '/tmp/passenger-monitor-clean-jhrfe9xw/tools/assets/passenger-vault/monitoring/north-closed.png'
Time: 00:02.75 (Saving: 00:00.18)

Fra:1 Mem:15.72M (Peak 15.72M) | Time:00:00.00 | Mem:0.00M, Peak:0.00M | Scene, ViewLayer | Synchronizing object | source_label
Fra:1 Mem:16.00M (Peak 16.00M) | Time:00:00.00 | Mem:0.00M, Peak:0.00M | Scene, ViewLayer | Synchronizing object | deck_plinth
Fra:1 Mem:16.00M (Peak 16.00M) | Time:00:00.00 | Mem:0.00M, Peak:0.00M | Scene, ViewLayer | Synchronizing object | rear_service_cover
Fra:1 Mem:16.01M (Peak 16.01M) | Time:00:00.00 | Mem:0.00M, Peak:0.00M | Scene, ViewLayer | Synchronizing object | electronics_pack_1
Fra:1 Mem:16.03M (Peak 16.03M) | Time:00:00.00 | Mem:0.00M, Peak:0.00M | Scene, ViewLayer | Synchronizing object | instrument_cheek_north
Fra:1 Mem:16.02M (Peak 16.03M) | Time:00:00.00 | Mem:0.00M, Peak:0.00M | Scene, ViewLayer | Synchronizing object | electronics_tray_1
Fra:1 Mem:16.02M (Peak 16.03M) | Time:00:00.00 | Mem:0.00M, Peak:0.00M | Scene, ViewLayer | Synchronizing object | electronics_tray_0
Fra:1 Mem:16.02M (Peak 16.03M) | Time:00:00.00 | Mem:0.00M, Peak:0.00M | Scene, ViewLayer | Synchronizing object | latch_1
Fra:1 Mem:16.03M (Peak 16.03M) | Time:00:00.00 | Mem:0.00M, Peak:0.00M | Scene, ViewLayer | Synchronizing object | panel_seam_1
Fra:1 Mem:16.03M (Peak 16.03M) | Time:00:00.00 | Mem:0.00M, Peak:0.00M | Scene, ViewLayer | Initializing
Fra:1 Mem:14.41M (Peak 16.03M) | Time:00:00.00 | Mem:0.00M, Peak:0.00M | Scene, ViewLayer | Waiting for render to start
Fra:1 Mem:14.41M (Peak 16.03M) | Time:00:00.00 | Mem:0.00M, Peak:0.00M | Scene, ViewLayer | Loading render kernels (may take a few minutes the first time)
Fra:1 Mem:14.41M (Peak 16.03M) | Time:00:00.00 | Mem:0.00M, Peak:0.00M | Scene, ViewLayer | Updating Scene
Fra:1 Mem:14.41M (Peak 16.03M) | Time:00:00.00 | Mem:0.00M, Peak:0.00M | Scene, ViewLayer | Updating Shaders
Fra:1 Mem:14.49M (Peak 16.03M) | Time:00:00.00 | Mem:0.00M, Peak:0.00M | Scene, ViewLayer | Updating Procedurals
Fra:1 Mem:14.49M (Peak 16.03M) | Time:00:00.00 | Mem:0.00M, Peak:0.00M | Scene, ViewLayer | Updating Background
Fra:1 Mem:14.49M (Peak 16.03M) | Time:00:00.00 | Mem:0.00M, Peak:0.00M | Scene, ViewLayer | Updating Camera
Fra:1 Mem:14.49M (Peak 16.03M) | Time:00:00.00 | Mem:0.00M, Peak:0.00M | Scene, ViewLayer | Updating Meshes Flags
Fra:1 Mem:14.49M (Peak 16.03M) | Time:00:00.00 | Mem:0.00M, Peak:0.00M | Scene, ViewLayer | Updating Objects
Fra:1 Mem:14.49M (Peak 16.03M) | Time:00:00.00 | Mem:0.00M, Peak:0.00M | Scene, ViewLayer | Updating Objects | Copying Transformations to device
Fra:1 Mem:14.49M (Peak 16.03M) | Time:00:00.00 | Mem:0.01M, Peak:0.01M | Scene, ViewLayer | Updating Objects | Applying Static Transformations
Fra:1 Mem:14.49M (Peak 16.03M) | Time:00:00.00 | Mem:0.01M, Peak:0.01M | Scene, ViewLayer | Updating Particle Systems
Fra:1 Mem:14.49M (Peak 16.03M) | Time:00:00.00 | Mem:0.01M, Peak:0.01M | Scene, ViewLayer | Updating Particle Systems | Copying Particles to device
Fra:1 Mem:14.49M (Peak 16.03M) | Time:00:00.00 | Mem:0.01M, Peak:0.01M | Scene, ViewLayer | Updating Meshes
Fra:1 Mem:14.55M (Peak 16.03M) | Time:00:00.00 | Mem:0.01M, Peak:0.01M | Scene, ViewLayer | Updating Mesh | Computing attributes
Fra:1 Mem:14.60M (Peak 16.03M) | Time:00:00.00 | Mem:0.01M, Peak:0.01M | Scene, ViewLayer | Updating Mesh | Copying Attributes to device
Fra:1 Mem:14.60M (Peak 16.03M) | Time:00:00.00 | Mem:0.05M, Peak:0.05M | Scene, ViewLayer | Updating Scene BVH | Building
Fra:1 Mem:14.60M (Peak 16.03M) | Time:00:00.00 | Mem:0.05M, Peak:0.05M | Scene, ViewLayer | Updating Scene BVH | Building BVH
Fra:1 Mem:14.60M (Peak 16.03M) | Time:00:00.00 | Mem:0.17M, Peak:0.17M | Scene, ViewLayer | Updating Scene BVH | Building BVH 0%
Fra:1 Mem:14.60M (Peak 16.03M) | Time:00:00.00 | Mem:0.30M, Peak:0.41M | Scene, ViewLayer | Updating Scene BVH | Copying BVH to device
Fra:1 Mem:14.60M (Peak 16.03M) | Time:00:00.00 | Mem:0.30M, Peak:0.41M | Scene, ViewLayer | Updating Mesh | Computing normals
Fra:1 Mem:14.80M (Peak 16.03M) | Time:00:00.00 | Mem:0.30M, Peak:0.41M | Scene, ViewLayer | Updating Mesh | Copying Mesh to device
Fra:1 Mem:14.80M (Peak 16.03M) | Time:00:00.00 | Mem:0.49M, Peak:0.49M | Scene, ViewLayer | Updating Objects Flags
Fra:1 Mem:14.80M (Peak 16.03M) | Time:00:00.00 | Mem:0.49M, Peak:0.49M | Scene, ViewLayer | Updating Primitive Offsets
Fra:1 Mem:14.80M (Peak 16.03M) | Time:00:00.00 | Mem:0.49M, Peak:0.49M | Scene, ViewLayer | Updating Images
Fra:1 Mem:14.80M (Peak 16.03M) | Time:00:00.00 | Mem:0.49M, Peak:0.49M | Scene, ViewLayer | Updating Camera Volume
Fra:1 Mem:14.80M (Peak 16.03M) | Time:00:00.00 | Mem:0.49M, Peak:0.49M | Scene, ViewLayer | Updating Lookup Tables
Fra:1 Mem:14.80M (Peak 16.03M) | Time:00:00.00 | Mem:0.58M, Peak:0.58M | Scene, ViewLayer | Updating Lights
Fra:1 Mem:14.80M (Peak 16.03M) | Time:00:00.00 | Mem:0.58M, Peak:0.58M | Scene, ViewLayer | Updating Lights | Computing distribution
Fra:1 Mem:14.80M (Peak 16.03M) | Time:00:00.00 | Mem:0.58M, Peak:0.58M | Scene, ViewLayer | Updating Lights | Computing tree
Fra:1 Mem:15.46M (Peak 16.03M) | Time:00:00.02 | Mem:1.24M, Peak:1.24M | Scene, ViewLayer | Updating Integrator
Fra:1 Mem:16.46M (Peak 16.46M) | Time:00:00.02 | Mem:2.24M, Peak:2.24M | Scene, ViewLayer | Updating Film
Fra:1 Mem:16.47M (Peak 16.47M) | Time:00:00.02 | Mem:2.16M, Peak:2.24M | Scene, ViewLayer | Updating Lookup Tables
Fra:1 Mem:16.47M (Peak 16.47M) | Time:00:00.02 | Mem:2.24M, Peak:2.24M | Scene, ViewLayer | Updating Baking
Fra:1 Mem:16.47M (Peak 16.47M) | Time:00:00.02 | Mem:2.24M, Peak:2.24M | Scene, ViewLayer | Updating Device | Writing constant memory
Fra:1 Mem:16.47M (Peak 16.47M) | Time:00:00.02 | Mem:2.24M, Peak:2.24M | Scene, ViewLayer | Sample 0/16
Fra:1 Mem:49.45M (Peak 49.45M) | Time:00:00.26 | Remaining:00:03.62 | Mem:35.20M, Peak:35.20M | Scene, ViewLayer | Sample 1/16
Fra:1 Mem:64.10M (Peak 93.40M) | Time:00:03.11 | Mem:35.20M, Peak:35.20M | Scene, ViewLayer | Sample 16/16
Fra:1 Mem:64.10M (Peak 93.40M) | Time:00:03.11 | Mem:35.20M, Peak:35.20M | Scene, ViewLayer | Finished
Saved: '/tmp/passenger-monitor-clean-jhrfe9xw/tools/assets/passenger-vault/monitoring/north-cutaway.png'
Time: 00:03.19 (Saving: 00:00.08)

Fra:1 Mem:16.69M (Peak 16.69M) | Time:00:00.00 | Mem:0.00M, Peak:0.00M | Scene, ViewLayer | Synchronizing object | source_label
Fra:1 Mem:17.00M (Peak 17.00M) | Time:00:00.00 | Mem:0.00M, Peak:0.00M | Scene, ViewLayer | Synchronizing object | deck_plinth
Fra:1 Mem:17.00M (Peak 17.00M) | Time:00:00.00 | Mem:0.00M, Peak:0.00M | Scene, ViewLayer | Synchronizing object | back_wall
Fra:1 Mem:17.02M (Peak 17.02M) | Time:00:00.00 | Mem:0.00M, Peak:0.00M | Scene, ViewLayer | Synchronizing object | central_bulkhead
Fra:1 Mem:17.03M (Peak 17.03M) | Time:00:00.00 | Mem:0.00M, Peak:0.00M | Scene, ViewLayer | Synchronizing object | service_worktop
Fra:1 Mem:17.02M (Peak 17.03M) | Time:00:00.00 | Mem:0.00M, Peak:0.00M | Scene, ViewLayer | Synchronizing object | instrument_wedge
Fra:1 Mem:17.04M (Peak 17.04M) | Time:00:00.00 | Mem:0.00M, Peak:0.00M | Scene, ViewLayer | Synchronizing object | electronics_pack_1
Fra:1 Mem:17.02M (Peak 17.04M) | Time:00:00.00 | Mem:0.00M, Peak:0.00M | Scene, ViewLayer | Synchronizing object | instrument_cheek_north
Fra:1 Mem:17.03M (Peak 17.04M) | Time:00:00.00 | Mem:0.00M, Peak:0.00M | Scene, ViewLayer | Synchronizing object | instrument_cheek_south
Fra:1 Mem:17.04M (Peak 17.04M) | Time:00:00.00 | Mem:0.00M, Peak:0.00M | Scene, ViewLayer | Synchronizing object | display_bezel
Fra:1 Mem:17.04M (Peak 17.04M) | Time:00:00.00 | Mem:0.00M, Peak:0.00M | Scene, ViewLayer | Synchronizing object | electronics_tray_1
Fra:1 Mem:17.04M (Peak 17.04M) | Time:00:00.00 | Mem:0.00M, Peak:0.00M | Scene, ViewLayer | Synchronizing object | operating_display
Fra:1 Mem:17.05M (Peak 17.05M) | Time:00:00.00 | Mem:0.00M, Peak:0.00M | Scene, ViewLayer | Synchronizing object | service_panel_0
Fra:1 Mem:17.05M (Peak 17.05M) | Time:00:00.00 | Mem:0.00M, Peak:0.00M | Scene, ViewLayer | Synchronizing object | panel_seam_0
Fra:1 Mem:17.06M (Peak 17.06M) | Time:00:00.00 | Mem:0.00M, Peak:0.00M | Scene, ViewLayer | Synchronizing object | latch_1
Fra:1 Mem:17.05M (Peak 17.06M) | Time:00:00.00 | Mem:0.00M, Peak:0.00M | Scene, ViewLayer | Synchronizing object | latch_0
Fra:1 Mem:17.04M (Peak 17.06M) | Time:00:00.00 | Mem:0.00M, Peak:0.00M | Scene, ViewLayer | Synchronizing object | electronics_pack_0
Fra:1 Mem:17.05M (Peak 17.06M) | Time:00:00.00 | Mem:0.00M, Peak:0.00M | Scene, ViewLayer | Synchronizing object | panel_seam_1
Fra:1 Mem:17.05M (Peak 17.06M) | Time:00:00.00 | Mem:0.00M, Peak:0.00M | Scene, ViewLayer | Synchronizing object | service_panel_1
Fra:1 Mem:17.05M (Peak 17.06M) | Time:00:00.00 | Mem:0.00M, Peak:0.00M | Scene, ViewLayer | Initializing
Fra:1 Mem:15.11M (Peak 17.06M) | Time:00:00.00 | Mem:0.00M, Peak:0.00M | Scene, ViewLayer | Waiting for render to start
Fra:1 Mem:15.11M (Peak 17.06M) | Time:00:00.00 | Mem:0.00M, Peak:0.00M | Scene, ViewLayer | Loading render kernels (may take a few minutes the first time)
Fra:1 Mem:15.11M (Peak 17.06M) | Time:00:00.00 | Mem:0.00M, Peak:0.00M | Scene, ViewLayer | Updating Scene
Fra:1 Mem:15.11M (Peak 17.06M) | Time:00:00.00 | Mem:0.00M, Peak:0.00M | Scene, ViewLayer | Updating Shaders
Fra:1 Mem:15.19M (Peak 17.06M) | Time:00:00.00 | Mem:0.00M, Peak:0.00M | Scene, ViewLayer | Updating Procedurals
Fra:1 Mem:15.19M (Peak 17.06M) | Time:00:00.00 | Mem:0.00M, Peak:0.00M | Scene, ViewLayer | Updating Background
Fra:1 Mem:15.19M (Peak 17.06M) | Time:00:00.00 | Mem:0.00M, Peak:0.00M | Scene, ViewLayer | Updating Camera
Fra:1 Mem:15.19M (Peak 17.06M) | Time:00:00.00 | Mem:0.00M, Peak:0.00M | Scene, ViewLayer | Updating Meshes Flags
Fra:1 Mem:15.19M (Peak 17.06M) | Time:00:00.00 | Mem:0.00M, Peak:0.00M | Scene, ViewLayer | Updating Objects
Fra:1 Mem:15.19M (Peak 17.06M) | Time:00:00.00 | Mem:0.00M, Peak:0.00M | Scene, ViewLayer | Updating Objects | Copying Transformations to device
Fra:1 Mem:15.20M (Peak 17.06M) | Time:00:00.00 | Mem:0.01M, Peak:0.01M | Scene, ViewLayer | Updating Objects | Applying Static Transformations
Fra:1 Mem:15.20M (Peak 17.06M) | Time:00:00.00 | Mem:0.01M, Peak:0.01M | Scene, ViewLayer | Updating Particle Systems
Fra:1 Mem:15.20M (Peak 17.06M) | Time:00:00.00 | Mem:0.01M, Peak:0.01M | Scene, ViewLayer | Updating Particle Systems | Copying Particles to device
Fra:1 Mem:15.20M (Peak 17.06M) | Time:00:00.00 | Mem:0.01M, Peak:0.01M | Scene, ViewLayer | Updating Meshes
Fra:1 Mem:15.26M (Peak 17.06M) | Time:00:00.00 | Mem:0.01M, Peak:0.01M | Scene, ViewLayer | Updating Mesh | Computing attributes
Fra:1 Mem:15.32M (Peak 17.06M) | Time:00:00.00 | Mem:0.01M, Peak:0.01M | Scene, ViewLayer | Updating Mesh | Copying Attributes to device
Fra:1 Mem:15.32M (Peak 17.06M) | Time:00:00.00 | Mem:0.06M, Peak:0.06M | Scene, ViewLayer | Updating Scene BVH | Building
Fra:1 Mem:15.32M (Peak 17.06M) | Time:00:00.00 | Mem:0.06M, Peak:0.06M | Scene, ViewLayer | Updating Scene BVH | Building BVH
Fra:1 Mem:15.32M (Peak 17.06M) | Time:00:00.00 | Mem:0.19M, Peak:0.19M | Scene, ViewLayer | Updating Scene BVH | Building BVH 0%
Fra:1 Mem:15.32M (Peak 17.06M) | Time:00:00.00 | Mem:0.35M, Peak:0.47M | Scene, ViewLayer | Updating Scene BVH | Copying BVH to device
Fra:1 Mem:15.32M (Peak 17.06M) | Time:00:00.00 | Mem:0.35M, Peak:0.47M | Scene, ViewLayer | Updating Mesh | Computing normals
Fra:1 Mem:15.54M (Peak 17.06M) | Time:00:00.00 | Mem:0.35M, Peak:0.47M | Scene, ViewLayer | Updating Mesh | Copying Mesh to device
Fra:1 Mem:15.54M (Peak 17.06M) | Time:00:00.00 | Mem:0.57M, Peak:0.57M | Scene, ViewLayer | Updating Objects Flags
Fra:1 Mem:15.54M (Peak 17.06M) | Time:00:00.00 | Mem:0.57M, Peak:0.57M | Scene, ViewLayer | Updating Primitive Offsets
Fra:1 Mem:15.54M (Peak 17.06M) | Time:00:00.00 | Mem:0.57M, Peak:0.57M | Scene, ViewLayer | Updating Images
Fra:1 Mem:15.54M (Peak 17.06M) | Time:00:00.00 | Mem:0.57M, Peak:0.57M | Scene, ViewLayer | Updating Camera Volume
Fra:1 Mem:15.54M (Peak 17.06M) | Time:00:00.00 | Mem:0.57M, Peak:0.57M | Scene, ViewLayer | Updating Lookup Tables
Fra:1 Mem:15.54M (Peak 17.06M) | Time:00:00.00 | Mem:0.65M, Peak:0.65M | Scene, ViewLayer | Updating Lights
Fra:1 Mem:15.54M (Peak 17.06M) | Time:00:00.00 | Mem:0.65M, Peak:0.65M | Scene, ViewLayer | Updating Lights | Computing distribution
Fra:1 Mem:15.54M (Peak 17.06M) | Time:00:00.00 | Mem:0.65M, Peak:0.65M | Scene, ViewLayer | Updating Lights | Computing tree
Fra:1 Mem:16.27M (Peak 17.06M) | Time:00:00.02 | Mem:1.38M, Peak:1.38M | Scene, ViewLayer | Updating Integrator
Fra:1 Mem:17.27M (Peak 17.27M) | Time:00:00.02 | Mem:2.38M, Peak:2.38M | Scene, ViewLayer | Updating Film
Fra:1 Mem:17.27M (Peak 17.27M) | Time:00:00.02 | Mem:2.30M, Peak:2.38M | Scene, ViewLayer | Updating Lookup Tables
Fra:1 Mem:17.27M (Peak 17.27M) | Time:00:00.02 | Mem:2.38M, Peak:2.38M | Scene, ViewLayer | Updating Baking
Fra:1 Mem:17.27M (Peak 17.27M) | Time:00:00.02 | Mem:2.38M, Peak:2.38M | Scene, ViewLayer | Updating Device | Writing constant memory
Fra:1 Mem:17.27M (Peak 17.27M) | Time:00:00.02 | Mem:2.38M, Peak:2.38M | Scene, ViewLayer | Sample 0/16
Fra:1 Mem:50.26M (Peak 50.26M) | Time:00:00.21 | Remaining:00:02.85 | Mem:35.34M, Peak:35.34M | Scene, ViewLayer | Sample 1/16
Fra:1 Mem:64.91M (Peak 94.21M) | Time:00:02.31 | Mem:35.34M, Peak:35.34M | Scene, ViewLayer | Sample 16/16
Fra:1 Mem:64.91M (Peak 94.21M) | Time:00:02.31 | Mem:35.34M, Peak:35.34M | Scene, ViewLayer | Finished
Saved: '/tmp/passenger-monitor-clean-jhrfe9xw/tools/assets/passenger-vault/monitoring/south-closed.png'
Time: 00:02.40 (Saving: 00:00.08)

Fra:1 Mem:16.39M (Peak 16.39M) | Time:00:00.00 | Mem:0.00M, Peak:0.00M | Scene, ViewLayer | Synchronizing object | source_label
Fra:1 Mem:16.67M (Peak 16.67M) | Time:00:00.00 | Mem:0.00M, Peak:0.00M | Scene, ViewLayer | Synchronizing object | deck_plinth
Fra:1 Mem:16.68M (Peak 16.68M) | Time:00:00.00 | Mem:0.00M, Peak:0.00M | Scene, ViewLayer | Synchronizing object | central_bulkhead
Fra:1 Mem:16.69M (Peak 16.69M) | Time:00:00.00 | Mem:0.00M, Peak:0.00M | Scene, ViewLayer | Synchronizing object | rear_service_cover
Fra:1 Mem:16.69M (Peak 16.69M) | Time:00:00.00 | Mem:0.00M, Peak:0.00M | Scene, ViewLayer | Synchronizing object | electronics_pack_1
Fra:1 Mem:16.69M (Peak 16.70M) | Time:00:00.00 | Mem:0.00M, Peak:0.00M | Scene, ViewLayer | Synchronizing object | instrument_cheek_north
Fra:1 Mem:16.71M (Peak 16.71M) | Time:00:00.00 | Mem:0.00M, Peak:0.00M | Scene, ViewLayer | Synchronizing object | instrument_cheek_south
Fra:1 Mem:16.70M (Peak 16.71M) | Time:00:00.00 | Mem:0.00M, Peak:0.00M | Scene, ViewLayer | Synchronizing object | electronics_tray_0
Fra:1 Mem:16.70M (Peak 16.71M) | Time:00:00.00 | Mem:0.00M, Peak:0.00M | Scene, ViewLayer | Synchronizing object | electronics_pack_0
Fra:1 Mem:16.70M (Peak 16.71M) | Time:00:00.00 | Mem:0.00M, Peak:0.00M | Scene, ViewLayer | Synchronizing object | panel_seam_1
Fra:1 Mem:16.72M (Peak 16.72M) | Time:00:00.00 | Mem:0.00M, Peak:0.00M | Scene, ViewLayer | Synchronizing object | latch_1
Fra:1 Mem:16.70M (Peak 16.72M) | Time:00:00.00 | Mem:0.00M, Peak:0.00M | Scene, ViewLayer | Initializing
Fra:1 Mem:15.06M (Peak 16.72M) | Time:00:00.00 | Mem:0.00M, Peak:0.00M | Scene, ViewLayer | Waiting for render to start
Fra:1 Mem:15.06M (Peak 16.72M) | Time:00:00.00 | Mem:0.00M, Peak:0.00M | Scene, ViewLayer | Loading render kernels (may take a few minutes the first time)
Fra:1 Mem:15.06M (Peak 16.72M) | Time:00:00.00 | Mem:0.00M, Peak:0.00M | Scene, ViewLayer | Updating Scene
Fra:1 Mem:15.06M (Peak 16.72M) | Time:00:00.00 | Mem:0.00M, Peak:0.00M | Scene, ViewLayer | Updating Shaders
Fra:1 Mem:15.15M (Peak 16.72M) | Time:00:00.00 | Mem:0.00M, Peak:0.00M | Scene, ViewLayer | Updating Procedurals
Fra:1 Mem:15.15M (Peak 16.72M) | Time:00:00.00 | Mem:0.00M, Peak:0.00M | Scene, ViewLayer | Updating Background
Fra:1 Mem:15.15M (Peak 16.72M) | Time:00:00.00 | Mem:0.00M, Peak:0.00M | Scene, ViewLayer | Updating Camera
Fra:1 Mem:15.15M (Peak 16.72M) | Time:00:00.00 | Mem:0.00M, Peak:0.00M | Scene, ViewLayer | Updating Meshes Flags
Fra:1 Mem:15.15M (Peak 16.72M) | Time:00:00.00 | Mem:0.00M, Peak:0.00M | Scene, ViewLayer | Updating Objects
Fra:1 Mem:15.15M (Peak 16.72M) | Time:00:00.00 | Mem:0.00M, Peak:0.00M | Scene, ViewLayer | Updating Objects | Copying Transformations to device
Fra:1 Mem:15.15M (Peak 16.72M) | Time:00:00.00 | Mem:0.01M, Peak:0.01M | Scene, ViewLayer | Updating Objects | Applying Static Transformations
Fra:1 Mem:15.15M (Peak 16.72M) | Time:00:00.00 | Mem:0.01M, Peak:0.01M | Scene, ViewLayer | Updating Particle Systems
Fra:1 Mem:15.15M (Peak 16.72M) | Time:00:00.00 | Mem:0.01M, Peak:0.01M | Scene, ViewLayer | Updating Particle Systems | Copying Particles to device
Fra:1 Mem:15.15M (Peak 16.72M) | Time:00:00.00 | Mem:0.01M, Peak:0.01M | Scene, ViewLayer | Updating Meshes
Fra:1 Mem:15.21M (Peak 16.72M) | Time:00:00.00 | Mem:0.01M, Peak:0.01M | Scene, ViewLayer | Updating Mesh | Computing attributes
Fra:1 Mem:15.26M (Peak 16.72M) | Time:00:00.00 | Mem:0.01M, Peak:0.01M | Scene, ViewLayer | Updating Mesh | Copying Attributes to device
Fra:1 Mem:15.26M (Peak 16.72M) | Time:00:00.00 | Mem:0.06M, Peak:0.06M | Scene, ViewLayer | Updating Scene BVH | Building
Fra:1 Mem:15.26M (Peak 16.72M) | Time:00:00.00 | Mem:0.06M, Peak:0.06M | Scene, ViewLayer | Updating Scene BVH | Building BVH
Fra:1 Mem:15.26M (Peak 16.72M) | Time:00:00.00 | Mem:0.17M, Peak:0.17M | Scene, ViewLayer | Updating Scene BVH | Building BVH 0%
Fra:1 Mem:15.26M (Peak 16.72M) | Time:00:00.00 | Mem:0.30M, Peak:0.42M | Scene, ViewLayer | Updating Scene BVH | Copying BVH to device
Fra:1 Mem:15.26M (Peak 16.72M) | Time:00:00.00 | Mem:0.30M, Peak:0.42M | Scene, ViewLayer | Updating Mesh | Computing normals
Fra:1 Mem:15.46M (Peak 16.72M) | Time:00:00.00 | Mem:0.30M, Peak:0.42M | Scene, ViewLayer | Updating Mesh | Copying Mesh to device
Fra:1 Mem:15.46M (Peak 16.72M) | Time:00:00.00 | Mem:0.50M, Peak:0.50M | Scene, ViewLayer | Updating Objects Flags
Fra:1 Mem:15.46M (Peak 16.72M) | Time:00:00.00 | Mem:0.50M, Peak:0.50M | Scene, ViewLayer | Updating Primitive Offsets
Fra:1 Mem:15.46M (Peak 16.72M) | Time:00:00.00 | Mem:0.50M, Peak:0.50M | Scene, ViewLayer | Updating Images
Fra:1 Mem:15.46M (Peak 16.72M) | Time:00:00.00 | Mem:0.50M, Peak:0.50M | Scene, ViewLayer | Updating Camera Volume
Fra:1 Mem:15.46M (Peak 16.72M) | Time:00:00.00 | Mem:0.50M, Peak:0.50M | Scene, ViewLayer | Updating Lookup Tables
Fra:1 Mem:15.46M (Peak 16.72M) | Time:00:00.00 | Mem:0.58M, Peak:0.58M | Scene, ViewLayer | Updating Lights
Fra:1 Mem:15.46M (Peak 16.72M) | Time:00:00.00 | Mem:0.59M, Peak:0.59M | Scene, ViewLayer | Updating Lights | Computing distribution
Fra:1 Mem:15.46M (Peak 16.72M) | Time:00:00.00 | Mem:0.59M, Peak:0.59M | Scene, ViewLayer | Updating Lights | Computing tree
Fra:1 Mem:16.14M (Peak 16.72M) | Time:00:00.02 | Mem:1.27M, Peak:1.27M | Scene, ViewLayer | Updating Integrator
Fra:1 Mem:17.14M (Peak 17.14M) | Time:00:00.02 | Mem:2.27M, Peak:2.27M | Scene, ViewLayer | Updating Film
Fra:1 Mem:17.14M (Peak 17.14M) | Time:00:00.02 | Mem:2.18M, Peak:2.27M | Scene, ViewLayer | Updating Lookup Tables
Fra:1 Mem:17.14M (Peak 17.14M) | Time:00:00.02 | Mem:2.27M, Peak:2.27M | Scene, ViewLayer | Updating Baking
Fra:1 Mem:17.14M (Peak 17.14M) | Time:00:00.02 | Mem:2.27M, Peak:2.27M | Scene, ViewLayer | Updating Device | Writing constant memory
Fra:1 Mem:17.14M (Peak 17.14M) | Time:00:00.02 | Mem:2.27M, Peak:2.27M | Scene, ViewLayer | Sample 0/16
Fra:1 Mem:50.13M (Peak 50.13M) | Time:00:00.24 | Remaining:00:03.26 | Mem:35.23M, Peak:35.23M | Scene, ViewLayer | Sample 1/16
Fra:1 Mem:64.78M (Peak 94.08M) | Time:00:02.72 | Mem:35.23M, Peak:35.23M | Scene, ViewLayer | Sample 16/16
Fra:1 Mem:64.78M (Peak 94.08M) | Time:00:02.72 | Mem:35.23M, Peak:35.23M | Scene, ViewLayer | Finished
Saved: '/tmp/passenger-monitor-clean-jhrfe9xw/tools/assets/passenger-vault/monitoring/south-cutaway.png'
Time: 00:02.81 (Saving: 00:00.08)

Fra:1 Mem:64.88M (Peak 64.88M) | Time:00:00.03 | Mem:0.00M, Peak:0.00M | Scene, ViewLayer | Synchronizing object | A_carrier_continuous_deck_plinth
Fra:1 Mem:64.88M (Peak 64.88M) | Time:00:00.03 | Mem:0.00M, Peak:0.00M | Scene, ViewLayer | Synchronizing object | A_carrier_rear_service_panel_1
Fra:1 Mem:64.89M (Peak 64.89M) | Time:00:00.03 | Mem:0.00M, Peak:0.00M | Scene, ViewLayer | Synchronizing object | A_carrier_rear_service_panel_2
Fra:1 Mem:65.03M (Peak 65.03M) | Time:00:00.03 | Mem:0.00M, Peak:0.00M | Scene, ViewLayer | Synchronizing object | A_carrier_rear_service_panel_3
Fra:1 Mem:65.18M (Peak 65.18M) | Time:00:00.03 | Mem:0.00M, Peak:0.00M | Scene, ViewLayer | Synchronizing object | A_carrier_sealed_infill_0
Fra:1 Mem:65.20M (Peak 65.20M) | Time:00:00.03 | Mem:0.00M, Peak:0.00M | Scene, ViewLayer | Synchronizing object | A_carrier_sealed_infill_1
Fra:1 Mem:65.16M (Peak 65.20M) | Time:00:00.03 | Mem:0.00M, Peak:0.00M | Scene, ViewLayer | Synchronizing object | A_carrier_sealed_infill_2
Fra:1 Mem:65.12M (Peak 65.20M) | Time:00:00.03 | Mem:0.00M, Peak:0.00M | Scene, ViewLayer | Synchronizing object | A_carrier_sealed_infill_3
Fra:1 Mem:65.10M (Peak 65.20M) | Time:00:00.03 | Mem:0.00M, Peak:0.00M | Scene, ViewLayer | Synchronizing object | A_carrier_sealed_infill_4
Fra:1 Mem:65.07M (Peak 65.20M) | Time:00:00.03 | Mem:0.00M, Peak:0.00M | Scene, ViewLayer | Synchronizing object | A_carrier_supply_return_1_-0.25
Fra:1 Mem:65.09M (Peak 65.20M) | Time:00:00.03 | Mem:0.00M, Peak:0.00M | Scene, ViewLayer | Synchronizing object | A_carrier_supply_return_1_0.25
Fra:1 Mem:65.10M (Peak 65.20M) | Time:00:00.03 | Mem:0.00M, Peak:0.00M | Scene, ViewLayer | Synchronizing object | A_carrier_supply_return_2_-0.25
Fra:1 Mem:65.13M (Peak 65.20M) | Time:00:00.03 | Mem:0.00M, Peak:0.00M | Scene, ViewLayer | Synchronizing object | A_carrier_supply_return_2_0.25
Fra:1 Mem:65.20M (Peak 65.20M) | Time:00:00.03 | Mem:0.00M, Peak:0.00M | Scene, ViewLayer | Synchronizing object | A_carrier_supply_return_3_-0.25
Fra:1 Mem:65.19M (Peak 65.20M) | Time:00:00.03 | Mem:0.00M, Peak:0.00M | Scene, ViewLayer | Synchronizing object | A_carrier_supply_return_3_0.25
Fra:1 Mem:65.16M (Peak 65.20M) | Time:00:00.03 | Mem:0.00M, Peak:0.00M | Scene, ViewLayer | Synchronizing object | A_carrier_working_toe_face
Fra:1 Mem:65.18M (Peak 65.20M) | Time:00:00.03 | Mem:0.00M, Peak:0.00M | Scene, ViewLayer | Synchronizing object | A1_chamber_cavity_wall
Fra:1 Mem:65.22M (Peak 65.22M) | Time:00:00.03 | Mem:0.00M, Peak:0.00M | Scene, ViewLayer | Synchronizing object | A1_chamber_closed_domed_lid
Fra:1 Mem:65.26M (Peak 65.26M) | Time:00:00.03 | Mem:0.00M, Peak:0.00M | Scene, ViewLayer | Synchronizing object | A1_chamber_cradle_-0.85
Fra:1 Mem:65.28M (Peak 65.28M) | Time:00:00.03 | Mem:0.00M, Peak:0.00M | Scene, ViewLayer | Synchronizing object | A1_chamber_cradle_0.85
Fra:1 Mem:65.39M (Peak 65.39M) | Time:00:00.03 | Mem:0.00M, Peak:0.00M | Scene, ViewLayer | Synchronizing object | A1_chamber_inset_gasket
Fra:1 Mem:65.46M (Peak 65.46M) | Time:00:00.03 | Mem:0.00M, Peak:0.00M | Scene, ViewLayer | Synchronizing object | A1_chamber_internal_bed
Fra:1 Mem:65.70M (Peak 65.70M) | Time:00:00.03 | Mem:0.00M, Peak:0.00M | Scene, ViewLayer | Synchronizing object | A1_chamber_lid_status_recess
Fra:1 Mem:65.69M (Peak 65.70M) | Time:00:00.03 | Mem:0.00M, Peak:0.00M | Scene, ViewLayer | Synchronizing object | A1_chamber_lower_pan
Fra:1 Mem:65.63M (Peak 65.70M) | Time:00:00.03 | Mem:0.00M, Peak:0.00M | Scene, ViewLayer | Synchronizing object | A1_chamber_rear_union_-0.25
Fra:1 Mem:65.63M (Peak 65.70M) | Time:00:00.03 | Mem:0.00M, Peak:0.00M | Scene, ViewLayer | Synchronizing object | A1_chamber_rear_union_0.25
Fra:1 Mem:65.61M (Peak 65.70M) | Time:00:00.03 | Mem:0.00M, Peak:0.00M | Scene, ViewLayer | Synchronizing object | A1_chamber_seal_clamp_-0.59_-0.72
Fra:1 Mem:65.60M (Peak 65.70M) | Time:00:00.03 | Mem:0.00M, Peak:0.00M | Scene, ViewLayer | Synchronizing object | A1_chamber_seal_clamp_-0.59_0.72
Fra:1 Mem:65.63M (Peak 65.70M) | Time:00:00.03 | Mem:0.00M, Peak:0.00M | Scene, ViewLayer | Synchronizing object | A1_chamber_seal_clamp_0.59_-0.72
Fra:1 Mem:65.67M (Peak 65.70M) | Time:00:00.03 | Mem:0.00M, Peak:0.00M | Scene, ViewLayer | Synchronizing object | A1_chamber_seal_clamp_0.59_0.72
Fra:1 Mem:65.68M (Peak 65.70M) | Time:00:00.03 | Mem:0.00M, Peak:0.00M | Scene, ViewLayer | Synchronizing object | A1_chamber_upward_live_relief_0
Fra:1 Mem:65.86M (Peak 65.86M) | Time:00:00.03 | Mem:0.00M, Peak:0.00M | Scene, ViewLayer | Synchronizing object | A1_chamber_upward_live_relief_1
Fra:1 Mem:65.80M (Peak 65.86M) | Time:00:00.03 | Mem:0.00M, Peak:0.00M | Scene, ViewLayer | Synchronizing object | A1_chamber_upward_live_relief_2
Fra:1 Mem:65.75M (Peak 65.86M) | Time:00:00.03 | Mem:0.00M, Peak:0.00M | Scene, ViewLayer | Synchronizing object | A1_chamber_upward_live_relief_3
Fra:1 Mem:65.73M (Peak 65.86M) | Time:00:00.03 | Mem:0.00M, Peak:0.00M | Scene, ViewLayer | Synchronizing object | A1_chamber_upward_live_relief_4
Fra:1 Mem:65.72M (Peak 65.86M) | Time:00:00.03 | Mem:0.00M, Peak:0.00M | Scene, ViewLayer | Synchronizing object | A1_chamber_upward_live_relief_5
Fra:1 Mem:65.74M (Peak 65.86M) | Time:00:00.03 | Mem:0.00M, Peak:0.00M | Scene, ViewLayer | Synchronizing object | A1_chamber_working_face_live_relief_1
Fra:1 Mem:65.81M (Peak 65.86M) | Time:00:00.03 | Mem:0.00M, Peak:0.00M | Scene, ViewLayer | Synchronizing object | A1_chamber_working_face_live_relief_2
Fra:1 Mem:65.78M (Peak 65.86M) | Time:00:00.03 | Mem:0.00M, Peak:0.00M | Scene, ViewLayer | Synchronizing object | A1_chamber_working_face_live_relief_3
Fra:1 Mem:65.78M (Peak 65.86M) | Time:00:00.03 | Mem:0.00M, Peak:0.00M | Scene, ViewLayer | Synchronizing object | A1_chamber_working_face_status_recess
Fra:1 Mem:65.89M (Peak 65.89M) | Time:00:00.03 | Mem:0.00M, Peak:0.00M | Scene, ViewLayer | Synchronizing object | SOURCE_deck
Fra:1 Mem:65.89M (Peak 65.89M) | Time:00:00.03 | Mem:0.00M, Peak:0.00M | Scene, ViewLayer | Synchronizing object | SOURCE_wall.001
Fra:1 Mem:65.90M (Peak 65.90M) | Time:00:00.03 | Mem:0.00M, Peak:0.00M | Scene, ViewLayer | Synchronizing object | SOURCE_east_wall
Fra:1 Mem:65.90M (Peak 65.90M) | Time:00:00.03 | Mem:0.00M, Peak:0.00M | Scene, ViewLayer | Synchronizing object | source_label
Fra:1 Mem:66.21M (Peak 66.21M) | Time:00:00.04 | Mem:0.00M, Peak:0.00M | Scene, ViewLayer | Synchronizing object | deck_plinth
Fra:1 Mem:66.21M (Peak 66.21M) | Time:00:00.04 | Mem:0.00M, Peak:0.00M | Scene, ViewLayer | Synchronizing object | roof
Fra:1 Mem:66.22M (Peak 66.22M) | Time:00:00.04 | Mem:0.00M, Peak:0.00M | Scene, ViewLayer | Synchronizing object | end_-9.335
Fra:1 Mem:66.23M (Peak 66.23M) | Time:00:00.04 | Mem:0.00M, Peak:0.00M | Scene, ViewLayer | Synchronizing object | end_9.335
Fra:1 Mem:66.24M (Peak 66.24M) | Time:00:00.04 | Mem:0.00M, Peak:0.00M | Scene, ViewLayer | Synchronizing object | header_0.32
Fra:1 Mem:66.24M (Peak 66.24M) | Time:00:00.04 | Mem:0.00M, Peak:0.00M | Scene, ViewLayer | Synchronizing object | header_0.56
Fra:1 Mem:66.24M (Peak 66.24M) | Time:00:00.04 | Mem:0.00M, Peak:0.00M | Scene, ViewLayer | Synchronizing object | gasket_0_-1.51
Fra:1 Mem:66.24M (Peak 66.24M) | Time:00:00.04 | Mem:0.00M, Peak:0.00M | Scene, ViewLayer | Synchronizing object | gasket_0_1.51
Fra:1 Mem:66.28M (Peak 66.28M) | Time:00:00.04 | Mem:0.00M, Peak:0.00M | Scene, ViewLayer | Synchronizing object | latch_0_-1.25_0.23
Fra:1 Mem:66.28M (Peak 66.28M) | Time:00:00.04 | Mem:0.00M, Peak:0.00M | Scene, ViewLayer | Synchronizing object | latch_0_-1.25_1.34
Fra:1 Mem:66.30M (Peak 66.30M) | Time:00:00.04 | Mem:0.00M, Peak:0.00M | Scene, ViewLayer | Synchronizing object | latch_0_1.25_0.23
Fra:1 Mem:66.32M (Peak 66.32M) | Time:00:00.04 | Mem:0.00M, Peak:0.00M | Scene, ViewLayer | Synchronizing object | latch_0_1.25_1.34
Fra:1 Mem:66.35M (Peak 66.35M) | Time:00:00.04 | Mem:0.00M, Peak:0.00M | Scene, ViewLayer | Synchronizing object | handle_0
Fra:1 Mem:66.35M (Peak 66.35M) | Time:00:00.04 | Mem:0.00M, Peak:0.00M | Scene, ViewLayer | Synchronizing object | skid_0
Fra:1 Mem:66.34M (Peak 66.35M) | Time:00:00.04 | Mem:0.00M, Peak:0.00M | Scene, ViewLayer | Synchronizing object | pump_foot_0
Fra:1 Mem:66.31M (Peak 66.35M) | Time:00:00.04 | Mem:0.00M, Peak:0.00M | Scene, ViewLayer | Synchronizing object | motor_0
Fra:1 Mem:66.31M (Peak 66.35M) | Time:00:00.04 | Mem:0.00M, Peak:0.00M | Scene, ViewLayer | Synchronizing object | inlet_drop_0
Fra:1 Mem:66.33M (Peak 66.35M) | Time:00:00.04 | Mem:0.00M, Peak:0.00M | Scene, ViewLayer | Synchronizing object | inlet_branch_0
Fra:1 Mem:66.41M (Peak 66.41M) | Time:00:00.04 | Mem:0.00M, Peak:0.00M | Scene, ViewLayer | Synchronizing object | outlet_rise_0
Fra:1 Mem:66.41M (Peak 66.41M) | Time:00:00.04 | Mem:0.00M, Peak:0.00M | Scene, ViewLayer | Synchronizing object | outlet_branch_0
Fra:1 Mem:66.40M (Peak 66.41M) | Time:00:00.04 | Mem:0.00M, Peak:0.00M | Scene, ViewLayer | Synchronizing object | gasket_1_-1.51
Fra:1 Mem:66.43M (Peak 66.43M) | Time:00:00.04 | Mem:0.00M, Peak:0.00M | Scene, ViewLayer | Synchronizing object | gasket_1_1.51
Fra:1 Mem:66.41M (Peak 66.43M) | Time:00:00.04 | Mem:0.00M, Peak:0.00M | Scene, ViewLayer | Synchronizing object | latch_1_-1.25_0.23
Fra:1 Mem:66.44M (Peak 66.44M) | Time:00:00.04 | Mem:0.00M, Peak:0.00M | Scene, ViewLayer | Synchronizing object | latch_1_-1.25_1.34
Fra:1 Mem:66.44M (Peak 66.44M) | Time:00:00.04 | Mem:0.00M, Peak:0.00M | Scene, ViewLayer | Synchronizing object | latch_1_1.25_0.23
Fra:1 Mem:66.45M (Peak 66.45M) | Time:00:00.04 | Mem:0.00M, Peak:0.00M | Scene, ViewLayer | Synchronizing object | latch_1_1.25_1.34
Fra:1 Mem:66.48M (Peak 66.48M) | Time:00:00.04 | Mem:0.00M, Peak:0.00M | Scene, ViewLayer | Synchronizing object | handle_1
Fra:1 Mem:66.48M (Peak 66.48M) | Time:00:00.04 | Mem:0.00M, Peak:0.00M | Scene, ViewLayer | Synchronizing object | skid_1
Fra:1 Mem:66.49M (Peak 66.49M) | Time:00:00.04 | Mem:0.00M, Peak:0.00M | Scene, ViewLayer | Synchronizing object | exchanger_plate_1_0
Fra:1 Mem:66.49M (Peak 66.49M) | Time:00:00.04 | Mem:0.00M, Peak:0.00M | Scene, ViewLayer | Synchronizing object | exchanger_plate_1_1
Fra:1 Mem:66.49M (Peak 66.49M) | Time:00:00.04 | Mem:0.00M, Peak:0.00M | Scene, ViewLayer | Synchronizing object | exchanger_plate_1_2
Fra:1 Mem:66.47M (Peak 66.49M) | Time:00:00.04 | Mem:0.00M, Peak:0.00M | Scene, ViewLayer | Synchronizing object | exchanger_plate_1_4
Fra:1 Mem:66.46M (Peak 66.49M) | Time:00:00.04 | Mem:0.00M, Peak:0.00M | Scene, ViewLayer | Synchronizing object | exchanger_plate_1_5
Fra:1 Mem:66.47M (Peak 66.49M) | Time:00:00.04 | Mem:0.00M, Peak:0.00M | Scene, ViewLayer | Synchronizing object | exchanger_plate_1_6
Fra:1 Mem:66.46M (Peak 66.49M) | Time:00:00.04 | Mem:0.00M, Peak:0.00M | Scene, ViewLayer | Synchronizing object | exchanger_plate_1_7
Fra:1 Mem:66.47M (Peak 66.49M) | Time:00:00.04 | Mem:0.00M, Peak:0.00M | Scene, ViewLayer | Synchronizing object | exchanger_plate_1_9
Fra:1 Mem:66.47M (Peak 66.49M) | Time:00:00.04 | Mem:0.00M, Peak:0.00M | Scene, ViewLayer | Synchronizing object | exchanger_plate_1_10
Fra:1 Mem:66.47M (Peak 66.49M) | Time:00:00.04 | Mem:0.00M, Peak:0.00M | Scene, ViewLayer | Synchronizing object | exchanger_frame_1_-0.51
Fra:1 Mem:66.50M (Peak 66.50M) | Time:00:00.04 | Mem:0.00M, Peak:0.00M | Scene, ViewLayer | Synchronizing object | exchanger_frame_1_0.43
Fra:1 Mem:66.50M (Peak 66.50M) | Time:00:00.04 | Mem:0.00M, Peak:0.00M | Scene, ViewLayer | Synchronizing object | tie_rod_1_-0.5_0.26
Fra:1 Mem:66.49M (Peak 66.50M) | Time:00:00.04 | Mem:0.00M, Peak:0.00M | Scene, ViewLayer | Synchronizing object | tie_rod_1_-0.5_1.02
Fra:1 Mem:66.51M (Peak 66.51M) | Time:00:00.04 | Mem:0.00M, Peak:0.00M | Scene, ViewLayer | Synchronizing object | tie_rod_1_0.5_0.26
Fra:1 Mem:66.51M (Peak 66.51M) | Time:00:00.04 | Mem:0.00M, Peak:0.00M | Scene, ViewLayer | Synchronizing object | exchanger_port_1_0.32
Fra:1 Mem:66.59M (Peak 66.59M) | Time:00:00.04 | Mem:0.00M, Peak:0.00M | Scene, ViewLayer | Synchronizing object | exchanger_port_1_0.56
Fra:1 Mem:66.60M (Peak 66.60M) | Time:00:00.04 | Mem:0.00M, Peak:0.00M | Scene, ViewLayer | Synchronizing object | panel_2
Fra:1 Mem:66.60M (Peak 66.60M) | Time:00:00.04 | Mem:0.00M, Peak:0.00M | Scene, ViewLayer | Synchronizing object | gasket_2_-1.51
Fra:1 Mem:66.60M (Peak 66.60M) | Time:00:00.04 | Mem:0.00M, Peak:0.00M | Scene, ViewLayer | Synchronizing object | gasket_2_1.51
Fra:1 Mem:66.57M (Peak 66.60M) | Time:00:00.04 | Mem:0.00M, Peak:0.00M | Scene, ViewLayer | Synchronizing object | latch_2_-1.25_0.23
Fra:1 Mem:66.56M (Peak 66.60M) | Time:00:00.04 | Mem:0.00M, Peak:0.00M | Scene, ViewLayer | Synchronizing object | latch_2_1.25_1.34
Fra:1 Mem:66.57M (Peak 66.60M) | Time:00:00.04 | Mem:0.00M, Peak:0.00M | Scene, ViewLayer | Synchronizing object | handle_2
Fra:1 Mem:66.64M (Peak 66.64M) | Time:00:00.04 | Mem:0.00M, Peak:0.00M | Scene, ViewLayer | Synchronizing object | skid_2
Fra:1 Mem:66.66M (Peak 66.66M) | Time:00:00.04 | Mem:0.00M, Peak:0.00M | Scene, ViewLayer | Synchronizing object | pump_foot_2
Fra:1 Mem:66.62M (Peak 66.66M) | Time:00:00.04 | Mem:0.00M, Peak:0.00M | Scene, ViewLayer | Synchronizing object | motor_2
Fra:1 Mem:66.63M (Peak 66.66M) | Time:00:00.04 | Mem:0.00M, Peak:0.00M | Scene, ViewLayer | Synchronizing object | pump_volute_2
Fra:1 Mem:66.62M (Peak 66.66M) | Time:00:00.04 | Mem:0.00M, Peak:0.00M | Scene, ViewLayer | Synchronizing object | inlet_branch_2
Fra:1 Mem:66.72M (Peak 66.72M) | Time:00:00.04 | Mem:0.00M, Peak:0.00M | Scene, ViewLayer | Synchronizing object | outlet_rise_2
Fra:1 Mem:66.71M (Peak 66.72M) | Time:00:00.04 | Mem:0.00M, Peak:0.00M | Scene, ViewLayer | Synchronizing object | outlet_branch_2
Fra:1 Mem:66.67M (Peak 66.72M) | Time:00:00.04 | Mem:0.00M, Peak:0.00M | Scene, ViewLayer | Synchronizing object | panel_3
Fra:1 Mem:66.70M (Peak 66.72M) | Time:00:00.04 | Mem:0.00M, Peak:0.00M | Scene, ViewLayer | Synchronizing object | gasket_3_1.51
Fra:1 Mem:66.72M (Peak 66.72M) | Time:00:00.04 | Mem:0.00M, Peak:0.00M | Scene, ViewLayer | Synchronizing object | latch_3_-1.25_0.23
Fra:1 Mem:66.74M (Peak 66.74M) | Time:00:00.04 | Mem:0.00M, Peak:0.00M | Scene, ViewLayer | Synchronizing object | latch_3_-1.25_1.34
Fra:1 Mem:66.73M (Peak 66.74M) | Time:00:00.04 | Mem:0.00M, Peak:0.00M | Scene, ViewLayer | Synchronizing object | latch_3_1.25_0.23
Fra:1 Mem:66.73M (Peak 66.74M) | Time:00:00.04 | Mem:0.00M, Peak:0.00M | Scene, ViewLayer | Synchronizing object | latch_3_1.25_1.34
Fra:1 Mem:66.77M (Peak 66.77M) | Time:00:00.04 | Mem:0.00M, Peak:0.00M | Scene, ViewLayer | Synchronizing object | handle_3
Fra:1 Mem:66.74M (Peak 66.77M) | Time:00:00.04 | Mem:0.00M, Peak:0.00M | Scene, ViewLayer | Synchronizing object | skid_3
Fra:1 Mem:66.75M (Peak 66.77M) | Time:00:00.04 | Mem:0.00M, Peak:0.00M | Scene, ViewLayer | Synchronizing object | exchanger_plate_3_0
Fra:1 Mem:66.74M (Peak 66.77M) | Time:00:00.04 | Mem:0.00M, Peak:0.00M | Scene, ViewLayer | Synchronizing object | exchanger_plate_3_2
Fra:1 Mem:66.73M (Peak 66.77M) | Time:00:00.04 | Mem:0.00M, Peak:0.00M | Scene, ViewLayer | Synchronizing object | exchanger_plate_3_5
Fra:1 Mem:66.76M (Peak 66.77M) | Time:00:00.04 | Mem:0.00M, Peak:0.00M | Scene, ViewLayer | Synchronizing object | exchanger_plate_3_6
Fra:1 Mem:66.76M (Peak 66.77M) | Time:00:00.04 | Mem:0.00M, Peak:0.00M | Scene, ViewLayer | Synchronizing object | exchanger_plate_3_8
Fra:1 Mem:66.76M (Peak 66.77M) | Time:00:00.04 | Mem:0.00M, Peak:0.00M | Scene, ViewLayer | Synchronizing object | exchanger_plate_3_9
Fra:1 Mem:66.78M (Peak 66.78M) | Time:00:00.04 | Mem:0.00M, Peak:0.00M | Scene, ViewLayer | Synchronizing object | exchanger_plate_3_10
Fra:1 Mem:66.77M (Peak 66.78M) | Time:00:00.04 | Mem:0.00M, Peak:0.00M | Scene, ViewLayer | Synchronizing object | exchanger_frame_3_-0.51
Fra:1 Mem:66.77M (Peak 66.78M) | Time:00:00.04 | Mem:0.00M, Peak:0.00M | Scene, ViewLayer | Synchronizing object | tie_rod_3_-0.5_0.26
Fra:1 Mem:66.79M (Peak 66.79M) | Time:00:00.04 | Mem:0.00M, Peak:0.00M | Scene, ViewLayer | Synchronizing object | tie_rod_3_-0.5_1.02
Fra:1 Mem:66.78M (Peak 66.79M) | Time:00:00.04 | Mem:0.00M, Peak:0.00M | Scene, ViewLayer | Synchronizing object | tie_rod_3_0.5_0.26
Fra:1 Mem:66.84M (Peak 66.84M) | Time:00:00.04 | Mem:0.00M, Peak:0.00M | Scene, ViewLayer | Synchronizing object | tie_rod_3_0.5_1.02
Fra:1 Mem:66.87M (Peak 66.87M) | Time:00:00.04 | Mem:0.00M, Peak:0.00M | Scene, ViewLayer | Synchronizing object | exchanger_port_3_0.32
Fra:1 Mem:66.86M (Peak 66.87M) | Time:00:00.04 | Mem:0.00M, Peak:0.00M | Scene, ViewLayer | Synchronizing object | exchanger_port_3_0.56
Fra:1 Mem:66.86M (Peak 66.87M) | Time:00:00.04 | Mem:0.00M, Peak:0.00M | Scene, ViewLayer | Synchronizing object | panel_4
Fra:1 Mem:66.86M (Peak 66.87M) | Time:00:00.04 | Mem:0.00M, Peak:0.00M | Scene, ViewLayer | Synchronizing object | gasket_4_-1.51
Fra:1 Mem:66.87M (Peak 66.87M) | Time:00:00.04 | Mem:0.00M, Peak:0.00M | Scene, ViewLayer | Synchronizing object | gasket_4_1.51
Fra:1 Mem:66.88M (Peak 66.88M) | Time:00:00.04 | Mem:0.00M, Peak:0.00M | Scene, ViewLayer | Synchronizing object | latch_4_-1.25_0.23
Fra:1 Mem:66.89M (Peak 66.89M) | Time:00:00.04 | Mem:0.00M, Peak:0.00M | Scene, ViewLayer | Synchronizing object | latch_4_-1.25_1.34
Fra:1 Mem:66.87M (Peak 66.89M) | Time:00:00.04 | Mem:0.00M, Peak:0.00M | Scene, ViewLayer | Synchronizing object | latch_4_1.25_0.23
Fra:1 Mem:66.92M (Peak 66.92M) | Time:00:00.04 | Mem:0.00M, Peak:0.00M | Scene, ViewLayer | Synchronizing object | latch_4_1.25_1.34
Fra:1 Mem:66.89M (Peak 66.92M) | Time:00:00.04 | Mem:0.00M, Peak:0.00M | Scene, ViewLayer | Synchronizing object | handle_4
Fra:1 Mem:66.94M (Peak 66.94M) | Time:00:00.04 | Mem:0.00M, Peak:0.00M | Scene, ViewLayer | Synchronizing object | skid_4
Fra:1 Mem:66.94M (Peak 66.94M) | Time:00:00.04 | Mem:0.00M, Peak:0.00M | Scene, ViewLayer | Synchronizing object | pump_foot_4
Fra:1 Mem:66.91M (Peak 66.94M) | Time:00:00.04 | Mem:0.00M, Peak:0.00M | Scene, ViewLayer | Synchronizing object | pump_inlet_4
Fra:1 Mem:66.90M (Peak 66.94M) | Time:00:00.04 | Mem:0.00M, Peak:0.00M | Scene, ViewLayer | Synchronizing object | inlet_drop_4
Fra:1 Mem:66.94M (Peak 66.94M) | Time:00:00.04 | Mem:0.00M, Peak:0.00M | Scene, ViewLayer | Synchronizing object | inlet_branch_4
Fra:1 Mem:67.01M (Peak 67.01M) | Time:00:00.04 | Mem:0.00M, Peak:0.00M | Scene, ViewLayer | Synchronizing object | outlet_rise_4
Fra:1 Mem:67.01M (Peak 67.01M) | Time:00:00.04 | Mem:0.00M, Peak:0.00M | Scene, ViewLayer | Synchronizing object | outlet_branch_4
Fra:1 Mem:66.99M (Peak 67.01M) | Time:00:00.04 | Mem:0.00M, Peak:0.00M | Scene, ViewLayer | Synchronizing object | panel_5
Fra:1 Mem:67.02M (Peak 67.02M) | Time:00:00.04 | Mem:0.00M, Peak:0.00M | Scene, ViewLayer | Synchronizing object | gasket_5_-1.51
Fra:1 Mem:67.01M (Peak 67.02M) | Time:00:00.04 | Mem:0.00M, Peak:0.00M | Scene, ViewLayer | Synchronizing object | gasket_5_1.51
Fra:1 Mem:66.99M (Peak 67.02M) | Time:00:00.04 | Mem:0.00M, Peak:0.00M | Scene, ViewLayer | Synchronizing object | latch_5_-1.25_0.23
Fra:1 Mem:66.99M (Peak 67.02M) | Time:00:00.04 | Mem:0.00M, Peak:0.00M | Scene, ViewLayer | Synchronizing object | latch_5_1.25_1.34
Fra:1 Mem:67.00M (Peak 67.02M) | Time:00:00.04 | Mem:0.00M, Peak:0.00M | Scene, ViewLayer | Synchronizing object | handle_5
Fra:1 Mem:67.05M (Peak 67.05M) | Time:00:00.04 | Mem:0.00M, Peak:0.00M | Scene, ViewLayer | Synchronizing object | skid_5
Fra:1 Mem:67.05M (Peak 67.05M) | Time:00:00.04 | Mem:0.00M, Peak:0.00M | Scene, ViewLayer | Synchronizing object | exchanger_plate_5_0
Fra:1 Mem:67.06M (Peak 67.06M) | Time:00:00.04 | Mem:0.00M, Peak:0.00M | Scene, ViewLayer | Synchronizing object | exchanger_plate_5_1
Fra:1 Mem:67.05M (Peak 67.06M) | Time:00:00.04 | Mem:0.00M, Peak:0.00M | Scene, ViewLayer | Synchronizing object | exchanger_plate_5_3
Fra:1 Mem:67.03M (Peak 67.06M) | Time:00:00.04 | Mem:0.00M, Peak:0.00M | Scene, ViewLayer | Synchronizing object | exchanger_plate_5_5
Fra:1 Mem:67.05M (Peak 67.06M) | Time:00:00.04 | Mem:0.00M, Peak:0.00M | Scene, ViewLayer | Synchronizing object | exchanger_plate_5_6
Fra:1 Mem:67.05M (Peak 67.06M) | Time:00:00.04 | Mem:0.00M, Peak:0.00M | Scene, ViewLayer | Synchronizing object | exchanger_plate_5_7
Fra:1 Mem:67.06M (Peak 67.06M) | Time:00:00.04 | Mem:0.00M, Peak:0.00M | Scene, ViewLayer | Synchronizing object | exchanger_plate_5_8
Fra:1 Mem:67.05M (Peak 67.06M) | Time:00:00.04 | Mem:0.00M, Peak:0.00M | Scene, ViewLayer | Synchronizing object | exchanger_plate_5_10
Fra:1 Mem:67.08M (Peak 67.08M) | Time:00:00.04 | Mem:0.00M, Peak:0.00M | Scene, ViewLayer | Synchronizing object | exchanger_plate_5_11
Fra:1 Mem:67.05M (Peak 67.08M) | Time:00:00.04 | Mem:0.00M, Peak:0.00M | Scene, ViewLayer | Synchronizing object | tie_rod_5_-0.5_1.02
Fra:1 Mem:67.10M (Peak 67.10M) | Time:00:00.04 | Mem:0.00M, Peak:0.00M | Scene, ViewLayer | Synchronizing object | tie_rod_5_0.5_0.26
Fra:1 Mem:67.10M (Peak 67.10M) | Time:00:00.04 | Mem:0.00M, Peak:0.00M | Scene, ViewLayer | Synchronizing object | tie_rod_5_0.5_1.02
Fra:1 Mem:67.13M (Peak 67.13M) | Time:00:00.04 | Mem:0.00M, Peak:0.00M | Scene, ViewLayer | Synchronizing object | exchanger_port_5_0.56
Fra:1 Mem:67.17M (Peak 67.17M) | Time:00:00.04 | Mem:0.00M, Peak:0.00M | Scene, ViewLayer | Synchronizing object | deck_plinth.001
Fra:1 Mem:67.13M (Peak 67.17M) | Time:00:00.04 | Mem:0.00M, Peak:0.00M | Scene, ViewLayer | Synchronizing object | back_wall.001
Fra:1 Mem:67.16M (Peak 67.17M) | Time:00:00.04 | Mem:0.00M, Peak:0.00M | Scene, ViewLayer | Synchronizing object | roof.001
Fra:1 Mem:67.17M (Peak 67.17M) | Time:00:00.04 | Mem:0.00M, Peak:0.00M | Scene, ViewLayer | Synchronizing object | end_-9.001
Fra:1 Mem:67.16M (Peak 67.17M) | Time:00:00.04 | Mem:0.00M, Peak:0.00M | Scene, ViewLayer | Synchronizing object | header_0.001
Fra:1 Mem:67.14M (Peak 67.17M) | Time:00:00.04 | Mem:0.00M, Peak:0.00M | Scene, ViewLayer | Synchronizing object | header_0.002
Fra:1 Mem:67.14M (Peak 67.17M) | Time:00:00.04 | Mem:0.00M, Peak:0.00M | Scene, ViewLayer | Synchronizing object | gasket_0_-1.001
Fra:1 Mem:67.18M (Peak 67.18M) | Time:00:00.04 | Mem:0.00M, Peak:0.00M | Scene, ViewLayer | Synchronizing object | gasket_0_1.001
Fra:1 Mem:67.23M (Peak 67.23M) | Time:00:00.04 | Mem:0.00M, Peak:0.00M | Scene, ViewLayer | Synchronizing object | latch_0_-1.25_0.001
Fra:1 Mem:67.21M (Peak 67.23M) | Time:00:00.04 | Mem:0.00M, Peak:0.00M | Scene, ViewLayer | Synchronizing object | latch_0_-1.25_0.84
Fra:1 Mem:67.20M (Peak 67.23M) | Time:00:00.04 | Mem:0.00M, Peak:0.00M | Scene, ViewLayer | Synchronizing object | latch_0_1.25_0.001
Fra:1 Mem:67.20M (Peak 67.23M) | Time:00:00.04 | Mem:0.00M, Peak:0.00M | Scene, ViewLayer | Synchronizing object | latch_0_1.25_0.84
Fra:1 Mem:67.25M (Peak 67.25M) | Time:00:00.04 | Mem:0.00M, Peak:0.00M | Scene, ViewLayer | Synchronizing object | handle_0.001
Fra:1 Mem:67.29M (Peak 67.29M) | Time:00:00.04 | Mem:0.00M, Peak:0.00M | Scene, ViewLayer | Synchronizing object | skid_0.001
Fra:1 Mem:67.24M (Peak 67.29M) | Time:00:00.04 | Mem:0.00M, Peak:0.00M | Scene, ViewLayer | Synchronizing object | pump_foot_0.001
Fra:1 Mem:67.21M (Peak 67.29M) | Time:00:00.04 | Mem:0.00M, Peak:0.00M | Scene, ViewLayer | Synchronizing object | pump_inlet_0.001
Fra:1 Mem:67.22M (Peak 67.29M) | Time:00:00.04 | Mem:0.00M, Peak:0.00M | Scene, ViewLayer | Synchronizing object | inlet_drop_0.001
Fra:1 Mem:67.30M (Peak 67.32M) | Time:00:00.04 | Mem:0.00M, Peak:0.00M | Scene, ViewLayer | Synchronizing object | inlet_branch_0.001
Fra:1 Mem:67.32M (Peak 67.32M) | Time:00:00.04 | Mem:0.00M, Peak:0.00M | Scene, ViewLayer | Synchronizing object | outlet_rise_0.001
Fra:1 Mem:67.34M (Peak 67.34M) | Time:00:00.04 | Mem:0.00M, Peak:0.00M | Scene, ViewLayer | Synchronizing object | outlet_branch_0.001
Fra:1 Mem:67.32M (Peak 67.34M) | Time:00:00.04 | Mem:0.00M, Peak:0.00M | Scene, ViewLayer | Synchronizing object | gasket_1_-1.001
Fra:1 Mem:67.32M (Peak 67.34M) | Time:00:00.04 | Mem:0.00M, Peak:0.00M | Scene, ViewLayer | Synchronizing object | gasket_1_1.001
Fra:1 Mem:67.32M (Peak 67.34M) | Time:00:00.04 | Mem:0.00M, Peak:0.00M | Scene, ViewLayer | Synchronizing object | latch_1_-1.25_0.001
Fra:1 Mem:67.32M (Peak 67.34M) | Time:00:00.04 | Mem:0.00M, Peak:0.00M | Scene, ViewLayer | Synchronizing object | latch_1_-1.25_0.84
Fra:1 Mem:67.34M (Peak 67.34M) | Time:00:00.04 | Mem:0.00M, Peak:0.00M | Scene, ViewLayer | Synchronizing object | latch_1_1.25_0.001
Fra:1 Mem:67.37M (Peak 67.37M) | Time:00:00.04 | Mem:0.00M, Peak:0.00M | Scene, ViewLayer | Synchronizing object | latch_1_1.25_0.84
Fra:1 Mem:67.39M (Peak 67.39M) | Time:00:00.04 | Mem:0.00M, Peak:0.00M | Scene, ViewLayer | Synchronizing object | handle_1.001
Fra:1 Mem:67.38M (Peak 67.39M) | Time:00:00.04 | Mem:0.00M, Peak:0.00M | Scene, ViewLayer | Synchronizing object | skid_1.001
Fra:1 Mem:67.38M (Peak 67.39M) | Time:00:00.04 | Mem:0.00M, Peak:0.00M | Scene, ViewLayer | Synchronizing object | exchanger_plate_1_0.001
Fra:1 Mem:67.40M (Peak 67.40M) | Time:00:00.04 | Mem:0.00M, Peak:0.00M | Scene, ViewLayer | Synchronizing object | exchanger_plate_1_1.001
Fra:1 Mem:67.37M (Peak 67.40M) | Time:00:00.04 | Mem:0.00M, Peak:0.00M | Scene, ViewLayer | Synchronizing object | exchanger_plate_1_3.001
Fra:1 Mem:67.37M (Peak 67.40M) | Time:00:00.04 | Mem:0.00M, Peak:0.00M | Scene, ViewLayer | Synchronizing object | exchanger_plate_1_4.001
Fra:1 Mem:67.38M (Peak 67.40M) | Time:00:00.04 | Mem:0.00M, Peak:0.00M | Scene, ViewLayer | Synchronizing object | exchanger_plate_1_5.001
Fra:1 Mem:67.38M (Peak 67.40M) | Time:00:00.04 | Mem:0.00M, Peak:0.00M | Scene, ViewLayer | Synchronizing object | exchanger_plate_1_6.001
Fra:1 Mem:67.38M (Peak 67.40M) | Time:00:00.04 | Mem:0.00M, Peak:0.00M | Scene, ViewLayer | Synchronizing object | exchanger_plate_1_7.001
Fra:1 Mem:67.38M (Peak 67.40M) | Time:00:00.04 | Mem:0.00M, Peak:0.00M | Scene, ViewLayer | Synchronizing object | exchanger_plate_1_10.001
Fra:1 Mem:67.41M (Peak 67.41M) | Time:00:00.04 | Mem:0.00M, Peak:0.00M | Scene, ViewLayer | Synchronizing object | exchanger_plate_1_11.001
Fra:1 Mem:67.38M (Peak 67.41M) | Time:00:00.04 | Mem:0.00M, Peak:0.00M | Scene, ViewLayer | Synchronizing object | tie_rod_1_-0.75_0.26
Fra:1 Mem:67.41M (Peak 67.41M) | Time:00:00.04 | Mem:0.00M, Peak:0.00M | Scene, ViewLayer | Synchronizing object | tie_rod_1_-0.75_0.62
Fra:1 Mem:67.42M (Peak 67.42M) | Time:00:00.04 | Mem:0.00M, Peak:0.00M | Scene, ViewLayer | Synchronizing object | tie_rod_1_0.75_0.26
Fra:1 Mem:67.40M (Peak 67.42M) | Time:00:00.04 | Mem:0.00M, Peak:0.00M | Scene, ViewLayer | Synchronizing object | tie_rod_1_0.75_0.62
Fra:1 Mem:67.47M (Peak 67.47M) | Time:00:00.04 | Mem:0.00M, Peak:0.00M | Scene, ViewLayer | Synchronizing object | exchanger_port_1_0.001
Fra:1 Mem:67.49M (Peak 67.49M) | Time:00:00.04 | Mem:0.00M, Peak:0.00M | Scene, ViewLayer | Synchronizing object | exchanger_port_1_0.002
Fra:1 Mem:67.45M (Peak 67.49M) | Time:00:00.04 | Mem:0.00M, Peak:0.00M | Scene, ViewLayer | Synchronizing object | panel_2.001
Fra:1 Mem:67.50M (Peak 67.50M) | Time:00:00.04 | Mem:0.00M, Peak:0.00M | Scene, ViewLayer | Synchronizing object | gasket_2_1.001
Fra:1 Mem:67.50M (Peak 67.50M) | Time:00:00.04 | Mem:0.00M, Peak:0.00M | Scene, ViewLayer | Synchronizing object | latch_2_-1.25_0.001
Fra:1 Mem:67.51M (Peak 67.51M) | Time:00:00.04 | Mem:0.00M, Peak:0.00M | Scene, ViewLayer | Synchronizing object | latch_2_-1.25_0.84
Fra:1 Mem:67.52M (Peak 67.52M) | Time:00:00.04 | Mem:0.00M, Peak:0.00M | Scene, ViewLayer | Synchronizing object | latch_2_1.25_0.001
Fra:1 Mem:67.51M (Peak 67.52M) | Time:00:00.04 | Mem:0.00M, Peak:0.00M | Scene, ViewLayer | Synchronizing object | handle_2.001
Fra:1 Mem:67.52M (Peak 67.52M) | Time:00:00.04 | Mem:0.00M, Peak:0.00M | Scene, ViewLayer | Synchronizing object | skid_2.001
Fra:1 Mem:67.53M (Peak 67.53M) | Time:00:00.04 | Mem:0.00M, Peak:0.00M | Scene, ViewLayer | Synchronizing object | pump_foot_2.001
Fra:1 Mem:67.55M (Peak 67.55M) | Time:00:00.04 | Mem:0.00M, Peak:0.00M | Scene, ViewLayer | Synchronizing object | motor_2.001
Fra:1 Mem:67.56M (Peak 67.56M) | Time:00:00.04 | Mem:0.00M, Peak:0.00M | Scene, ViewLayer | Synchronizing object | pump_volute_2.001
Fra:1 Mem:67.57M (Peak 67.57M) | Time:00:00.04 | Mem:0.00M, Peak:0.00M | Scene, ViewLayer | Synchronizing object | pump_inlet_2.001
Fra:1 Mem:67.59M (Peak 67.59M) | Time:00:00.04 | Mem:0.00M, Peak:0.00M | Scene, ViewLayer | Synchronizing object | inlet_drop_2.001
Fra:1 Mem:67.57M (Peak 67.59M) | Time:00:00.04 | Mem:0.00M, Peak:0.00M | Scene, ViewLayer | Synchronizing object | inlet_branch_2.001
Fra:1 Mem:67.55M (Peak 67.59M) | Time:00:00.04 | Mem:0.00M, Peak:0.00M | Scene, ViewLayer | Synchronizing object | outlet_rise_2.001
Fra:1 Mem:67.66M (Peak 67.66M) | Time:00:00.04 | Mem:0.00M, Peak:0.00M | Scene, ViewLayer | Synchronizing object | outlet_branch_2.001
Fra:1 Mem:67.63M (Peak 67.66M) | Time:00:00.04 | Mem:0.00M, Peak:0.00M | Scene, ViewLayer | Synchronizing object | panel_3.001
Fra:1 Mem:67.60M (Peak 67.66M) | Time:00:00.04 | Mem:0.00M, Peak:0.00M | Scene, ViewLayer | Synchronizing object | gasket_3_-1.001
Fra:1 Mem:67.60M (Peak 67.66M) | Time:00:00.04 | Mem:0.00M, Peak:0.00M | Scene, ViewLayer | Synchronizing object | latch_3_-1.25_0.001
Fra:1 Mem:67.62M (Peak 67.66M) | Time:00:00.04 | Mem:0.00M, Peak:0.00M | Scene, ViewLayer | Synchronizing object | latch_3_-1.25_0.84
Fra:1 Mem:67.63M (Peak 67.66M) | Time:00:00.04 | Mem:0.00M, Peak:0.00M | Scene, ViewLayer | Synchronizing object | electronics_pack_1.001
Fra:1 Mem:67.63M (Peak 67.66M) | Time:00:00.04 | Mem:0.00M, Peak:0.00M | Scene, ViewLayer | Synchronizing object | latch_3_1.25_0.001
Fra:1 Mem:67.69M (Peak 67.69M) | Time:00:00.04 | Mem:0.00M, Peak:0.00M | Scene, ViewLayer | Synchronizing object | latch_3_1.25_0.84
Fra:1 Mem:67.68M (Peak 67.69M) | Time:00:00.04 | Mem:0.00M, Peak:0.00M | Scene, ViewLayer | Synchronizing object | handle_3.001
Fra:1 Mem:67.67M (Peak 67.69M) | Time:00:00.04 | Mem:0.00M, Peak:0.00M | Scene, ViewLayer | Synchronizing object | skid_3.001
Fra:1 Mem:67.66M (Peak 67.69M) | Time:00:00.04 | Mem:0.00M, Peak:0.00M | Scene, ViewLayer | Synchronizing object | exchanger_plate_3_0.001
Fra:1 Mem:67.68M (Peak 67.69M) | Time:00:00.04 | Mem:0.00M, Peak:0.00M | Scene, ViewLayer | Synchronizing object | exchanger_plate_3_1.001
Fra:1 Mem:67.69M (Peak 67.69M) | Time:00:00.04 | Mem:0.00M, Peak:0.00M | Scene, ViewLayer | Synchronizing object | exchanger_plate_3_2.001
Fra:1 Mem:67.68M (Peak 67.69M) | Time:00:00.04 | Mem:0.00M, Peak:0.00M | Scene, ViewLayer | Synchronizing object | exchanger_plate_3_3.001
Fra:1 Mem:67.66M (Peak 67.69M) | Time:00:00.04 | Mem:0.00M, Peak:0.00M | Scene, ViewLayer | Synchronizing object | exchanger_plate_3_4.001
Fra:1 Mem:67.67M (Peak 67.69M) | Time:00:00.04 | Mem:0.00M, Peak:0.00M | Scene, ViewLayer | Synchronizing object | exchanger_plate_3_6.001
Fra:1 Mem:67.66M (Peak 67.69M) | Time:00:00.04 | Mem:0.00M, Peak:0.00M | Scene, ViewLayer | Synchronizing object | exchanger_plate_3_7.001
Fra:1 Mem:67.67M (Peak 67.69M) | Time:00:00.04 | Mem:0.00M, Peak:0.00M | Scene, ViewLayer | Synchronizing object | exchanger_plate_3_8.001
Fra:1 Mem:67.66M (Peak 67.69M) | Time:00:00.04 | Mem:0.00M, Peak:0.00M | Scene, ViewLayer | Synchronizing object | exchanger_plate_3_10.001
Fra:1 Mem:67.67M (Peak 67.69M) | Time:00:00.04 | Mem:0.00M, Peak:0.00M | Scene, ViewLayer | Synchronizing object | exchanger_plate_3_11.001
Fra:1 Mem:67.67M (Peak 67.69M) | Time:00:00.04 | Mem:0.00M, Peak:0.00M | Scene, ViewLayer | Synchronizing object | latch_1.001
Fra:1 Mem:67.67M (Peak 67.69M) | Time:00:00.04 | Mem:0.00M, Peak:0.00M | Scene, ViewLayer | Synchronizing object | exchanger_frame_3_-0.001
Fra:1 Mem:67.68M (Peak 67.69M) | Time:00:00.04 | Mem:0.00M, Peak:0.00M | Scene, ViewLayer | Synchronizing object | exchanger_frame_3_0.001
Fra:1 Mem:67.68M (Peak 67.69M) | Time:00:00.04 | Mem:0.00M, Peak:0.00M | Scene, ViewLayer | Synchronizing object | tie_rod_3_-0.75_0.26
Fra:1 Mem:67.69M (Peak 67.69M) | Time:00:00.04 | Mem:0.00M, Peak:0.00M | Scene, ViewLayer | Synchronizing object | tie_rod_3_-0.75_0.62
Fra:1 Mem:67.69M (Peak 67.69M) | Time:00:00.04 | Mem:0.00M, Peak:0.00M | Scene, ViewLayer | Synchronizing object | tie_rod_3_0.75_0.26
Fra:1 Mem:67.68M (Peak 67.69M) | Time:00:00.04 | Mem:0.00M, Peak:0.00M | Scene, ViewLayer | Synchronizing object | tie_rod_3_0.75_0.62
Fra:1 Mem:67.69M (Peak 67.69M) | Time:00:00.04 | Mem:0.00M, Peak:0.00M | Scene, ViewLayer | Synchronizing object | exchanger_port_3_0.001
Fra:1 Mem:67.78M (Peak 67.78M) | Time:00:00.04 | Mem:0.00M, Peak:0.00M | Scene, ViewLayer | Synchronizing object | service_panel_1.001
Fra:1 Mem:67.79M (Peak 67.79M) | Time:00:00.04 | Mem:0.00M, Peak:0.00M | Scene, ViewLayer | Synchronizing object | panel_4.001
Fra:1 Mem:67.77M (Peak 67.79M) | Time:00:00.04 | Mem:0.00M, Peak:0.00M | Scene, ViewLayer | Synchronizing object | gasket_4_-1.001
Fra:1 Mem:67.76M (Peak 67.79M) | Time:00:00.04 | Mem:0.00M, Peak:0.00M | Scene, ViewLayer | Synchronizing object | latch_4_-1.25_0.84
Fra:1 Mem:67.78M (Peak 67.79M) | Time:00:00.04 | Mem:0.00M, Peak:0.00M | Scene, ViewLayer | Synchronizing object | latch_4_1.25_0.001
Fra:1 Mem:67.81M (Peak 67.81M) | Time:00:00.04 | Mem:0.00M, Peak:0.00M | Scene, ViewLayer | Synchronizing object | latch_4_1.25_0.84
Fra:1 Mem:67.82M (Peak 67.82M) | Time:00:00.04 | Mem:0.00M, Peak:0.00M | Scene, ViewLayer | Synchronizing object | handle_4.001
Fra:1 Mem:67.85M (Peak 67.85M) | Time:00:00.04 | Mem:0.00M, Peak:0.00M | Scene, ViewLayer | Synchronizing object | pump_foot_4.001
Fra:1 Mem:67.86M (Peak 67.86M) | Time:00:00.04 | Mem:0.00M, Peak:0.00M | Scene, ViewLayer | Synchronizing object | skid_4.001
Fra:1 Mem:67.81M (Peak 67.86M) | Time:00:00.04 | Mem:0.00M, Peak:0.00M | Scene, ViewLayer | Synchronizing object | pump_volute_4.001
Fra:1 Mem:67.81M (Peak 67.86M) | Time:00:00.04 | Mem:0.00M, Peak:0.00M | Scene, ViewLayer | Synchronizing object | electronics_tray_0.001
Fra:1 Mem:67.83M (Peak 67.86M) | Time:00:00.04 | Mem:0.00M, Peak:0.00M | Scene, ViewLayer | Synchronizing object | inlet_drop_4.001
Fra:1 Mem:67.82M (Peak 67.86M) | Time:00:00.04 | Mem:0.00M, Peak:0.00M | Scene, ViewLayer | Synchronizing object | inlet_branch_4.001
Fra:1 Mem:67.83M (Peak 67.86M) | Time:00:00.04 | Mem:0.00M, Peak:0.00M | Scene, ViewLayer | Synchronizing object | latch_0.001
Fra:1 Mem:67.89M (Peak 67.89M) | Time:00:00.04 | Mem:0.00M, Peak:0.00M | Scene, ViewLayer | Synchronizing object | panel_seam_0.001
Fra:1 Mem:67.93M (Peak 67.93M) | Time:00:00.04 | Mem:0.00M, Peak:0.00M | Scene, ViewLayer | Synchronizing object | outlet_rise_4.001
Fra:1 Mem:67.97M (Peak 67.97M) | Time:00:00.04 | Mem:0.00M, Peak:0.00M | Scene, ViewLayer | Synchronizing object | outlet_branch_4.001
Fra:1 Mem:67.94M (Peak 67.97M) | Time:00:00.04 | Mem:0.00M, Peak:0.00M | Scene, ViewLayer | Synchronizing object | service_panel_0.001
Fra:1 Mem:67.91M (Peak 67.97M) | Time:00:00.04 | Mem:0.00M, Peak:0.00M | Scene, ViewLayer | Synchronizing object | panel_5.001
Fra:1 Mem:67.90M (Peak 67.97M) | Time:00:00.04 | Mem:0.00M, Peak:0.00M | Scene, ViewLayer | Synchronizing object | gasket_5_1.001
Fra:1 Mem:67.92M (Peak 67.97M) | Time:00:00.04 | Mem:0.00M, Peak:0.00M | Scene, ViewLayer | Synchronizing object | latch_5_-1.25_0.001
Fra:1 Mem:67.94M (Peak 67.97M) | Time:00:00.04 | Mem:0.00M, Peak:0.00M | Scene, ViewLayer | Synchronizing object | operating_display.001
Fra:1 Mem:67.92M (Peak 67.97M) | Time:00:00.04 | Mem:0.00M, Peak:0.00M | Scene, ViewLayer | Synchronizing object | latch_5_-1.25_0.84
Fra:1 Mem:67.95M (Peak 67.97M) | Time:00:00.04 | Mem:0.00M, Peak:0.00M | Scene, ViewLayer | Synchronizing object | latch_5_1.25_0.001
Fra:1 Mem:67.93M (Peak 67.97M) | Time:00:00.04 | Mem:0.00M, Peak:0.00M | Scene, ViewLayer | Synchronizing object | latch_5_1.25_0.84
Fra:1 Mem:67.96M (Peak 67.97M) | Time:00:00.04 | Mem:0.00M, Peak:0.00M | Scene, ViewLayer | Synchronizing object | display_bezel.001
Fra:1 Mem:67.97M (Peak 67.97M) | Time:00:00.04 | Mem:0.00M, Peak:0.00M | Scene, ViewLayer | Synchronizing object | handle_5.001
Fra:1 Mem:68.03M (Peak 68.03M) | Time:00:00.04 | Mem:0.00M, Peak:0.00M | Scene, ViewLayer | Synchronizing object | skid_5.001
Fra:1 Mem:67.99M (Peak 68.03M) | Time:00:00.04 | Mem:0.00M, Peak:0.00M | Scene, ViewLayer | Synchronizing object | exchanger_plate_5_0.001
Fra:1 Mem:67.98M (Peak 68.03M) | Time:00:00.04 | Mem:0.00M, Peak:0.00M | Scene, ViewLayer | Synchronizing object | instrument_cheek_south.001
Fra:1 Mem:67.96M (Peak 68.03M) | Time:00:00.04 | Mem:0.00M, Peak:0.00M | Scene, ViewLayer | Synchronizing object | exchanger_plate_5_2.001
Fra:1 Mem:67.96M (Peak 68.03M) | Time:00:00.04 | Mem:0.00M, Peak:0.00M | Scene, ViewLayer | Synchronizing object | exchanger_plate_5_4.001
Fra:1 Mem:67.96M (Peak 68.03M) | Time:00:00.04 | Mem:0.00M, Peak:0.00M | Scene, ViewLayer | Synchronizing object | exchanger_plate_5_5.001
Fra:1 Mem:67.96M (Peak 68.03M) | Time:00:00.04 | Mem:0.00M, Peak:0.00M | Scene, ViewLayer | Synchronizing object | instrument_cheek_north.001
Fra:1 Mem:67.96M (Peak 68.03M) | Time:00:00.04 | Mem:0.00M, Peak:0.00M | Scene, ViewLayer | Synchronizing object | exchanger_plate_5_7.001
Fra:1 Mem:67.96M (Peak 68.03M) | Time:00:00.04 | Mem:0.00M, Peak:0.00M | Scene, ViewLayer | Synchronizing object | exchanger_plate_5_8.001
Fra:1 Mem:67.97M (Peak 68.03M) | Time:00:00.04 | Mem:0.00M, Peak:0.00M | Scene, ViewLayer | Synchronizing object | exchanger_plate_5_9.001
Fra:1 Mem:67.98M (Peak 68.03M) | Time:00:00.04 | Mem:0.00M, Peak:0.00M | Scene, ViewLayer | Synchronizing object | exchanger_plate_5_10.001
Fra:1 Mem:67.98M (Peak 68.03M) | Time:00:00.04 | Mem:0.00M, Peak:0.00M | Scene, ViewLayer | Synchronizing object | exchanger_frame_5_-0.001
Fra:1 Mem:67.99M (Peak 68.03M) | Time:00:00.04 | Mem:0.00M, Peak:0.00M | Scene, ViewLayer | Synchronizing object | rear_service_cover.001
Fra:1 Mem:67.98M (Peak 68.03M) | Time:00:00.04 | Mem:0.00M, Peak:0.00M | Scene, ViewLayer | Synchronizing object | exchanger_frame_5_0.001
Fra:1 Mem:68.00M (Peak 68.03M) | Time:00:00.04 | Mem:0.00M, Peak:0.00M | Scene, ViewLayer | Synchronizing object | tie_rod_5_-0.75_0.26
Fra:1 Mem:67.97M (Peak 68.03M) | Time:00:00.04 | Mem:0.00M, Peak:0.00M | Scene, ViewLayer | Synchronizing object | tie_rod_5_-0.75_0.62
Fra:1 Mem:67.99M (Peak 68.03M) | Time:00:00.04 | Mem:0.00M, Peak:0.00M | Scene, ViewLayer | Synchronizing object | tie_rod_5_0.75_0.26
Fra:1 Mem:68.01M (Peak 68.03M) | Time:00:00.04 | Mem:0.00M, Peak:0.00M | Scene, ViewLayer | Synchronizing object | tie_rod_5_0.75_0.62
Fra:1 Mem:68.10M (Peak 68.10M) | Time:00:00.04 | Mem:0.00M, Peak:0.00M | Scene, ViewLayer | Synchronizing object | service_worktop.001
Fra:1 Mem:68.08M (Peak 68.10M) | Time:00:00.04 | Mem:0.00M, Peak:0.00M | Scene, ViewLayer | Synchronizing object | exchanger_port_5_0.001
Fra:1 Mem:68.06M (Peak 68.10M) | Time:00:00.04 | Mem:0.00M, Peak:0.00M | Scene, ViewLayer | Synchronizing object | exchanger_port_5_0.002
Fra:1 Mem:68.06M (Peak 68.10M) | Time:00:00.04 | Mem:0.00M, Peak:0.00M | Scene, ViewLayer | Synchronizing object | central_bulkhead.001
Fra:1 Mem:68.09M (Peak 68.10M) | Time:00:00.04 | Mem:0.00M, Peak:0.00M | Scene, ViewLayer | Synchronizing object | side_north
Fra:1 Mem:68.08M (Peak 68.10M) | Time:00:00.04 | Mem:0.00M, Peak:0.00M | Scene, ViewLayer | Synchronizing object | side_south
Fra:1 Mem:68.08M (Peak 68.10M) | Time:00:00.04 | Mem:0.00M, Peak:0.00M | Scene, ViewLayer | Synchronizing object | side_south.001
Fra:1 Mem:68.08M (Peak 68.10M) | Time:00:00.04 | Mem:0.00M, Peak:0.00M | Scene, ViewLayer | Synchronizing object | central_bulkhead
Fra:1 Mem:68.07M (Peak 68.10M) | Time:00:00.04 | Mem:0.00M, Peak:0.00M | Scene, ViewLayer | Synchronizing object | rear_service_cover
Fra:1 Mem:68.09M (Peak 68.10M) | Time:00:00.04 | Mem:0.00M, Peak:0.00M | Scene, ViewLayer | Synchronizing object | instrument_cheek_north
Fra:1 Mem:68.07M (Peak 68.10M) | Time:00:00.04 | Mem:0.00M, Peak:0.00M | Scene, ViewLayer | Synchronizing object | instrument_cheek_south
Fra:1 Mem:68.07M (Peak 68.10M) | Time:00:00.04 | Mem:0.00M, Peak:0.00M | Scene, ViewLayer | Synchronizing object | display_bezel
Fra:1 Mem:68.07M (Peak 68.10M) | Time:00:00.04 | Mem:0.00M, Peak:0.00M | Scene, ViewLayer | Synchronizing object | operating_display
Fra:1 Mem:68.09M (Peak 68.10M) | Time:00:00.04 | Mem:0.00M, Peak:0.00M | Scene, ViewLayer | Synchronizing object | panel_seam_0
Fra:1 Mem:68.09M (Peak 68.10M) | Time:00:00.04 | Mem:0.00M, Peak:0.00M | Scene, ViewLayer | Synchronizing object | latch_0
Fra:1 Mem:68.09M (Peak 68.10M) | Time:00:00.04 | Mem:0.00M, Peak:0.00M | Scene, ViewLayer | Synchronizing object | back_wall.003
Fra:1 Mem:68.09M (Peak 68.10M) | Time:00:00.04 | Mem:0.00M, Peak:0.00M | Scene, ViewLayer | Synchronizing object | electronics_tray_0
Fra:1 Mem:68.09M (Peak 68.10M) | Time:00:00.04 | Mem:0.00M, Peak:0.00M | Scene, ViewLayer | Synchronizing object | electronics_pack_0
Fra:1 Mem:68.11M (Peak 68.11M) | Time:00:00.04 | Mem:0.00M, Peak:0.00M | Scene, ViewLayer | Synchronizing object | service_panel_1
Fra:1 Mem:68.09M (Peak 68.11M) | Time:00:00.04 | Mem:0.00M, Peak:0.00M | Scene, ViewLayer | Synchronizing object | panel_seam_1
Fra:1 Mem:68.11M (Peak 68.11M) | Time:00:00.04 | Mem:0.00M, Peak:0.00M | Scene, ViewLayer | Synchronizing object | latch_1
Fra:1 Mem:68.10M (Peak 68.11M) | Time:00:00.04 | Mem:0.00M, Peak:0.00M | Scene, ViewLayer | Synchronizing object | deck_plinth.003
Fra:1 Mem:68.10M (Peak 68.11M) | Time:00:00.04 | Mem:0.00M, Peak:0.00M | Scene, ViewLayer | Synchronizing object | electronics_tray_1
Fra:1 Mem:68.11M (Peak 68.11M) | Time:00:00.04 | Mem:0.00M, Peak:0.00M | Scene, ViewLayer | Synchronizing object | electronics_pack_1
Fra:1 Mem:68.10M (Peak 68.11M) | Time:00:00.04 | Mem:0.00M, Peak:0.00M | Scene, ViewLayer | Initializing
Fra:1 Mem:45.98M (Peak 68.11M) | Time:00:00.05 | Mem:0.00M, Peak:0.00M | Scene, ViewLayer | Waiting for render to start
Fra:1 Mem:45.98M (Peak 68.11M) | Time:00:00.05 | Mem:0.00M, Peak:0.00M | Scene, ViewLayer | Loading render kernels (may take a few minutes the first time)
Fra:1 Mem:45.98M (Peak 68.11M) | Time:00:00.05 | Mem:0.00M, Peak:0.00M | Scene, ViewLayer | Updating Scene
Fra:1 Mem:45.98M (Peak 68.11M) | Time:00:00.05 | Mem:0.00M, Peak:0.00M | Scene, ViewLayer | Updating Shaders
Fra:1 Mem:46.08M (Peak 68.11M) | Time:00:00.05 | Mem:0.01M, Peak:0.01M | Scene, ViewLayer | Updating Procedurals
Fra:1 Mem:46.08M (Peak 68.11M) | Time:00:00.05 | Mem:0.01M, Peak:0.01M | Scene, ViewLayer | Updating Background
Fra:1 Mem:46.08M (Peak 68.11M) | Time:00:00.05 | Mem:0.01M, Peak:0.01M | Scene, ViewLayer | Updating Camera
Fra:1 Mem:46.08M (Peak 68.11M) | Time:00:00.05 | Mem:0.01M, Peak:0.01M | Scene, ViewLayer | Updating Meshes Flags
Fra:1 Mem:46.08M (Peak 68.11M) | Time:00:00.05 | Mem:0.01M, Peak:0.01M | Scene, ViewLayer | Updating Objects
Fra:1 Mem:46.08M (Peak 68.11M) | Time:00:00.05 | Mem:0.01M, Peak:0.01M | Scene, ViewLayer | Updating Objects | Copying Transformations to device
Fra:1 Mem:46.28M (Peak 68.11M) | Time:00:00.05 | Mem:0.21M, Peak:0.21M | Scene, ViewLayer | Updating Objects | Applying Static Transformations
Fra:1 Mem:46.28M (Peak 68.11M) | Time:00:00.05 | Mem:0.21M, Peak:0.21M | Scene, ViewLayer | Updating Particle Systems
Fra:1 Mem:46.28M (Peak 68.11M) | Time:00:00.05 | Mem:0.21M, Peak:0.21M | Scene, ViewLayer | Updating Particle Systems | Copying Particles to device
Fra:1 Mem:46.28M (Peak 68.11M) | Time:00:00.05 | Mem:0.21M, Peak:0.21M | Scene, ViewLayer | Updating Meshes
Fra:1 Mem:46.57M (Peak 68.11M) | Time:00:00.05 | Mem:0.21M, Peak:0.21M | Scene, ViewLayer | Updating Mesh | Computing attributes
Fra:1 Mem:47.25M (Peak 68.11M) | Time:00:00.05 | Mem:0.23M, Peak:0.23M | Scene, ViewLayer | Updating Mesh | Copying Attributes to device
Fra:1 Mem:47.16M (Peak 68.11M) | Time:00:00.05 | Mem:0.80M, Peak:0.80M | Scene, ViewLayer | Updating Geometry BVH Cube.078 1/47 | Building BVH
Fra:1 Mem:47.16M (Peak 68.11M) | Time:00:00.05 | Mem:0.80M, Peak:0.80M | Scene, ViewLayer | Updating Geometry BVH Cube.081 4/47 | Building BVH
Fra:1 Mem:47.16M (Peak 68.11M) | Time:00:00.05 | Mem:0.80M, Peak:0.80M | Scene, ViewLayer | Updating Geometry BVH Cube.082 5/47 | Building BVH
Fra:1 Mem:47.16M (Peak 68.11M) | Time:00:00.05 | Mem:0.80M, Peak:0.80M | Scene, ViewLayer | Updating Geometry BVH Cube.082 5/47 | Building BVH 0%
Fra:1 Mem:47.16M (Peak 68.11M) | Time:00:00.05 | Mem:0.81M, Peak:0.81M | Scene, ViewLayer | Updating Geometry BVH Cube.082 5/47 | Building BVH
Fra:1 Mem:47.16M (Peak 68.11M) | Time:00:00.05 | Mem:0.81M, Peak:0.81M | Scene, ViewLayer | Updating Geometry BVH Cube.076 47/47 | Building BVH
Fra:1 Mem:47.16M (Peak 68.11M) | Time:00:00.05 | Mem:0.82M, Peak:0.83M | Scene, ViewLayer | Updating Geometry BVH Cube.084 7/47 | Building BVH
Fra:1 Mem:47.16M (Peak 68.11M) | Time:00:00.05 | Mem:0.84M, Peak:0.84M | Scene, ViewLayer | Updating Geometry BVH Cube.085 8/47 | Building BVH
Fra:1 Mem:47.16M (Peak 68.11M) | Time:00:00.05 | Mem:0.87M, Peak:0.87M | Scene, ViewLayer | Updating Geometry BVH Cube.086 9/47 | Building BVH
Fra:1 Mem:47.16M (Peak 68.11M) | Time:00:00.05 | Mem:0.90M, Peak:0.90M | Scene, ViewLayer | Updating Geometry BVH Cylinder.005 46/47 | Building BVH
Fra:1 Mem:47.16M (Peak 68.11M) | Time:00:00.05 | Mem:0.89M, Peak:0.90M | Scene, ViewLayer | Updating Geometry BVH Cube.087 10/47 | Building BVH
Fra:1 Mem:47.16M (Peak 68.11M) | Time:00:00.05 | Mem:0.89M, Peak:0.90M | Scene, ViewLayer | Updating Geometry BVH Cube.088 11/47 | Building BVH
Fra:1 Mem:47.16M (Peak 68.11M) | Time:00:00.05 | Mem:0.91M, Peak:0.91M | Scene, ViewLayer | Updating Geometry BVH Cylinder.014 12/47 | Building BVH
Fra:1 Mem:47.16M (Peak 68.11M) | Time:00:00.05 | Mem:0.91M, Peak:0.91M | Scene, ViewLayer | Updating Geometry BVH Cylinder.004 45/47 | Building BVH
Fra:1 Mem:47.16M (Peak 68.11M) | Time:00:00.05 | Mem:0.91M, Peak:0.91M | Scene, ViewLayer | Updating Geometry BVH Cylinder.016 14/47 | Building BVH
Fra:1 Mem:47.16M (Peak 68.11M) | Time:00:00.05 | Mem:0.91M, Peak:0.91M | Scene, ViewLayer | Updating Geometry BVH Cylinder.017 15/47 | Building BVH
Fra:1 Mem:47.16M (Peak 68.11M) | Time:00:00.05 | Mem:0.92M, Peak:0.92M | Scene, ViewLayer | Updating Geometry BVH Cylinder.018 16/47 | Building BVH
Fra:1 Mem:47.16M (Peak 68.11M) | Time:00:00.05 | Mem:0.92M, Peak:0.92M | Scene, ViewLayer | Updating Geometry BVH Cylinder.003 44/47 | Building BVH
Fra:1 Mem:47.16M (Peak 68.11M) | Time:00:00.05 | Mem:0.93M, Peak:0.93M | Scene, ViewLayer | Updating Geometry BVH Cylinder.002 43/47 | Building BVH
Fra:1 Mem:47.16M (Peak 68.11M) | Time:00:00.05 | Mem:0.94M, Peak:0.94M | Scene, ViewLayer | Updating Geometry BVH Cylinder.020 18/47 | Building BVH
Fra:1 Mem:47.16M (Peak 68.11M) | Time:00:00.05 | Mem:0.94M, Peak:0.94M | Scene, ViewLayer | Updating Geometry BVH Cylinder.021 19/47 | Building BVH
Fra:1 Mem:47.16M (Peak 68.11M) | Time:00:00.05 | Mem:0.95M, Peak:0.95M | Scene, ViewLayer | Updating Geometry BVH Cube.089 20/47 | Building BVH
Fra:1 Mem:47.16M (Peak 68.11M) | Time:00:00.05 | Mem:0.96M, Peak:0.96M | Scene, ViewLayer | Updating Geometry BVH chamber_cavity_wall 21/47 | Building BVH
Fra:1 Mem:47.16M (Peak 68.11M) | Time:00:00.05 | Mem:0.96M, Peak:0.97M | Scene, ViewLayer | Updating Geometry BVH Cube.070 23/47 | Building BVH
Fra:1 Mem:47.16M (Peak 68.11M) | Time:00:00.05 | Mem:1.01M, Peak:1.01M | Scene, ViewLayer | Updating Geometry BVH Cube.071 24/47 | Building BVH
Fra:1 Mem:47.16M (Peak 68.11M) | Time:00:00.05 | Mem:1.04M, Peak:1.04M | Scene, ViewLayer | Updating Geometry BVH Cylinder.001 42/47 | Building BVH
Fra:1 Mem:47.16M (Peak 68.11M) | Time:00:00.05 | Mem:1.05M, Peak:1.06M | Scene, ViewLayer | Updating Geometry BVH chamber_inset_gasket 25/47 | Building BVH
Fra:1 Mem:47.16M (Peak 68.11M) | Time:00:00.05 | Mem:1.06M, Peak:1.06M | Scene, ViewLayer | Updating Geometry BVH Cube.069 26/47 | Building BVH
Fra:1 Mem:47.16M (Peak 68.11M) | Time:00:00.05 | Mem:1.08M, Peak:1.08M | Scene, ViewLayer | Updating Geometry BVH Cylinder 41/47 | Building BVH
Fra:1 Mem:47.16M (Peak 68.11M) | Time:00:00.05 | Mem:1.09M, Peak:1.09M | Scene, ViewLayer | Updating Geometry BVH chamber_lower_pan 28/47 | Building BVH
Fra:1 Mem:47.16M (Peak 68.11M) | Time:00:00.05 | Mem:1.10M, Peak:1.10M | Scene, ViewLayer | Updating Geometry BVH Cylinder.012 29/47 | Building BVH
Fra:1 Mem:47.16M (Peak 68.11M) | Time:00:00.05 | Mem:1.14M, Peak:1.14M | Scene, ViewLayer | Updating Geometry BVH Cylinder.013 30/47 | Building BVH
Fra:1 Mem:47.16M (Peak 68.11M) | Time:00:00.05 | Mem:1.15M, Peak:1.15M | Scene, ViewLayer | Updating Geometry BVH Cube.073 32/47 | Building BVH
Fra:1 Mem:47.16M (Peak 68.11M) | Time:00:00.05 | Mem:1.16M, Peak:1.16M | Scene, ViewLayer | Updating Geometry BVH Cylinder.011 40/47 | Building BVH
Fra:1 Mem:47.16M (Peak 68.11M) | Time:00:00.05 | Mem:1.16M, Peak:1.17M | Scene, ViewLayer | Updating Geometry BVH Cube.075 34/47 | Building BVH
Fra:1 Mem:47.16M (Peak 68.11M) | Time:00:00.05 | Mem:1.18M, Peak:1.19M | Scene, ViewLayer | Updating Geometry BVH Cylinder.006 35/47 | Building BVH
Fra:1 Mem:47.16M (Peak 68.11M) | Time:00:00.05 | Mem:1.20M, Peak:1.20M | Scene, ViewLayer | Updating Geometry BVH Cylinder.010 39/47 | Building BVH
Fra:1 Mem:47.16M (Peak 68.11M) | Time:00:00.05 | Mem:1.22M, Peak:1.22M | Scene, ViewLayer | Updating Geometry BVH Cylinder.007 36/47 | Building BVH
Fra:1 Mem:47.16M (Peak 68.11M) | Time:00:00.05 | Mem:1.22M, Peak:1.23M | Scene, ViewLayer | Updating Geometry BVH Cylinder.008 37/47 | Building BVH
Fra:1 Mem:47.16M (Peak 68.11M) | Time:00:00.05 | Mem:1.22M, Peak:1.23M | Scene, ViewLayer | Updating Geometry BVH Cylinder.009 38/47 | Building BVH
Fra:1 Mem:47.16M (Peak 68.11M) | Time:00:00.05 | Mem:1.26M, Peak:1.27M | Scene, ViewLayer | Updating Scene BVH | Building
Fra:1 Mem:47.17M (Peak 68.11M) | Time:00:00.05 | Mem:1.26M, Peak:1.27M | Scene, ViewLayer | Updating Scene BVH | Building BVH
Fra:1 Mem:47.17M (Peak 68.11M) | Time:00:00.06 | Mem:2.33M, Peak:2.77M | Scene, ViewLayer | Updating Scene BVH | Copying BVH to device
Fra:1 Mem:47.17M (Peak 68.11M) | Time:00:00.06 | Mem:2.33M, Peak:2.77M | Scene, ViewLayer | Updating Mesh | Computing normals
Fra:1 Mem:49.06M (Peak 68.11M) | Time:00:00.06 | Mem:2.33M, Peak:2.77M | Scene, ViewLayer | Updating Mesh | Copying Mesh to device
Fra:1 Mem:49.06M (Peak 68.11M) | Time:00:00.06 | Mem:4.22M, Peak:4.22M | Scene, ViewLayer | Updating Objects Flags
Fra:1 Mem:49.06M (Peak 68.11M) | Time:00:00.06 | Mem:4.22M, Peak:4.22M | Scene, ViewLayer | Updating Primitive Offsets
Fra:1 Mem:49.06M (Peak 68.11M) | Time:00:00.06 | Mem:4.23M, Peak:4.23M | Scene, ViewLayer | Updating Images
Fra:1 Mem:49.06M (Peak 68.11M) | Time:00:00.06 | Mem:4.23M, Peak:4.23M | Scene, ViewLayer | Updating Camera Volume
Fra:1 Mem:49.06M (Peak 68.11M) | Time:00:00.06 | Mem:4.23M, Peak:4.23M | Scene, ViewLayer | Updating Lookup Tables
Fra:1 Mem:49.06M (Peak 68.11M) | Time:00:00.06 | Mem:4.31M, Peak:4.31M | Scene, ViewLayer | Updating Lights
Fra:1 Mem:49.06M (Peak 68.11M) | Time:00:00.06 | Mem:4.31M, Peak:4.31M | Scene, ViewLayer | Updating Lights | Computing distribution
Fra:1 Mem:49.06M (Peak 68.11M) | Time:00:00.06 | Mem:4.31M, Peak:4.31M | Scene, ViewLayer | Updating Lights | Computing tree
Fra:1 Mem:49.81M (Peak 68.11M) | Time:00:00.08 | Mem:5.06M, Peak:5.06M | Scene, ViewLayer | Updating Integrator
Fra:1 Mem:50.81M (Peak 68.11M) | Time:00:00.08 | Mem:6.06M, Peak:6.06M | Scene, ViewLayer | Updating Film
Fra:1 Mem:50.81M (Peak 68.11M) | Time:00:00.08 | Mem:5.98M, Peak:6.06M | Scene, ViewLayer | Updating Lookup Tables
Fra:1 Mem:50.81M (Peak 68.11M) | Time:00:00.08 | Mem:6.06M, Peak:6.06M | Scene, ViewLayer | Updating Baking
Fra:1 Mem:50.81M (Peak 68.11M) | Time:00:00.08 | Mem:6.06M, Peak:6.06M | Scene, ViewLayer | Updating Device | Writing constant memory
Fra:1 Mem:50.83M (Peak 68.11M) | Time:00:00.08 | Mem:6.06M, Peak:6.06M | Scene, ViewLayer | Sample 0/16
Fra:1 Mem:83.81M (Peak 83.81M) | Time:00:00.43 | Remaining:00:05.22 | Mem:39.02M, Peak:39.02M | Scene, ViewLayer | Sample 1/16
Fra:1 Mem:98.46M (Peak 127.76M) | Time:00:04.86 | Mem:39.02M, Peak:39.02M | Scene, ViewLayer | Sample 16/16
Fra:1 Mem:98.46M (Peak 127.76M) | Time:00:04.86 | Mem:39.02M, Peak:39.02M | Scene, ViewLayer | Finished
Saved: '/tmp/passenger-monitor-clean-jhrfe9xw/tools/assets/passenger-vault/monitoring/room-placement.png'
Time: 00:04.95 (Saving: 00:00.08)

Info: Saved "north.blend"
02:10:46 | ERROR: Draco mesh compression is not available because library could not be found at /usr/bin/4.0/python/lib/python3.12/site-packages/libextern_draco.so
02:10:46 | INFO: Starting glTF 2.0 export
02:10:46 | INFO: Extracting primitive: Cube.001
02:10:46 | INFO: Primitives created: 1
02:10:46 | INFO: Extracting primitive: Cube.002
02:10:46 | INFO: Primitives created: 1
02:10:46 | INFO: Extracting primitive: Cube.003
02:10:46 | INFO: Primitives created: 1
02:10:46 | INFO: Extracting primitive: Cube.004
02:10:46 | INFO: Primitives created: 1
02:10:46 | INFO: Extracting primitive: Cube.005
02:10:46 | INFO: Primitives created: 1
02:10:46 | INFO: Extracting primitive: Cube.006
02:10:46 | INFO: Primitives created: 1
02:10:46 | INFO: Extracting primitive: instrument_wedge
02:10:46 | INFO: Primitives created: 1
02:10:46 | INFO: Extracting primitive: Cube.007
02:10:46 | INFO: Primitives created: 1
02:10:46 | INFO: Extracting primitive: instrument_cheek_north
02:10:46 | INFO: Primitives created: 1
02:10:46 | INFO: Extracting primitive: instrument_cheek_south
02:10:46 | INFO: Primitives created: 1
02:10:46 | INFO: Extracting primitive: display_bezel
02:10:46 | INFO: Primitives created: 1
02:10:46 | INFO: Extracting primitive: operating_display
02:10:46 | INFO: Primitives created: 1
02:10:46 | INFO: Extracting primitive: Cube.008
02:10:46 | INFO: Primitives created: 1
02:10:46 | INFO: Extracting primitive: Cube.009
02:10:46 | INFO: Primitives created: 1
02:10:46 | INFO: Extracting primitive: Cube.010
02:10:46 | INFO: Primitives created: 1
02:10:46 | INFO: Extracting primitive: Cube.011
02:10:46 | INFO: Primitives created: 1
02:10:46 | INFO: Extracting primitive: Cube.012
02:10:46 | INFO: Primitives created: 1
02:10:46 | INFO: Extracting primitive: Cube.013
02:10:46 | INFO: Primitives created: 1
02:10:46 | INFO: Extracting primitive: Cube.014
02:10:46 | INFO: Primitives created: 1
02:10:46 | INFO: Extracting primitive: Cube.015
02:10:46 | INFO: Primitives created: 1
02:10:46 | INFO: Extracting primitive: Cube.016
02:10:46 | INFO: Primitives created: 1
02:10:46 | INFO: Extracting primitive: Cube.017
02:10:46 | INFO: Primitives created: 1
02:10:46 | INFO: Finished glTF 2.0 export in 0.018661975860595703 s

Data are loaded, start creating Blender stuff
glTF import finished in 0.01s
Info: Saved "south.blend"
02:10:52 | ERROR: Draco mesh compression is not available because library could not be found at /usr/bin/4.0/python/lib/python3.12/site-packages/libextern_draco.so
02:10:52 | INFO: Starting glTF 2.0 export
02:10:52 | INFO: Extracting primitive: Cube.035
02:10:52 | INFO: Primitives created: 1
02:10:52 | INFO: Extracting primitive: Cube.036
02:10:52 | INFO: Primitives created: 1
02:10:52 | INFO: Extracting primitive: Cube.037
02:10:52 | INFO: Primitives created: 1
02:10:52 | INFO: Extracting primitive: Cube.038
02:10:52 | INFO: Primitives created: 1
02:10:52 | INFO: Extracting primitive: Cube.039
02:10:52 | INFO: Primitives created: 1
02:10:52 | INFO: Extracting primitive: Cube.040
02:10:52 | INFO: Primitives created: 1
02:10:52 | INFO: Extracting primitive: instrument_wedge.002
02:10:52 | INFO: Primitives created: 1
02:10:52 | INFO: Extracting primitive: Cube.041
02:10:52 | INFO: Primitives created: 1
02:10:52 | INFO: Extracting primitive: instrument_cheek_north.002
02:10:52 | INFO: Primitives created: 1
02:10:52 | INFO: Extracting primitive: instrument_cheek_south.002
02:10:52 | INFO: Primitives created: 1
02:10:52 | INFO: Extracting primitive: display_bezel.002
02:10:52 | INFO: Primitives created: 1
02:10:52 | INFO: Extracting primitive: operating_display.002
02:10:52 | INFO: Primitives created: 1
02:10:52 | INFO: Extracting primitive: Cube.042
02:10:52 | INFO: Primitives created: 1
02:10:52 | INFO: Extracting primitive: Cube.043
02:10:52 | INFO: Primitives created: 1
02:10:52 | INFO: Extracting primitive: Cube.044
02:10:52 | INFO: Primitives created: 1
02:10:52 | INFO: Extracting primitive: Cube.045
02:10:52 | INFO: Primitives created: 1
02:10:52 | INFO: Extracting primitive: Cube.046
02:10:52 | INFO: Primitives created: 1
02:10:52 | INFO: Extracting primitive: Cube.047
02:10:52 | INFO: Primitives created: 1
02:10:52 | INFO: Extracting primitive: Cube.048
02:10:52 | INFO: Primitives created: 1
02:10:52 | INFO: Extracting primitive: Cube.049
02:10:52 | INFO: Primitives created: 1
02:10:52 | INFO: Extracting primitive: Cube.050
02:10:52 | INFO: Primitives created: 1
02:10:52 | INFO: Extracting primitive: Cube.051
02:10:52 | INFO: Primitives created: 1
02:10:52 | INFO: Finished glTF 2.0 export in 0.01792430877685547 s

Data are loaded, start creating Blender stuff
glTF import finished in 0.01s
Data are loaded, start creating Blender stuff
glTF import finished in 0.02s
Data are loaded, start creating Blender stuff
glTF import finished in 0.01s
Data are loaded, start creating Blender stuff
glTF import finished in 0.10s
Data are loaded, start creating Blender stuff
glTF import finished in 0.15s
Data are loaded, start creating Blender stuff
glTF import finished in 0.04s
Data are loaded, start creating Blender stuff
glTF import finished in 0.04s
MONITOR_VERIFIED {"north": {"bounds_blender_m": [[-1.875, -1.25, 0.0], [1.875, 1.25, 1.2100000381469727]], "mesh_objects": 22, "triangles": 264, "deck_probes": 9, "support_contacts": 12, "exposed_fittings": 11, "closed_front_probes": 18}, "south": {"bounds_blender_m": [[-1.875, -1.25, 0.0], [1.875, 1.25, 0.9599999785423279]], "mesh_objects": 22, "triangles": 264, "deck_probes": 9, "support_contacts": 12, "exposed_fittings": 11, "closed_front_probes": 18}, "room_context": {"carriers": 4, "chambers": 16, "routes": 12, "monitors": [{"id": "MN", "meshes": 22, "bounds_game": [1040.0, 240.0, 1160.0, 320.0], "height_game": 38.720001220703125, "west_direction": [-1, 0, 0]}, {"id": "MS", "meshes": 22, "bounds_game": [1040.0, 560.0, 1160.0, 640.0], "height_game": 30.719999313354492, "west_direction": [-1, 0, 0]}]}}

Blender quit
