Blender 4.0.2
Info: Total files 0 | Changed 0 | Failed 0
Info: Saved "north.blend"
02:23:24 | ERROR: Draco mesh compression is not available because library could not be found at /usr/bin/4.0/python/lib/python3.12/site-packages/libextern_draco.so
/usr/share/blender/scripts/addons/io_scene_gltf2/io/exp/gltf2_io_image_data.py:25: SyntaxWarning: invalid escape sequence '\.'
  regex_dot = re.compile("\.")
/usr/share/blender/scripts/addons/io_scene_gltf2/io/exp/gltf2_io_image_data.py:27: SyntaxWarning: invalid escape sequence '\]'
  new_name = "".join([char for char in adjusted_name if char not in "!#$&'()*+,/:;<>?@[\]^`{|}~"])
02:23:24 | INFO: Starting glTF 2.0 export
02:23:24 | INFO: Extracting primitive: Cube.001
02:23:24 | INFO: Primitives created: 1
02:23:24 | INFO: Extracting primitive: Cube.002
02:23:24 | INFO: Primitives created: 1
02:23:24 | INFO: Extracting primitive: Cube.003
02:23:24 | INFO: Primitives created: 1
02:23:24 | INFO: Extracting primitive: Cube.004
02:23:24 | INFO: Primitives created: 1
02:23:24 | INFO: Extracting primitive: Cube.005
02:23:24 | INFO: Primitives created: 1
02:23:24 | INFO: Extracting primitive: Cube.006
02:23:24 | INFO: Primitives created: 1
02:23:24 | INFO: Extracting primitive: instrument_wedge
02:23:24 | INFO: Primitives created: 1
02:23:24 | INFO: Extracting primitive: rear_service_cover
02:23:24 | INFO: Primitives created: 1
02:23:24 | INFO: Extracting primitive: instrument_cheek_north
02:23:24 | INFO: Primitives created: 1
02:23:24 | INFO: Extracting primitive: instrument_cheek_south
02:23:24 | INFO: Primitives created: 1
02:23:24 | INFO: Extracting primitive: display_bezel
02:23:24 | INFO: Primitives created: 1
02:23:24 | INFO: Extracting primitive: operating_display
02:23:24 | INFO: Primitives created: 1
02:23:24 | INFO: Extracting primitive: Cube.007
02:23:24 | INFO: Primitives created: 1
02:23:24 | INFO: Extracting primitive: Cube.008
02:23:24 | INFO: Primitives created: 1
02:23:24 | INFO: Extracting primitive: Cube.009
02:23:24 | INFO: Primitives created: 1
02:23:24 | INFO: Extracting primitive: Cube.010
02:23:24 | INFO: Primitives created: 1
02:23:24 | INFO: Extracting primitive: Cube.011
02:23:24 | INFO: Primitives created: 1
02:23:24 | INFO: Extracting primitive: Cube.012
02:23:24 | INFO: Primitives created: 1
02:23:24 | INFO: Extracting primitive: Cube.013
02:23:24 | INFO: Primitives created: 1
02:23:24 | INFO: Extracting primitive: Cube.014
02:23:24 | INFO: Primitives created: 1
02:23:24 | INFO: Extracting primitive: Cube.015
02:23:24 | INFO: Primitives created: 1
02:23:24 | INFO: Extracting primitive: Cube.016
02:23:24 | INFO: Primitives created: 1
02:23:24 | INFO: Finished glTF 2.0 export in 0.019048690795898438 s

Data are loaded, start creating Blender stuff
glTF import finished in 0.01s
Fra:1 Mem:14.03M (Peak 14.03M) | Time:00:00.00 | Mem:0.00M, Peak:0.00M | Scene, ViewLayer | Synchronizing object | source_label
Fra:1 Mem:14.32M (Peak 14.32M) | Time:00:00.00 | Mem:0.00M, Peak:0.00M | Scene, ViewLayer | Synchronizing object | deck_plinth
Fra:1 Mem:14.32M (Peak 14.32M) | Time:00:00.00 | Mem:0.00M, Peak:0.00M | Scene, ViewLayer | Synchronizing object | side_north
Fra:1 Mem:14.33M (Peak 14.33M) | Time:00:00.00 | Mem:0.00M, Peak:0.00M | Scene, ViewLayer | Synchronizing object | side_south
Fra:1 Mem:15.34M (Peak 15.34M) | Time:00:00.00 | Mem:0.00M, Peak:0.00M | Scene, ViewLayer | Synchronizing object | central_bulkhead
Fra:1 Mem:16.36M (Peak 16.36M) | Time:00:00.00 | Mem:0.00M, Peak:0.00M | Scene, ViewLayer | Synchronizing object | electronics_pack_1
Fra:1 Mem:16.34M (Peak 16.36M) | Time:00:00.00 | Mem:0.00M, Peak:0.00M | Scene, ViewLayer | Synchronizing object | electronics_tray_1
Fra:1 Mem:16.35M (Peak 16.36M) | Time:00:00.00 | Mem:0.00M, Peak:0.00M | Scene, ViewLayer | Synchronizing object | instrument_cheek_south
Fra:1 Mem:16.37M (Peak 16.37M) | Time:00:00.00 | Mem:0.00M, Peak:0.00M | Scene, ViewLayer | Synchronizing object | display_bezel
Fra:1 Mem:16.37M (Peak 16.37M) | Time:00:00.00 | Mem:0.00M, Peak:0.00M | Scene, ViewLayer | Synchronizing object | operating_display
Fra:1 Mem:16.36M (Peak 16.37M) | Time:00:00.00 | Mem:0.00M, Peak:0.00M | Scene, ViewLayer | Synchronizing object | panel_seam_0
Fra:1 Mem:16.37M (Peak 16.37M) | Time:00:00.00 | Mem:0.00M, Peak:0.00M | Scene, ViewLayer | Synchronizing object | latch_0
Fra:1 Mem:16.39M (Peak 16.39M) | Time:00:00.00 | Mem:0.00M, Peak:0.00M | Scene, ViewLayer | Synchronizing object | electronics_tray_0
Fra:1 Mem:16.39M (Peak 16.39M) | Time:00:00.00 | Mem:0.00M, Peak:0.00M | Scene, ViewLayer | Synchronizing object | electronics_pack_0
Fra:1 Mem:16.38M (Peak 16.39M) | Time:00:00.00 | Mem:0.00M, Peak:0.00M | Scene, ViewLayer | Synchronizing object | service_panel_1
Fra:1 Mem:16.38M (Peak 16.39M) | Time:00:00.00 | Mem:0.00M, Peak:0.00M | Scene, ViewLayer | Synchronizing object | panel_seam_1
Fra:1 Mem:16.38M (Peak 16.39M) | Time:00:00.00 | Mem:0.00M, Peak:0.00M | Scene, ViewLayer | Initializing
Fra:1 Mem:14.45M (Peak 16.39M) | Time:00:00.00 | Mem:0.00M, Peak:0.00M | Scene, ViewLayer | Waiting for render to start
Fra:1 Mem:14.45M (Peak 16.39M) | Time:00:00.00 | Mem:0.00M, Peak:0.00M | Scene, ViewLayer | Loading render kernels (may take a few minutes the first time)
Fra:1 Mem:14.45M (Peak 16.39M) | Time:00:00.00 | Mem:0.00M, Peak:0.00M | Scene, ViewLayer | Updating Scene
Fra:1 Mem:14.45M (Peak 16.39M) | Time:00:00.00 | Mem:0.00M, Peak:0.00M | Scene, ViewLayer | Updating Shaders
Fra:1 Mem:14.54M (Peak 16.39M) | Time:00:00.00 | Mem:0.00M, Peak:0.00M | Scene, ViewLayer | Updating Procedurals
Fra:1 Mem:14.54M (Peak 16.39M) | Time:00:00.00 | Mem:0.00M, Peak:0.00M | Scene, ViewLayer | Updating Background
Fra:1 Mem:14.54M (Peak 16.39M) | Time:00:00.00 | Mem:0.00M, Peak:0.00M | Scene, ViewLayer | Updating Camera
Fra:1 Mem:14.54M (Peak 16.39M) | Time:00:00.00 | Mem:0.00M, Peak:0.00M | Scene, ViewLayer | Updating Meshes Flags
Fra:1 Mem:14.54M (Peak 16.39M) | Time:00:00.00 | Mem:0.00M, Peak:0.00M | Scene, ViewLayer | Updating Objects
Fra:1 Mem:14.54M (Peak 16.39M) | Time:00:00.00 | Mem:0.00M, Peak:0.00M | Scene, ViewLayer | Updating Objects | Copying Transformations to device
Fra:1 Mem:14.54M (Peak 16.39M) | Time:00:00.00 | Mem:0.01M, Peak:0.01M | Scene, ViewLayer | Updating Objects | Applying Static Transformations
Fra:1 Mem:14.54M (Peak 16.39M) | Time:00:00.00 | Mem:0.01M, Peak:0.01M | Scene, ViewLayer | Updating Particle Systems
Fra:1 Mem:14.54M (Peak 16.39M) | Time:00:00.00 | Mem:0.01M, Peak:0.01M | Scene, ViewLayer | Updating Particle Systems | Copying Particles to device
Fra:1 Mem:14.54M (Peak 16.39M) | Time:00:00.00 | Mem:0.01M, Peak:0.01M | Scene, ViewLayer | Updating Meshes
Fra:1 Mem:14.60M (Peak 16.39M) | Time:00:00.00 | Mem:0.01M, Peak:0.01M | Scene, ViewLayer | Updating Mesh | Computing attributes
Fra:1 Mem:14.66M (Peak 16.39M) | Time:00:00.00 | Mem:0.01M, Peak:0.01M | Scene, ViewLayer | Updating Mesh | Copying Attributes to device
Fra:1 Mem:14.66M (Peak 16.39M) | Time:00:00.00 | Mem:0.06M, Peak:0.06M | Scene, ViewLayer | Updating Scene BVH | Building
Fra:1 Mem:14.66M (Peak 16.39M) | Time:00:00.00 | Mem:0.06M, Peak:0.06M | Scene, ViewLayer | Updating Scene BVH | Building BVH
Fra:1 Mem:14.66M (Peak 16.39M) | Time:00:00.00 | Mem:0.19M, Peak:0.19M | Scene, ViewLayer | Updating Scene BVH | Building BVH 0%
Fra:1 Mem:14.66M (Peak 16.39M) | Time:00:00.01 | Mem:0.34M, Peak:0.46M | Scene, ViewLayer | Updating Scene BVH | Copying BVH to device
Fra:1 Mem:14.66M (Peak 16.39M) | Time:00:00.01 | Mem:0.34M, Peak:0.46M | Scene, ViewLayer | Updating Mesh | Computing normals
Fra:1 Mem:14.88M (Peak 16.39M) | Time:00:00.01 | Mem:0.34M, Peak:0.46M | Scene, ViewLayer | Updating Mesh | Copying Mesh to device
Fra:1 Mem:14.88M (Peak 16.39M) | Time:00:00.01 | Mem:0.56M, Peak:0.56M | Scene, ViewLayer | Updating Objects Flags
Fra:1 Mem:14.88M (Peak 16.39M) | Time:00:00.01 | Mem:0.56M, Peak:0.56M | Scene, ViewLayer | Updating Primitive Offsets
Fra:1 Mem:14.88M (Peak 16.39M) | Time:00:00.01 | Mem:0.56M, Peak:0.56M | Scene, ViewLayer | Updating Images
Fra:1 Mem:14.88M (Peak 16.39M) | Time:00:00.01 | Mem:0.56M, Peak:0.56M | Scene, ViewLayer | Updating Camera Volume
Fra:1 Mem:14.88M (Peak 16.39M) | Time:00:00.01 | Mem:0.56M, Peak:0.56M | Scene, ViewLayer | Updating Lookup Tables
Fra:1 Mem:14.88M (Peak 16.39M) | Time:00:00.01 | Mem:0.64M, Peak:0.64M | Scene, ViewLayer | Updating Lights
Fra:1 Mem:14.88M (Peak 16.39M) | Time:00:00.01 | Mem:0.64M, Peak:0.64M | Scene, ViewLayer | Updating Lights | Computing distribution
Fra:1 Mem:14.88M (Peak 16.39M) | Time:00:00.01 | Mem:0.64M, Peak:0.64M | Scene, ViewLayer | Updating Lights | Computing tree
Fra:1 Mem:15.59M (Peak 16.39M) | Time:00:00.02 | Mem:1.35M, Peak:1.35M | Scene, ViewLayer | Updating Integrator
Fra:1 Mem:16.59M (Peak 16.59M) | Time:00:00.02 | Mem:2.35M, Peak:2.35M | Scene, ViewLayer | Updating Film
Fra:1 Mem:16.60M (Peak 16.60M) | Time:00:00.02 | Mem:2.27M, Peak:2.35M | Scene, ViewLayer | Updating Lookup Tables
Fra:1 Mem:16.60M (Peak 16.60M) | Time:00:00.02 | Mem:2.36M, Peak:2.36M | Scene, ViewLayer | Updating Baking
Fra:1 Mem:16.60M (Peak 16.60M) | Time:00:00.02 | Mem:2.36M, Peak:2.36M | Scene, ViewLayer | Updating Device | Writing constant memory
Fra:1 Mem:16.60M (Peak 16.60M) | Time:00:00.02 | Mem:2.36M, Peak:2.36M | Scene, ViewLayer | Sample 0/16
Fra:1 Mem:49.58M (Peak 49.58M) | Time:00:00.22 | Remaining:00:02.89 | Mem:35.32M, Peak:35.32M | Scene, ViewLayer | Sample 1/16
Fra:1 Mem:64.23M (Peak 93.53M) | Time:00:02.36 | Mem:35.32M, Peak:35.32M | Scene, ViewLayer | Sample 16/16
Fra:1 Mem:64.23M (Peak 93.53M) | Time:00:02.36 | Mem:35.32M, Peak:35.32M | Scene, ViewLayer | Finished
Saved: '/tmp/passenger-monitor-clean-m_ygzp4e/tools/assets/passenger-vault/monitoring/north-closed.png'
Time: 00:02.55 (Saving: 00:00.18)

Fra:1 Mem:20.29M (Peak 20.29M) | Time:00:00.00 | Mem:0.00M, Peak:0.00M | Scene, ViewLayer | Synchronizing object | SOURCE_torso
Fra:1 Mem:20.30M (Peak 20.30M) | Time:00:00.00 | Mem:0.00M, Peak:0.00M | Scene, ViewLayer | Synchronizing object | SOURCE_leg.001
Fra:1 Mem:20.30M (Peak 20.30M) | Time:00:00.00 | Mem:0.00M, Peak:0.00M | Scene, ViewLayer | Synchronizing object | SOURCE_dimension_tick
Fra:1 Mem:20.30M (Peak 20.30M) | Time:00:00.00 | Mem:0.00M, Peak:0.00M | Scene, ViewLayer | Synchronizing object | SOURCE_dimension_tick.001
Fra:1 Mem:21.26M (Peak 21.45M) | Time:00:00.00 | Mem:0.00M, Peak:0.00M | Scene, ViewLayer | Synchronizing object | deck_plinth
Fra:1 Mem:21.26M (Peak 21.45M) | Time:00:00.01 | Mem:0.00M, Peak:0.00M | Scene, ViewLayer | Synchronizing object | rear_service_cover
Fra:1 Mem:21.28M (Peak 21.45M) | Time:00:00.01 | Mem:0.00M, Peak:0.00M | Scene, ViewLayer | Synchronizing object | electronics_pack_1
Fra:1 Mem:21.28M (Peak 21.45M) | Time:00:00.01 | Mem:0.00M, Peak:0.00M | Scene, ViewLayer | Synchronizing object | instrument_cheek_north
Fra:1 Mem:21.30M (Peak 21.45M) | Time:00:00.01 | Mem:0.00M, Peak:0.00M | Scene, ViewLayer | Synchronizing object | instrument_cheek_south
Fra:1 Mem:21.28M (Peak 21.45M) | Time:00:00.01 | Mem:0.00M, Peak:0.00M | Scene, ViewLayer | Synchronizing object | electronics_pack_0
Fra:1 Mem:21.31M (Peak 21.45M) | Time:00:00.01 | Mem:0.00M, Peak:0.00M | Scene, ViewLayer | Synchronizing object | electronics_tray_1
Fra:1 Mem:21.29M (Peak 21.45M) | Time:00:00.01 | Mem:0.00M, Peak:0.00M | Scene, ViewLayer | Synchronizing object | service_panel_1
Fra:1 Mem:21.29M (Peak 21.45M) | Time:00:00.01 | Mem:0.00M, Peak:0.00M | Scene, ViewLayer | Synchronizing object | latch_1
Fra:1 Mem:21.29M (Peak 21.45M) | Time:00:00.01 | Mem:0.00M, Peak:0.00M | Scene, ViewLayer | Initializing
Fra:1 Mem:17.30M (Peak 21.45M) | Time:00:00.01 | Mem:0.00M, Peak:0.00M | Scene, ViewLayer | Waiting for render to start
Fra:1 Mem:17.30M (Peak 21.45M) | Time:00:00.01 | Mem:0.00M, Peak:0.00M | Scene, ViewLayer | Loading render kernels (may take a few minutes the first time)
Fra:1 Mem:17.30M (Peak 21.45M) | Time:00:00.01 | Mem:0.00M, Peak:0.00M | Scene, ViewLayer | Updating Scene
Fra:1 Mem:17.30M (Peak 21.45M) | Time:00:00.01 | Mem:0.00M, Peak:0.00M | Scene, ViewLayer | Updating Shaders
Fra:1 Mem:17.38M (Peak 21.45M) | Time:00:00.01 | Mem:0.00M, Peak:0.00M | Scene, ViewLayer | Updating Procedurals
Fra:1 Mem:17.38M (Peak 21.45M) | Time:00:00.01 | Mem:0.00M, Peak:0.00M | Scene, ViewLayer | Updating Background
Fra:1 Mem:17.38M (Peak 21.45M) | Time:00:00.01 | Mem:0.00M, Peak:0.00M | Scene, ViewLayer | Updating Camera
Fra:1 Mem:17.38M (Peak 21.45M) | Time:00:00.01 | Mem:0.00M, Peak:0.00M | Scene, ViewLayer | Updating Meshes Flags
Fra:1 Mem:17.38M (Peak 21.45M) | Time:00:00.01 | Mem:0.00M, Peak:0.00M | Scene, ViewLayer | Updating Objects
Fra:1 Mem:17.38M (Peak 21.45M) | Time:00:00.01 | Mem:0.00M, Peak:0.00M | Scene, ViewLayer | Updating Objects | Copying Transformations to device
Fra:1 Mem:17.39M (Peak 21.45M) | Time:00:00.01 | Mem:0.01M, Peak:0.01M | Scene, ViewLayer | Updating Objects | Applying Static Transformations
Fra:1 Mem:17.39M (Peak 21.45M) | Time:00:00.01 | Mem:0.01M, Peak:0.01M | Scene, ViewLayer | Updating Particle Systems
Fra:1 Mem:17.39M (Peak 21.45M) | Time:00:00.01 | Mem:0.01M, Peak:0.01M | Scene, ViewLayer | Updating Particle Systems | Copying Particles to device
Fra:1 Mem:17.39M (Peak 21.45M) | Time:00:00.01 | Mem:0.01M, Peak:0.01M | Scene, ViewLayer | Updating Meshes
Fra:1 Mem:17.58M (Peak 21.45M) | Time:00:00.01 | Mem:0.01M, Peak:0.01M | Scene, ViewLayer | Updating Mesh | Computing attributes
Fra:1 Mem:17.73M (Peak 21.45M) | Time:00:00.01 | Mem:0.01M, Peak:0.01M | Scene, ViewLayer | Updating Mesh | Copying Attributes to device
Fra:1 Mem:17.73M (Peak 21.45M) | Time:00:00.01 | Mem:0.16M, Peak:0.16M | Scene, ViewLayer | Updating Scene BVH | Building
Fra:1 Mem:17.73M (Peak 21.45M) | Time:00:00.01 | Mem:0.16M, Peak:0.16M | Scene, ViewLayer | Updating Scene BVH | Building BVH
Fra:1 Mem:17.73M (Peak 21.45M) | Time:00:00.01 | Mem:0.54M, Peak:0.54M | Scene, ViewLayer | Updating Scene BVH | Building BVH 0%
Fra:1 Mem:17.73M (Peak 21.45M) | Time:00:00.01 | Mem:1.00M, Peak:1.38M | Scene, ViewLayer | Updating Scene BVH | Copying BVH to device
Fra:1 Mem:17.73M (Peak 21.45M) | Time:00:00.01 | Mem:1.00M, Peak:1.38M | Scene, ViewLayer | Updating Mesh | Computing normals
Fra:1 Mem:18.36M (Peak 21.45M) | Time:00:00.01 | Mem:1.00M, Peak:1.38M | Scene, ViewLayer | Updating Mesh | Copying Mesh to device
Fra:1 Mem:18.36M (Peak 21.45M) | Time:00:00.01 | Mem:1.64M, Peak:1.64M | Scene, ViewLayer | Updating Objects Flags
Fra:1 Mem:18.36M (Peak 21.45M) | Time:00:00.01 | Mem:1.64M, Peak:1.64M | Scene, ViewLayer | Updating Primitive Offsets
Fra:1 Mem:18.36M (Peak 21.45M) | Time:00:00.01 | Mem:1.64M, Peak:1.64M | Scene, ViewLayer | Updating Images
Fra:1 Mem:18.36M (Peak 21.45M) | Time:00:00.01 | Mem:1.64M, Peak:1.64M | Scene, ViewLayer | Updating Camera Volume
Fra:1 Mem:18.36M (Peak 21.45M) | Time:00:00.01 | Mem:1.64M, Peak:1.64M | Scene, ViewLayer | Updating Lookup Tables
Fra:1 Mem:18.36M (Peak 21.45M) | Time:00:00.01 | Mem:1.72M, Peak:1.72M | Scene, ViewLayer | Updating Lights
Fra:1 Mem:18.36M (Peak 21.45M) | Time:00:00.01 | Mem:1.72M, Peak:1.72M | Scene, ViewLayer | Updating Lights | Computing distribution
Fra:1 Mem:18.36M (Peak 21.45M) | Time:00:00.01 | Mem:1.72M, Peak:1.72M | Scene, ViewLayer | Updating Lights | Computing tree
Fra:1 Mem:20.63M (Peak 22.12M) | Time:00:00.04 | Mem:3.99M, Peak:3.99M | Scene, ViewLayer | Updating Integrator
Fra:1 Mem:21.63M (Peak 22.12M) | Time:00:00.04 | Mem:4.99M, Peak:4.99M | Scene, ViewLayer | Updating Film
Fra:1 Mem:21.64M (Peak 22.12M) | Time:00:00.04 | Mem:4.91M, Peak:4.99M | Scene, ViewLayer | Updating Lookup Tables
Fra:1 Mem:21.64M (Peak 22.12M) | Time:00:00.04 | Mem:4.99M, Peak:4.99M | Scene, ViewLayer | Updating Baking
Fra:1 Mem:21.64M (Peak 22.12M) | Time:00:00.04 | Mem:4.99M, Peak:4.99M | Scene, ViewLayer | Updating Device | Writing constant memory
Fra:1 Mem:21.64M (Peak 22.12M) | Time:00:00.04 | Mem:4.99M, Peak:4.99M | Scene, ViewLayer | Sample 0/16
Fra:1 Mem:54.62M (Peak 54.62M) | Time:00:00.29 | Remaining:00:03.67 | Mem:37.95M, Peak:37.95M | Scene, ViewLayer | Sample 1/16
Fra:1 Mem:69.27M (Peak 98.57M) | Time:00:03.18 | Mem:37.95M, Peak:37.95M | Scene, ViewLayer | Sample 16/16
Fra:1 Mem:69.27M (Peak 98.57M) | Time:00:03.18 | Mem:37.95M, Peak:37.95M | Scene, ViewLayer | Finished
Saved: '/tmp/passenger-monitor-clean-m_ygzp4e/tools/assets/passenger-vault/monitoring/north-cutaway.png'
Time: 00:03.27 (Saving: 00:00.08)

Info: Saved "south.blend"
02:23:30 | ERROR: Draco mesh compression is not available because library could not be found at /usr/bin/4.0/python/lib/python3.12/site-packages/libextern_draco.so
02:23:30 | INFO: Starting glTF 2.0 export
02:23:30 | INFO: Extracting primitive: Cube.037
02:23:30 | INFO: Primitives created: 1
02:23:30 | INFO: Extracting primitive: Cube.038
02:23:30 | INFO: Primitives created: 1
02:23:30 | INFO: Extracting primitive: Cube.039
02:23:30 | INFO: Primitives created: 1
02:23:30 | INFO: Extracting primitive: Cube.040
02:23:30 | INFO: Primitives created: 1
02:23:30 | INFO: Extracting primitive: Cube.041
02:23:30 | INFO: Primitives created: 1
02:23:30 | INFO: Extracting primitive: Cube.042
02:23:30 | INFO: Primitives created: 1
02:23:30 | INFO: Extracting primitive: instrument_wedge.002
02:23:30 | INFO: Primitives created: 1
02:23:30 | INFO: Extracting primitive: rear_service_cover.002
02:23:30 | INFO: Primitives created: 1
02:23:30 | INFO: Extracting primitive: instrument_cheek_north.002
02:23:30 | INFO: Primitives created: 1
02:23:30 | INFO: Extracting primitive: instrument_cheek_south.002
02:23:30 | INFO: Primitives created: 1
02:23:30 | INFO: Extracting primitive: display_bezel.002
02:23:30 | INFO: Primitives created: 1
02:23:30 | INFO: Extracting primitive: operating_display.002
02:23:30 | INFO: Primitives created: 1
02:23:30 | INFO: Extracting primitive: Cube.043
02:23:30 | INFO: Primitives created: 1
02:23:30 | INFO: Extracting primitive: Cube.044
02:23:30 | INFO: Primitives created: 1
02:23:30 | INFO: Extracting primitive: Cube.045
02:23:30 | INFO: Primitives created: 1
02:23:30 | INFO: Extracting primitive: Cube.046
02:23:30 | INFO: Primitives created: 1
02:23:30 | INFO: Extracting primitive: Cube.047
02:23:30 | INFO: Primitives created: 1
02:23:30 | INFO: Extracting primitive: Cube.048
02:23:30 | INFO: Primitives created: 1
02:23:30 | INFO: Extracting primitive: Cube.049
02:23:30 | INFO: Primitives created: 1
02:23:30 | INFO: Extracting primitive: Cube.050
02:23:30 | INFO: Primitives created: 1
02:23:30 | INFO: Extracting primitive: Cube.051
02:23:30 | INFO: Primitives created: 1
02:23:30 | INFO: Extracting primitive: Cube.052
02:23:30 | INFO: Primitives created: 1
02:23:30 | INFO: Finished glTF 2.0 export in 0.01860833168029785 s

Data are loaded, start creating Blender stuff
glTF import finished in 0.01s
Fra:1 Mem:16.78M (Peak 16.78M) | Time:00:00.00 | Mem:0.00M, Peak:0.00M | Scene, ViewLayer | Synchronizing object | source_label
Fra:1 Mem:17.09M (Peak 17.09M) | Time:00:00.00 | Mem:0.00M, Peak:0.00M | Scene, ViewLayer | Synchronizing object | deck_plinth
Fra:1 Mem:17.09M (Peak 17.09M) | Time:00:00.00 | Mem:0.00M, Peak:0.00M | Scene, ViewLayer | Synchronizing object | side_south
Fra:1 Mem:17.11M (Peak 17.11M) | Time:00:00.00 | Mem:0.00M, Peak:0.00M | Scene, ViewLayer | Synchronizing object | central_bulkhead
Fra:1 Mem:17.11M (Peak 17.11M) | Time:00:00.00 | Mem:0.00M, Peak:0.00M | Scene, ViewLayer | Synchronizing object | service_worktop
Fra:1 Mem:17.12M (Peak 17.12M) | Time:00:00.00 | Mem:0.00M, Peak:0.00M | Scene, ViewLayer | Synchronizing object | electronics_pack_1
Fra:1 Mem:17.13M (Peak 17.13M) | Time:00:00.00 | Mem:0.00M, Peak:0.00M | Scene, ViewLayer | Synchronizing object | rear_service_cover
Fra:1 Mem:17.12M (Peak 17.13M) | Time:00:00.00 | Mem:0.00M, Peak:0.00M | Scene, ViewLayer | Synchronizing object | instrument_cheek_south
Fra:1 Mem:17.12M (Peak 17.13M) | Time:00:00.00 | Mem:0.00M, Peak:0.00M | Scene, ViewLayer | Synchronizing object | display_bezel
Fra:1 Mem:17.14M (Peak 17.14M) | Time:00:00.00 | Mem:0.00M, Peak:0.00M | Scene, ViewLayer | Synchronizing object | electronics_tray_1
Fra:1 Mem:17.13M (Peak 17.14M) | Time:00:00.00 | Mem:0.00M, Peak:0.00M | Scene, ViewLayer | Synchronizing object | service_panel_0
Fra:1 Mem:17.14M (Peak 17.14M) | Time:00:00.00 | Mem:0.00M, Peak:0.00M | Scene, ViewLayer | Synchronizing object | panel_seam_0
Fra:1 Mem:17.13M (Peak 17.14M) | Time:00:00.00 | Mem:0.00M, Peak:0.00M | Scene, ViewLayer | Synchronizing object | latch_0
Fra:1 Mem:17.13M (Peak 17.14M) | Time:00:00.00 | Mem:0.00M, Peak:0.00M | Scene, ViewLayer | Synchronizing object | electronics_tray_0
Fra:1 Mem:17.13M (Peak 17.14M) | Time:00:00.00 | Mem:0.00M, Peak:0.00M | Scene, ViewLayer | Synchronizing object | electronics_pack_0
Fra:1 Mem:17.13M (Peak 17.14M) | Time:00:00.00 | Mem:0.00M, Peak:0.00M | Scene, ViewLayer | Synchronizing object | service_panel_1
Fra:1 Mem:17.13M (Peak 17.14M) | Time:00:00.00 | Mem:0.00M, Peak:0.00M | Scene, ViewLayer | Synchronizing object | panel_seam_1
Fra:1 Mem:17.14M (Peak 17.14M) | Time:00:00.00 | Mem:0.00M, Peak:0.00M | Scene, ViewLayer | Synchronizing object | latch_1
Fra:1 Mem:17.14M (Peak 17.14M) | Time:00:00.00 | Mem:0.00M, Peak:0.00M | Scene, ViewLayer | Initializing
Fra:1 Mem:15.20M (Peak 17.14M) | Time:00:00.00 | Mem:0.00M, Peak:0.00M | Scene, ViewLayer | Waiting for render to start
Fra:1 Mem:15.20M (Peak 17.14M) | Time:00:00.00 | Mem:0.00M, Peak:0.00M | Scene, ViewLayer | Loading render kernels (may take a few minutes the first time)
Fra:1 Mem:15.20M (Peak 17.14M) | Time:00:00.00 | Mem:0.00M, Peak:0.00M | Scene, ViewLayer | Updating Scene
Fra:1 Mem:15.20M (Peak 17.14M) | Time:00:00.00 | Mem:0.00M, Peak:0.00M | Scene, ViewLayer | Updating Shaders
Fra:1 Mem:15.28M (Peak 17.14M) | Time:00:00.00 | Mem:0.00M, Peak:0.00M | Scene, ViewLayer | Updating Procedurals
Fra:1 Mem:15.28M (Peak 17.14M) | Time:00:00.00 | Mem:0.00M, Peak:0.00M | Scene, ViewLayer | Updating Background
Fra:1 Mem:15.28M (Peak 17.14M) | Time:00:00.00 | Mem:0.00M, Peak:0.00M | Scene, ViewLayer | Updating Camera
Fra:1 Mem:15.28M (Peak 17.14M) | Time:00:00.00 | Mem:0.00M, Peak:0.00M | Scene, ViewLayer | Updating Meshes Flags
Fra:1 Mem:15.28M (Peak 17.14M) | Time:00:00.00 | Mem:0.00M, Peak:0.00M | Scene, ViewLayer | Updating Objects
Fra:1 Mem:15.28M (Peak 17.14M) | Time:00:00.00 | Mem:0.00M, Peak:0.00M | Scene, ViewLayer | Updating Objects | Copying Transformations to device
Fra:1 Mem:15.29M (Peak 17.14M) | Time:00:00.00 | Mem:0.01M, Peak:0.01M | Scene, ViewLayer | Updating Objects | Applying Static Transformations
Fra:1 Mem:15.29M (Peak 17.14M) | Time:00:00.00 | Mem:0.01M, Peak:0.01M | Scene, ViewLayer | Updating Particle Systems
Fra:1 Mem:15.29M (Peak 17.14M) | Time:00:00.00 | Mem:0.01M, Peak:0.01M | Scene, ViewLayer | Updating Particle Systems | Copying Particles to device
Fra:1 Mem:15.29M (Peak 17.14M) | Time:00:00.00 | Mem:0.01M, Peak:0.01M | Scene, ViewLayer | Updating Meshes
Fra:1 Mem:15.35M (Peak 17.14M) | Time:00:00.00 | Mem:0.01M, Peak:0.01M | Scene, ViewLayer | Updating Mesh | Computing attributes
Fra:1 Mem:15.41M (Peak 17.14M) | Time:00:00.00 | Mem:0.01M, Peak:0.01M | Scene, ViewLayer | Updating Mesh | Copying Attributes to device
Fra:1 Mem:15.41M (Peak 17.14M) | Time:00:00.00 | Mem:0.06M, Peak:0.06M | Scene, ViewLayer | Updating Scene BVH | Building
Fra:1 Mem:15.41M (Peak 17.14M) | Time:00:00.00 | Mem:0.06M, Peak:0.06M | Scene, ViewLayer | Updating Scene BVH | Building BVH
Fra:1 Mem:15.41M (Peak 17.14M) | Time:00:00.00 | Mem:0.19M, Peak:0.19M | Scene, ViewLayer | Updating Scene BVH | Building BVH 0%
Fra:1 Mem:15.41M (Peak 17.14M) | Time:00:00.00 | Mem:0.33M, Peak:0.46M | Scene, ViewLayer | Updating Scene BVH | Copying BVH to device
Fra:1 Mem:15.41M (Peak 17.14M) | Time:00:00.00 | Mem:0.33M, Peak:0.46M | Scene, ViewLayer | Updating Mesh | Computing normals
Fra:1 Mem:15.63M (Peak 17.14M) | Time:00:00.00 | Mem:0.33M, Peak:0.46M | Scene, ViewLayer | Updating Mesh | Copying Mesh to device
Fra:1 Mem:15.63M (Peak 17.14M) | Time:00:00.00 | Mem:0.56M, Peak:0.56M | Scene, ViewLayer | Updating Objects Flags
Fra:1 Mem:15.63M (Peak 17.14M) | Time:00:00.00 | Mem:0.56M, Peak:0.56M | Scene, ViewLayer | Updating Primitive Offsets
Fra:1 Mem:15.63M (Peak 17.14M) | Time:00:00.00 | Mem:0.56M, Peak:0.56M | Scene, ViewLayer | Updating Images
Fra:1 Mem:15.63M (Peak 17.14M) | Time:00:00.00 | Mem:0.56M, Peak:0.56M | Scene, ViewLayer | Updating Camera Volume
Fra:1 Mem:15.63M (Peak 17.14M) | Time:00:00.00 | Mem:0.56M, Peak:0.56M | Scene, ViewLayer | Updating Lookup Tables
Fra:1 Mem:15.63M (Peak 17.14M) | Time:00:00.00 | Mem:0.64M, Peak:0.64M | Scene, ViewLayer | Updating Lights
Fra:1 Mem:15.63M (Peak 17.14M) | Time:00:00.00 | Mem:0.64M, Peak:0.64M | Scene, ViewLayer | Updating Lights | Computing distribution
Fra:1 Mem:15.63M (Peak 17.14M) | Time:00:00.00 | Mem:0.64M, Peak:0.64M | Scene, ViewLayer | Updating Lights | Computing tree
Fra:1 Mem:16.36M (Peak 17.14M) | Time:00:00.02 | Mem:1.37M, Peak:1.37M | Scene, ViewLayer | Updating Integrator
Fra:1 Mem:17.36M (Peak 17.36M) | Time:00:00.02 | Mem:2.37M, Peak:2.37M | Scene, ViewLayer | Updating Film
Fra:1 Mem:17.36M (Peak 17.36M) | Time:00:00.02 | Mem:2.29M, Peak:2.37M | Scene, ViewLayer | Updating Lookup Tables
Fra:1 Mem:17.36M (Peak 17.36M) | Time:00:00.02 | Mem:2.37M, Peak:2.37M | Scene, ViewLayer | Updating Baking
Fra:1 Mem:17.36M (Peak 17.36M) | Time:00:00.02 | Mem:2.37M, Peak:2.37M | Scene, ViewLayer | Updating Device | Writing constant memory
Fra:1 Mem:17.36M (Peak 17.36M) | Time:00:00.02 | Mem:2.37M, Peak:2.37M | Scene, ViewLayer | Sample 0/16
Fra:1 Mem:50.35M (Peak 50.35M) | Time:00:00.20 | Remaining:00:02.73 | Mem:35.33M, Peak:35.33M | Scene, ViewLayer | Sample 1/16
Fra:1 Mem:65.00M (Peak 94.29M) | Time:00:02.18 | Mem:35.33M, Peak:35.33M | Scene, ViewLayer | Sample 16/16
Fra:1 Mem:65.00M (Peak 94.29M) | Time:00:02.18 | Mem:35.33M, Peak:35.33M | Scene, ViewLayer | Finished
Saved: '/tmp/passenger-monitor-clean-m_ygzp4e/tools/assets/passenger-vault/monitoring/south-closed.png'
Time: 00:02.26 (Saving: 00:00.08)

Fra:1 Mem:21.05M (Peak 22.28M) | Time:00:00.00 | Mem:0.00M, Peak:0.00M | Scene, ViewLayer | Synchronizing object | SOURCE_torso
Fra:1 Mem:21.05M (Peak 22.28M) | Time:00:00.00 | Mem:0.00M, Peak:0.00M | Scene, ViewLayer | Synchronizing object | SOURCE_reach_dimension
Fra:1 Mem:21.05M (Peak 22.28M) | Time:00:00.00 | Mem:0.00M, Peak:0.00M | Scene, ViewLayer | Synchronizing object | source_label
Fra:1 Mem:21.05M (Peak 22.28M) | Time:00:00.00 | Mem:0.00M, Peak:0.00M | Scene, ViewLayer | Synchronizing object | SOURCE_dimension_tick.001
Fra:1 Mem:22.02M (Peak 22.28M) | Time:00:00.00 | Mem:0.00M, Peak:0.00M | Scene, ViewLayer | Synchronizing object | deck_plinth
Fra:1 Mem:22.02M (Peak 22.28M) | Time:00:00.00 | Mem:0.00M, Peak:0.00M | Scene, ViewLayer | Synchronizing object | rear_service_cover
Fra:1 Mem:22.04M (Peak 22.28M) | Time:00:00.00 | Mem:0.00M, Peak:0.00M | Scene, ViewLayer | Synchronizing object | electronics_pack_1
Fra:1 Mem:22.03M (Peak 22.28M) | Time:00:00.00 | Mem:0.00M, Peak:0.00M | Scene, ViewLayer | Synchronizing object | instrument_cheek_north
Fra:1 Mem:22.03M (Peak 22.28M) | Time:00:00.00 | Mem:0.00M, Peak:0.00M | Scene, ViewLayer | Synchronizing object | instrument_cheek_south
Fra:1 Mem:22.05M (Peak 22.28M) | Time:00:00.00 | Mem:0.00M, Peak:0.00M | Scene, ViewLayer | Synchronizing object | electronics_tray_1
Fra:1 Mem:22.05M (Peak 22.28M) | Time:00:00.00 | Mem:0.00M, Peak:0.00M | Scene, ViewLayer | Synchronizing object | electronics_pack_0
Fra:1 Mem:22.04M (Peak 22.28M) | Time:00:00.00 | Mem:0.00M, Peak:0.00M | Scene, ViewLayer | Synchronizing object | service_panel_1
Fra:1 Mem:22.06M (Peak 22.28M) | Time:00:00.00 | Mem:0.00M, Peak:0.00M | Scene, ViewLayer | Synchronizing object | panel_seam_1
Fra:1 Mem:22.04M (Peak 22.28M) | Time:00:00.00 | Mem:0.00M, Peak:0.00M | Scene, ViewLayer | Synchronizing object | latch_1
Fra:1 Mem:22.05M (Peak 22.28M) | Time:00:00.00 | Mem:0.00M, Peak:0.00M | Scene, ViewLayer | Initializing
Fra:1 Mem:18.04M (Peak 22.28M) | Time:00:00.01 | Mem:0.00M, Peak:0.00M | Scene, ViewLayer | Waiting for render to start
Fra:1 Mem:18.04M (Peak 22.28M) | Time:00:00.01 | Mem:0.00M, Peak:0.00M | Scene, ViewLayer | Loading render kernels (may take a few minutes the first time)
Fra:1 Mem:18.04M (Peak 22.28M) | Time:00:00.01 | Mem:0.00M, Peak:0.00M | Scene, ViewLayer | Updating Scene
Fra:1 Mem:18.04M (Peak 22.28M) | Time:00:00.01 | Mem:0.00M, Peak:0.00M | Scene, ViewLayer | Updating Shaders
Fra:1 Mem:18.12M (Peak 22.28M) | Time:00:00.01 | Mem:0.00M, Peak:0.00M | Scene, ViewLayer | Updating Procedurals
Fra:1 Mem:18.12M (Peak 22.28M) | Time:00:00.01 | Mem:0.00M, Peak:0.00M | Scene, ViewLayer | Updating Background
Fra:1 Mem:18.12M (Peak 22.28M) | Time:00:00.01 | Mem:0.00M, Peak:0.00M | Scene, ViewLayer | Updating Camera
Fra:1 Mem:18.12M (Peak 22.28M) | Time:00:00.01 | Mem:0.00M, Peak:0.00M | Scene, ViewLayer | Updating Meshes Flags
Fra:1 Mem:18.12M (Peak 22.28M) | Time:00:00.01 | Mem:0.00M, Peak:0.00M | Scene, ViewLayer | Updating Objects
Fra:1 Mem:18.12M (Peak 22.28M) | Time:00:00.01 | Mem:0.00M, Peak:0.00M | Scene, ViewLayer | Updating Objects | Copying Transformations to device
Fra:1 Mem:18.13M (Peak 22.28M) | Time:00:00.01 | Mem:0.01M, Peak:0.01M | Scene, ViewLayer | Updating Objects | Applying Static Transformations
Fra:1 Mem:18.13M (Peak 22.28M) | Time:00:00.01 | Mem:0.01M, Peak:0.01M | Scene, ViewLayer | Updating Particle Systems
Fra:1 Mem:18.13M (Peak 22.28M) | Time:00:00.01 | Mem:0.01M, Peak:0.01M | Scene, ViewLayer | Updating Particle Systems | Copying Particles to device
Fra:1 Mem:18.13M (Peak 22.28M) | Time:00:00.01 | Mem:0.01M, Peak:0.01M | Scene, ViewLayer | Updating Meshes
Fra:1 Mem:18.32M (Peak 22.28M) | Time:00:00.01 | Mem:0.01M, Peak:0.01M | Scene, ViewLayer | Updating Mesh | Computing attributes
Fra:1 Mem:18.48M (Peak 22.28M) | Time:00:00.01 | Mem:0.01M, Peak:0.01M | Scene, ViewLayer | Updating Mesh | Copying Attributes to device
Fra:1 Mem:18.47M (Peak 22.28M) | Time:00:00.01 | Mem:0.16M, Peak:0.16M | Scene, ViewLayer | Updating Scene BVH | Building
Fra:1 Mem:18.47M (Peak 22.28M) | Time:00:00.01 | Mem:0.16M, Peak:0.16M | Scene, ViewLayer | Updating Scene BVH | Building BVH
Fra:1 Mem:18.47M (Peak 22.28M) | Time:00:00.01 | Mem:0.54M, Peak:0.54M | Scene, ViewLayer | Updating Scene BVH | Building BVH 0%
Fra:1 Mem:18.47M (Peak 22.28M) | Time:00:00.01 | Mem:1.01M, Peak:1.39M | Scene, ViewLayer | Updating Scene BVH | Copying BVH to device
Fra:1 Mem:18.47M (Peak 22.28M) | Time:00:00.01 | Mem:1.01M, Peak:1.39M | Scene, ViewLayer | Updating Mesh | Computing normals
Fra:1 Mem:19.11M (Peak 22.28M) | Time:00:00.01 | Mem:1.01M, Peak:1.39M | Scene, ViewLayer | Updating Mesh | Copying Mesh to device
Fra:1 Mem:19.11M (Peak 22.28M) | Time:00:00.01 | Mem:1.65M, Peak:1.65M | Scene, ViewLayer | Updating Objects Flags
Fra:1 Mem:19.11M (Peak 22.28M) | Time:00:00.01 | Mem:1.65M, Peak:1.65M | Scene, ViewLayer | Updating Primitive Offsets
Fra:1 Mem:19.11M (Peak 22.28M) | Time:00:00.01 | Mem:1.65M, Peak:1.65M | Scene, ViewLayer | Updating Images
Fra:1 Mem:19.11M (Peak 22.28M) | Time:00:00.01 | Mem:1.65M, Peak:1.65M | Scene, ViewLayer | Updating Camera Volume
Fra:1 Mem:19.11M (Peak 22.28M) | Time:00:00.01 | Mem:1.65M, Peak:1.65M | Scene, ViewLayer | Updating Lookup Tables
Fra:1 Mem:19.11M (Peak 22.28M) | Time:00:00.01 | Mem:1.73M, Peak:1.73M | Scene, ViewLayer | Updating Lights
Fra:1 Mem:19.11M (Peak 22.28M) | Time:00:00.01 | Mem:1.73M, Peak:1.73M | Scene, ViewLayer | Updating Lights | Computing distribution
Fra:1 Mem:19.11M (Peak 22.28M) | Time:00:00.01 | Mem:1.73M, Peak:1.73M | Scene, ViewLayer | Updating Lights | Computing tree
Fra:1 Mem:21.40M (Peak 22.89M) | Time:00:00.04 | Mem:4.01M, Peak:4.01M | Scene, ViewLayer | Updating Integrator
Fra:1 Mem:22.40M (Peak 22.89M) | Time:00:00.04 | Mem:5.01M, Peak:5.01M | Scene, ViewLayer | Updating Film
Fra:1 Mem:22.40M (Peak 22.89M) | Time:00:00.04 | Mem:4.93M, Peak:5.01M | Scene, ViewLayer | Updating Lookup Tables
Fra:1 Mem:22.40M (Peak 22.89M) | Time:00:00.04 | Mem:5.02M, Peak:5.02M | Scene, ViewLayer | Updating Baking
Fra:1 Mem:22.40M (Peak 22.89M) | Time:00:00.04 | Mem:5.02M, Peak:5.02M | Scene, ViewLayer | Updating Device | Writing constant memory
Fra:1 Mem:22.40M (Peak 22.89M) | Time:00:00.04 | Mem:5.02M, Peak:5.02M | Scene, ViewLayer | Sample 0/16
Fra:1 Mem:55.39M (Peak 55.39M) | Time:00:00.27 | Remaining:00:03.38 | Mem:37.98M, Peak:37.98M | Scene, ViewLayer | Sample 1/16
Fra:1 Mem:70.04M (Peak 99.33M) | Time:00:02.86 | Mem:37.98M, Peak:37.98M | Scene, ViewLayer | Sample 16/16
Fra:1 Mem:70.04M (Peak 99.33M) | Time:00:02.86 | Mem:37.98M, Peak:37.98M | Scene, ViewLayer | Finished
Saved: '/tmp/passenger-monitor-clean-m_ygzp4e/tools/assets/passenger-vault/monitoring/south-cutaway.png'
Time: 00:02.95 (Saving: 00:00.08)

Data are loaded, start creating Blender stuff
glTF import finished in 0.02s
Data are loaded, start creating Blender stuff
glTF import finished in 0.01s
Data are loaded, start creating Blender stuff
glTF import finished in 0.11s
Data are loaded, start creating Blender stuff
glTF import finished in 0.15s
Data are loaded, start creating Blender stuff
glTF import finished in 0.04s
Data are loaded, start creating Blender stuff
glTF import finished in 0.04s
Fra:1 Mem:65.06M (Peak 65.06M) | Time:00:00.03 | Mem:0.00M, Peak:0.00M | Scene, ViewLayer | Synchronizing object | A_carrier_continuous_deck_plinth
Fra:1 Mem:65.07M (Peak 65.07M) | Time:00:00.03 | Mem:0.00M, Peak:0.00M | Scene, ViewLayer | Synchronizing object | A_carrier_rear_service_panel_2
Fra:1 Mem:65.28M (Peak 65.28M) | Time:00:00.03 | Mem:0.00M, Peak:0.00M | Scene, ViewLayer | Synchronizing object | A_carrier_rear_service_panel_3
Fra:1 Mem:65.37M (Peak 65.37M) | Time:00:00.03 | Mem:0.00M, Peak:0.00M | Scene, ViewLayer | Synchronizing object | A_carrier_sealed_infill_0
Fra:1 Mem:65.39M (Peak 65.39M) | Time:00:00.03 | Mem:0.00M, Peak:0.00M | Scene, ViewLayer | Synchronizing object | A_carrier_sealed_infill_1
Fra:1 Mem:65.29M (Peak 65.39M) | Time:00:00.03 | Mem:0.00M, Peak:0.00M | Scene, ViewLayer | Synchronizing object | A_carrier_sealed_infill_2
Fra:1 Mem:65.24M (Peak 65.39M) | Time:00:00.03 | Mem:0.00M, Peak:0.00M | Scene, ViewLayer | Synchronizing object | A_carrier_supply_return_0_-0.25
Fra:1 Mem:65.25M (Peak 65.39M) | Time:00:00.03 | Mem:0.00M, Peak:0.00M | Scene, ViewLayer | Synchronizing object | A_carrier_supply_return_0_0.25
Fra:1 Mem:65.25M (Peak 65.39M) | Time:00:00.03 | Mem:0.00M, Peak:0.00M | Scene, ViewLayer | Synchronizing object | A_carrier_supply_return_1_-0.25
Fra:1 Mem:65.27M (Peak 65.39M) | Time:00:00.03 | Mem:0.00M, Peak:0.00M | Scene, ViewLayer | Synchronizing object | A_carrier_supply_return_1_0.25
Fra:1 Mem:65.26M (Peak 65.39M) | Time:00:00.03 | Mem:0.00M, Peak:0.00M | Scene, ViewLayer | Synchronizing object | A_carrier_supply_return_2_-0.25
Fra:1 Mem:65.33M (Peak 65.39M) | Time:00:00.03 | Mem:0.00M, Peak:0.00M | Scene, ViewLayer | Synchronizing object | A_carrier_supply_return_2_0.25
Fra:1 Mem:65.36M (Peak 65.39M) | Time:00:00.03 | Mem:0.00M, Peak:0.00M | Scene, ViewLayer | Synchronizing object | A_carrier_supply_return_3_-0.25
Fra:1 Mem:65.38M (Peak 65.39M) | Time:00:00.03 | Mem:0.00M, Peak:0.00M | Scene, ViewLayer | Synchronizing object | A_carrier_supply_return_3_0.25
Fra:1 Mem:65.39M (Peak 65.39M) | Time:00:00.03 | Mem:0.00M, Peak:0.00M | Scene, ViewLayer | Synchronizing object | A_carrier_working_toe_face
Fra:1 Mem:65.37M (Peak 65.39M) | Time:00:00.03 | Mem:0.00M, Peak:0.00M | Scene, ViewLayer | Synchronizing object | A1_chamber_cradle_-0.85
Fra:1 Mem:65.44M (Peak 65.44M) | Time:00:00.03 | Mem:0.00M, Peak:0.00M | Scene, ViewLayer | Synchronizing object | A1_chamber_cradle_0.85
Fra:1 Mem:65.54M (Peak 65.54M) | Time:00:00.03 | Mem:0.00M, Peak:0.00M | Scene, ViewLayer | Synchronizing object | A1_chamber_inset_gasket
Fra:1 Mem:65.59M (Peak 65.59M) | Time:00:00.03 | Mem:0.00M, Peak:0.00M | Scene, ViewLayer | Synchronizing object | A1_chamber_internal_bed
Fra:1 Mem:65.78M (Peak 65.78M) | Time:00:00.03 | Mem:0.00M, Peak:0.00M | Scene, ViewLayer | Synchronizing object | A1_chamber_lid_status_recess
Fra:1 Mem:65.83M (Peak 65.83M) | Time:00:00.03 | Mem:0.00M, Peak:0.00M | Scene, ViewLayer | Synchronizing object | A1_chamber_lower_pan
Fra:1 Mem:65.89M (Peak 65.89M) | Time:00:00.03 | Mem:0.00M, Peak:0.00M | Scene, ViewLayer | Synchronizing object | A1_chamber_rear_union_-0.25
Fra:1 Mem:65.83M (Peak 65.89M) | Time:00:00.03 | Mem:0.00M, Peak:0.00M | Scene, ViewLayer | Synchronizing object | A1_chamber_rear_union_0.25
Fra:1 Mem:65.78M (Peak 65.89M) | Time:00:00.03 | Mem:0.00M, Peak:0.00M | Scene, ViewLayer | Synchronizing object | A1_chamber_seal_clamp_-0.59_0.72
Fra:1 Mem:65.75M (Peak 65.89M) | Time:00:00.03 | Mem:0.00M, Peak:0.00M | Scene, ViewLayer | Synchronizing object | A1_chamber_seal_clamp_0.59_-0.72
Fra:1 Mem:65.78M (Peak 65.89M) | Time:00:00.03 | Mem:0.00M, Peak:0.00M | Scene, ViewLayer | Synchronizing object | A1_chamber_seal_clamp_0.59_0.72
Fra:1 Mem:65.80M (Peak 65.89M) | Time:00:00.03 | Mem:0.00M, Peak:0.00M | Scene, ViewLayer | Synchronizing object | A1_chamber_upward_live_relief_0
Fra:1 Mem:65.98M (Peak 65.98M) | Time:00:00.03 | Mem:0.00M, Peak:0.00M | Scene, ViewLayer | Synchronizing object | A1_chamber_upward_live_relief_1
Fra:1 Mem:65.96M (Peak 65.98M) | Time:00:00.03 | Mem:0.00M, Peak:0.00M | Scene, ViewLayer | Synchronizing object | A1_chamber_upward_live_relief_2
Fra:1 Mem:65.95M (Peak 65.98M) | Time:00:00.03 | Mem:0.00M, Peak:0.00M | Scene, ViewLayer | Synchronizing object | A1_chamber_upward_live_relief_3
Fra:1 Mem:65.91M (Peak 65.98M) | Time:00:00.03 | Mem:0.00M, Peak:0.00M | Scene, ViewLayer | Synchronizing object | A1_chamber_upward_live_relief_4
Fra:1 Mem:65.93M (Peak 65.98M) | Time:00:00.03 | Mem:0.00M, Peak:0.00M | Scene, ViewLayer | Synchronizing object | A1_chamber_working_face_live_relief_0
Fra:1 Mem:65.93M (Peak 65.98M) | Time:00:00.03 | Mem:0.00M, Peak:0.00M | Scene, ViewLayer | Synchronizing object | A1_chamber_working_face_live_relief_1
Fra:1 Mem:65.98M (Peak 65.98M) | Time:00:00.03 | Mem:0.00M, Peak:0.00M | Scene, ViewLayer | Synchronizing object | A1_chamber_working_face_live_relief_2
Fra:1 Mem:66.02M (Peak 66.02M) | Time:00:00.03 | Mem:0.00M, Peak:0.00M | Scene, ViewLayer | Synchronizing object | A1_chamber_working_face_live_relief_3
Fra:1 Mem:66.02M (Peak 66.02M) | Time:00:00.03 | Mem:0.00M, Peak:0.00M | Scene, ViewLayer | Synchronizing object | A1_chamber_working_face_live_relief_4
Fra:1 Mem:66.04M (Peak 66.04M) | Time:00:00.03 | Mem:0.00M, Peak:0.00M | Scene, ViewLayer | Synchronizing object | A1_chamber_working_face_live_relief_5
Fra:1 Mem:66.00M (Peak 66.04M) | Time:00:00.03 | Mem:0.00M, Peak:0.00M | Scene, ViewLayer | Synchronizing object | A1_chamber_working_face_status_recess
Fra:1 Mem:66.07M (Peak 66.07M) | Time:00:00.04 | Mem:0.00M, Peak:0.00M | Scene, ViewLayer | Synchronizing object | SOURCE_deck
Fra:1 Mem:66.08M (Peak 66.08M) | Time:00:00.04 | Mem:0.00M, Peak:0.00M | Scene, ViewLayer | Synchronizing object | SOURCE_east_wall
Fra:1 Mem:66.08M (Peak 66.08M) | Time:00:00.04 | Mem:0.00M, Peak:0.00M | Scene, ViewLayer | Synchronizing object | source_label
Fra:1 Mem:66.39M (Peak 66.39M) | Time:00:00.04 | Mem:0.00M, Peak:0.00M | Scene, ViewLayer | Synchronizing object | deck_plinth
Fra:1 Mem:66.39M (Peak 66.39M) | Time:00:00.04 | Mem:0.00M, Peak:0.00M | Scene, ViewLayer | Synchronizing object | roof
Fra:1 Mem:66.40M (Peak 66.40M) | Time:00:00.04 | Mem:0.00M, Peak:0.00M | Scene, ViewLayer | Synchronizing object | end_9.335
Fra:1 Mem:66.42M (Peak 66.42M) | Time:00:00.04 | Mem:0.00M, Peak:0.00M | Scene, ViewLayer | Synchronizing object | header_0.56
Fra:1 Mem:66.43M (Peak 66.43M) | Time:00:00.04 | Mem:0.00M, Peak:0.00M | Scene, ViewLayer | Synchronizing object | panel_0
Fra:1 Mem:66.45M (Peak 66.45M) | Time:00:00.04 | Mem:0.00M, Peak:0.00M | Scene, ViewLayer | Synchronizing object | gasket_0_1.51
Fra:1 Mem:66.46M (Peak 66.46M) | Time:00:00.04 | Mem:0.00M, Peak:0.00M | Scene, ViewLayer | Synchronizing object | latch_0_-1.25_0.23
Fra:1 Mem:66.47M (Peak 66.47M) | Time:00:00.04 | Mem:0.00M, Peak:0.00M | Scene, ViewLayer | Synchronizing object | latch_0_-1.25_1.34
Fra:1 Mem:66.46M (Peak 66.47M) | Time:00:00.04 | Mem:0.00M, Peak:0.00M | Scene, ViewLayer | Synchronizing object | latch_0_1.25_0.23
Fra:1 Mem:66.49M (Peak 66.49M) | Time:00:00.04 | Mem:0.00M, Peak:0.00M | Scene, ViewLayer | Synchronizing object | handle_0
Fra:1 Mem:66.48M (Peak 66.49M) | Time:00:00.04 | Mem:0.00M, Peak:0.00M | Scene, ViewLayer | Synchronizing object | skid_0
Fra:1 Mem:66.54M (Peak 66.54M) | Time:00:00.04 | Mem:0.00M, Peak:0.00M | Scene, ViewLayer | Synchronizing object | pump_foot_0
Fra:1 Mem:66.51M (Peak 66.54M) | Time:00:00.04 | Mem:0.00M, Peak:0.00M | Scene, ViewLayer | Synchronizing object | motor_0
Fra:1 Mem:66.50M (Peak 66.54M) | Time:00:00.04 | Mem:0.00M, Peak:0.00M | Scene, ViewLayer | Synchronizing object | inlet_branch_0
Fra:1 Mem:66.52M (Peak 66.54M) | Time:00:00.04 | Mem:0.00M, Peak:0.00M | Scene, ViewLayer | Synchronizing object | outlet_rise_0
Fra:1 Mem:66.63M (Peak 66.63M) | Time:00:00.04 | Mem:0.00M, Peak:0.00M | Scene, ViewLayer | Synchronizing object | outlet_branch_0
Fra:1 Mem:66.57M (Peak 66.63M) | Time:00:00.04 | Mem:0.00M, Peak:0.00M | Scene, ViewLayer | Synchronizing object | gasket_1_-1.51
Fra:1 Mem:66.58M (Peak 66.63M) | Time:00:00.04 | Mem:0.00M, Peak:0.00M | Scene, ViewLayer | Synchronizing object | latch_1_-1.25_0.23
Fra:1 Mem:66.62M (Peak 66.63M) | Time:00:00.04 | Mem:0.00M, Peak:0.00M | Scene, ViewLayer | Synchronizing object | latch_1_-1.25_1.34
Fra:1 Mem:66.58M (Peak 66.63M) | Time:00:00.04 | Mem:0.00M, Peak:0.00M | Scene, ViewLayer | Synchronizing object | latch_1_1.25_0.23
Fra:1 Mem:66.63M (Peak 66.63M) | Time:00:00.04 | Mem:0.00M, Peak:0.00M | Scene, ViewLayer | Synchronizing object | latch_1_1.25_1.34
Fra:1 Mem:66.62M (Peak 66.63M) | Time:00:00.04 | Mem:0.00M, Peak:0.00M | Scene, ViewLayer | Synchronizing object | handle_1
Fra:1 Mem:66.64M (Peak 66.64M) | Time:00:00.04 | Mem:0.00M, Peak:0.00M | Scene, ViewLayer | Synchronizing object | skid_1
Fra:1 Mem:66.63M (Peak 66.64M) | Time:00:00.04 | Mem:0.00M, Peak:0.00M | Scene, ViewLayer | Synchronizing object | exchanger_plate_1_1
Fra:1 Mem:66.67M (Peak 66.67M) | Time:00:00.04 | Mem:0.00M, Peak:0.00M | Scene, ViewLayer | Synchronizing object | exchanger_plate_1_2
Fra:1 Mem:66.66M (Peak 66.67M) | Time:00:00.04 | Mem:0.00M, Peak:0.00M | Scene, ViewLayer | Synchronizing object | exchanger_plate_1_4
Fra:1 Mem:66.65M (Peak 66.67M) | Time:00:00.04 | Mem:0.00M, Peak:0.00M | Scene, ViewLayer | Synchronizing object | exchanger_plate_1_6
Fra:1 Mem:66.65M (Peak 66.67M) | Time:00:00.04 | Mem:0.00M, Peak:0.00M | Scene, ViewLayer | Synchronizing object | exchanger_plate_1_7
Fra:1 Mem:66.66M (Peak 66.67M) | Time:00:00.04 | Mem:0.00M, Peak:0.00M | Scene, ViewLayer | Synchronizing object | exchanger_plate_1_8
Fra:1 Mem:66.66M (Peak 66.67M) | Time:00:00.04 | Mem:0.00M, Peak:0.00M | Scene, ViewLayer | Synchronizing object | exchanger_plate_1_10
Fra:1 Mem:66.67M (Peak 66.67M) | Time:00:00.04 | Mem:0.00M, Peak:0.00M | Scene, ViewLayer | Synchronizing object | exchanger_plate_1_11
Fra:1 Mem:66.67M (Peak 66.67M) | Time:00:00.04 | Mem:0.00M, Peak:0.00M | Scene, ViewLayer | Synchronizing object | exchanger_frame_1_-0.51
Fra:1 Mem:66.66M (Peak 66.67M) | Time:00:00.04 | Mem:0.00M, Peak:0.00M | Scene, ViewLayer | Synchronizing object | tie_rod_1_-0.5_1.02
Fra:1 Mem:66.70M (Peak 66.70M) | Time:00:00.04 | Mem:0.00M, Peak:0.00M | Scene, ViewLayer | Synchronizing object | tie_rod_1_0.5_0.26
Fra:1 Mem:66.74M (Peak 66.74M) | Time:00:00.04 | Mem:0.00M, Peak:0.00M | Scene, ViewLayer | Synchronizing object | tie_rod_1_0.5_1.02
Fra:1 Mem:66.74M (Peak 66.74M) | Time:00:00.04 | Mem:0.00M, Peak:0.00M | Scene, ViewLayer | Synchronizing object | exchanger_port_1_0.32
Fra:1 Mem:66.74M (Peak 66.74M) | Time:00:00.04 | Mem:0.00M, Peak:0.00M | Scene, ViewLayer | Synchronizing object | exchanger_port_1_0.56
Fra:1 Mem:66.76M (Peak 66.76M) | Time:00:00.04 | Mem:0.00M, Peak:0.00M | Scene, ViewLayer | Synchronizing object | panel_2
Fra:1 Mem:66.78M (Peak 66.78M) | Time:00:00.04 | Mem:0.00M, Peak:0.00M | Scene, ViewLayer | Synchronizing object | gasket_2_-1.51
Fra:1 Mem:66.75M (Peak 66.78M) | Time:00:00.04 | Mem:0.00M, Peak:0.00M | Scene, ViewLayer | Synchronizing object | gasket_2_1.51
Fra:1 Mem:66.75M (Peak 66.78M) | Time:00:00.04 | Mem:0.00M, Peak:0.00M | Scene, ViewLayer | Synchronizing object | latch_2_-1.25_1.34
Fra:1 Mem:66.76M (Peak 66.78M) | Time:00:00.04 | Mem:0.00M, Peak:0.00M | Scene, ViewLayer | Synchronizing object | latch_2_1.25_0.23
Fra:1 Mem:66.78M (Peak 66.78M) | Time:00:00.04 | Mem:0.00M, Peak:0.00M | Scene, ViewLayer | Synchronizing object | handle_2
Fra:1 Mem:66.82M (Peak 66.82M) | Time:00:00.04 | Mem:0.00M, Peak:0.00M | Scene, ViewLayer | Synchronizing object | skid_2
Fra:1 Mem:66.82M (Peak 66.82M) | Time:00:00.04 | Mem:0.00M, Peak:0.00M | Scene, ViewLayer | Synchronizing object | pump_foot_2
Fra:1 Mem:66.82M (Peak 66.82M) | Time:00:00.04 | Mem:0.00M, Peak:0.00M | Scene, ViewLayer | Synchronizing object | pump_volute_2
Fra:1 Mem:66.83M (Peak 66.83M) | Time:00:00.04 | Mem:0.00M, Peak:0.00M | Scene, ViewLayer | Synchronizing object | pump_inlet_2
Fra:1 Mem:66.83M (Peak 66.83M) | Time:00:00.04 | Mem:0.00M, Peak:0.00M | Scene, ViewLayer | Synchronizing object | inlet_drop_2
Fra:1 Mem:66.83M (Peak 66.83M) | Time:00:00.04 | Mem:0.00M, Peak:0.00M | Scene, ViewLayer | Synchronizing object | inlet_branch_2
Fra:1 Mem:66.90M (Peak 66.90M) | Time:00:00.04 | Mem:0.00M, Peak:0.00M | Scene, ViewLayer | Synchronizing object | outlet_rise_2
Fra:1 Mem:66.91M (Peak 66.91M) | Time:00:00.04 | Mem:0.00M, Peak:0.00M | Scene, ViewLayer | Synchronizing object | outlet_branch_2
Fra:1 Mem:66.88M (Peak 66.91M) | Time:00:00.04 | Mem:0.00M, Peak:0.00M | Scene, ViewLayer | Synchronizing object | panel_3
Fra:1 Mem:66.91M (Peak 66.91M) | Time:00:00.04 | Mem:0.00M, Peak:0.00M | Scene, ViewLayer | Synchronizing object | gasket_3_-1.51
Fra:1 Mem:66.89M (Peak 66.91M) | Time:00:00.04 | Mem:0.00M, Peak:0.00M | Scene, ViewLayer | Synchronizing object | gasket_3_1.51
Fra:1 Mem:66.91M (Peak 66.91M) | Time:00:00.04 | Mem:0.00M, Peak:0.00M | Scene, ViewLayer | Synchronizing object | latch_3_-1.25_0.23
Fra:1 Mem:66.90M (Peak 66.91M) | Time:00:00.04 | Mem:0.00M, Peak:0.00M | Scene, ViewLayer | Synchronizing object | latch_3_1.25_0.23
Fra:1 Mem:66.89M (Peak 66.91M) | Time:00:00.04 | Mem:0.00M, Peak:0.00M | Scene, ViewLayer | Synchronizing object | latch_3_1.25_1.34
Fra:1 Mem:66.91M (Peak 66.91M) | Time:00:00.04 | Mem:0.00M, Peak:0.00M | Scene, ViewLayer | Synchronizing object | handle_3
Fra:1 Mem:66.99M (Peak 66.99M) | Time:00:00.04 | Mem:0.00M, Peak:0.00M | Scene, ViewLayer | Synchronizing object | skid_3
Fra:1 Mem:66.96M (Peak 66.99M) | Time:00:00.04 | Mem:0.00M, Peak:0.00M | Scene, ViewLayer | Synchronizing object | exchanger_plate_3_1
Fra:1 Mem:66.95M (Peak 66.99M) | Time:00:00.04 | Mem:0.00M, Peak:0.00M | Scene, ViewLayer | Synchronizing object | exchanger_plate_3_2
Fra:1 Mem:66.94M (Peak 66.99M) | Time:00:00.04 | Mem:0.00M, Peak:0.00M | Scene, ViewLayer | Synchronizing object | exchanger_plate_3_4
Fra:1 Mem:66.95M (Peak 66.99M) | Time:00:00.04 | Mem:0.00M, Peak:0.00M | Scene, ViewLayer | Synchronizing object | exchanger_plate_3_5
Fra:1 Mem:66.95M (Peak 66.99M) | Time:00:00.04 | Mem:0.00M, Peak:0.00M | Scene, ViewLayer | Synchronizing object | exchanger_plate_3_6
Fra:1 Mem:66.95M (Peak 66.99M) | Time:00:00.04 | Mem:0.00M, Peak:0.00M | Scene, ViewLayer | Synchronizing object | exchanger_plate_3_7
Fra:1 Mem:66.96M (Peak 66.99M) | Time:00:00.04 | Mem:0.00M, Peak:0.00M | Scene, ViewLayer | Synchronizing object | exchanger_plate_3_8
Fra:1 Mem:66.96M (Peak 66.99M) | Time:00:00.04 | Mem:0.00M, Peak:0.00M | Scene, ViewLayer | Synchronizing object | exchanger_plate_3_9
Fra:1 Mem:66.97M (Peak 66.99M) | Time:00:00.04 | Mem:0.00M, Peak:0.00M | Scene, ViewLayer | Synchronizing object | exchanger_plate_3_11
Fra:1 Mem:66.97M (Peak 66.99M) | Time:00:00.04 | Mem:0.00M, Peak:0.00M | Scene, ViewLayer | Synchronizing object | exchanger_frame_3_-0.51
Fra:1 Mem:66.98M (Peak 66.99M) | Time:00:00.04 | Mem:0.00M, Peak:0.00M | Scene, ViewLayer | Synchronizing object | tie_rod_3_-0.5_0.26
Fra:1 Mem:66.98M (Peak 66.99M) | Time:00:00.04 | Mem:0.00M, Peak:0.00M | Scene, ViewLayer | Synchronizing object | tie_rod_3_-0.5_1.02
Fra:1 Mem:66.97M (Peak 66.99M) | Time:00:00.04 | Mem:0.00M, Peak:0.00M | Scene, ViewLayer | Synchronizing object | tie_rod_3_0.5_1.02
Fra:1 Mem:67.06M (Peak 67.06M) | Time:00:00.04 | Mem:0.00M, Peak:0.00M | Scene, ViewLayer | Synchronizing object | exchanger_port_3_0.32
Fra:1 Mem:67.08M (Peak 67.08M) | Time:00:00.04 | Mem:0.00M, Peak:0.00M | Scene, ViewLayer | Synchronizing object | exchanger_port_3_0.56
Fra:1 Mem:67.05M (Peak 67.08M) | Time:00:00.04 | Mem:0.00M, Peak:0.00M | Scene, ViewLayer | Synchronizing object | panel_4
Fra:1 Mem:67.06M (Peak 67.08M) | Time:00:00.04 | Mem:0.00M, Peak:0.00M | Scene, ViewLayer | Synchronizing object | gasket_4_1.51
Fra:1 Mem:67.05M (Peak 67.08M) | Time:00:00.04 | Mem:0.00M, Peak:0.00M | Scene, ViewLayer | Synchronizing object | latch_4_-1.25_0.23
Fra:1 Mem:67.06M (Peak 67.08M) | Time:00:00.04 | Mem:0.00M, Peak:0.00M | Scene, ViewLayer | Synchronizing object | latch_4_-1.25_1.34
Fra:1 Mem:67.10M (Peak 67.10M) | Time:00:00.04 | Mem:0.00M, Peak:0.00M | Scene, ViewLayer | Synchronizing object | latch_4_1.25_0.23
Fra:1 Mem:67.09M (Peak 67.10M) | Time:00:00.04 | Mem:0.00M, Peak:0.00M | Scene, ViewLayer | Synchronizing object | handle_4
Fra:1 Mem:67.09M (Peak 67.10M) | Time:00:00.04 | Mem:0.00M, Peak:0.00M | Scene, ViewLayer | Synchronizing object | skid_4
Fra:1 Mem:67.11M (Peak 67.11M) | Time:00:00.04 | Mem:0.00M, Peak:0.00M | Scene, ViewLayer | Synchronizing object | pump_foot_4
Fra:1 Mem:67.12M (Peak 67.12M) | Time:00:00.04 | Mem:0.00M, Peak:0.00M | Scene, ViewLayer | Synchronizing object | motor_4
Fra:1 Mem:67.14M (Peak 67.14M) | Time:00:00.04 | Mem:0.00M, Peak:0.00M | Scene, ViewLayer | Synchronizing object | pump_volute_4
Fra:1 Mem:67.16M (Peak 67.16M) | Time:00:00.04 | Mem:0.00M, Peak:0.00M | Scene, ViewLayer | Synchronizing object | pump_inlet_4
Fra:1 Mem:67.18M (Peak 67.18M) | Time:00:00.04 | Mem:0.00M, Peak:0.00M | Scene, ViewLayer | Synchronizing object | inlet_drop_4
Fra:1 Mem:67.19M (Peak 67.19M) | Time:00:00.04 | Mem:0.00M, Peak:0.00M | Scene, ViewLayer | Synchronizing object | inlet_branch_4
Fra:1 Mem:67.16M (Peak 67.19M) | Time:00:00.04 | Mem:0.00M, Peak:0.00M | Scene, ViewLayer | Synchronizing object | outlet_rise_4
Fra:1 Mem:67.21M (Peak 67.21M) | Time:00:00.04 | Mem:0.00M, Peak:0.00M | Scene, ViewLayer | Synchronizing object | outlet_branch_4
Fra:1 Mem:67.20M (Peak 67.21M) | Time:00:00.04 | Mem:0.00M, Peak:0.00M | Scene, ViewLayer | Synchronizing object | panel_5
Fra:1 Mem:67.23M (Peak 67.23M) | Time:00:00.04 | Mem:0.00M, Peak:0.00M | Scene, ViewLayer | Synchronizing object | gasket_5_-1.51
Fra:1 Mem:67.19M (Peak 67.23M) | Time:00:00.04 | Mem:0.00M, Peak:0.00M | Scene, ViewLayer | Synchronizing object | gasket_5_1.51
Fra:1 Mem:67.20M (Peak 67.23M) | Time:00:00.04 | Mem:0.00M, Peak:0.00M | Scene, ViewLayer | Synchronizing object | latch_5_-1.25_1.34
Fra:1 Mem:67.19M (Peak 67.23M) | Time:00:00.04 | Mem:0.00M, Peak:0.00M | Scene, ViewLayer | Synchronizing object | latch_5_1.25_0.23
Fra:1 Mem:67.20M (Peak 67.23M) | Time:00:00.04 | Mem:0.00M, Peak:0.00M | Scene, ViewLayer | Synchronizing object | handle_5
Fra:1 Mem:67.26M (Peak 67.26M) | Time:00:00.04 | Mem:0.00M, Peak:0.00M | Scene, ViewLayer | Synchronizing object | skid_5
Fra:1 Mem:67.26M (Peak 67.26M) | Time:00:00.04 | Mem:0.00M, Peak:0.00M | Scene, ViewLayer | Synchronizing object | exchanger_plate_5_0
Fra:1 Mem:67.27M (Peak 67.27M) | Time:00:00.04 | Mem:0.00M, Peak:0.00M | Scene, ViewLayer | Synchronizing object | exchanger_plate_5_1
Fra:1 Mem:67.27M (Peak 67.27M) | Time:00:00.04 | Mem:0.00M, Peak:0.00M | Scene, ViewLayer | Synchronizing object | exchanger_plate_5_2
Fra:1 Mem:67.26M (Peak 67.27M) | Time:00:00.04 | Mem:0.00M, Peak:0.00M | Scene, ViewLayer | Synchronizing object | exchanger_plate_5_3
Fra:1 Mem:67.28M (Peak 67.28M) | Time:00:00.04 | Mem:0.00M, Peak:0.00M | Scene, ViewLayer | Synchronizing object | exchanger_plate_5_5
Fra:1 Mem:67.24M (Peak 67.28M) | Time:00:00.04 | Mem:0.00M, Peak:0.00M | Scene, ViewLayer | Synchronizing object | exchanger_plate_5_8
Fra:1 Mem:67.26M (Peak 67.28M) | Time:00:00.04 | Mem:0.00M, Peak:0.00M | Scene, ViewLayer | Synchronizing object | exchanger_plate_5_6
Fra:1 Mem:67.25M (Peak 67.28M) | Time:00:00.04 | Mem:0.00M, Peak:0.00M | Scene, ViewLayer | Synchronizing object | exchanger_plate_5_9
Fra:1 Mem:67.26M (Peak 67.28M) | Time:00:00.04 | Mem:0.00M, Peak:0.00M | Scene, ViewLayer | Synchronizing object | exchanger_plate_5_10
Fra:1 Mem:67.26M (Peak 67.28M) | Time:00:00.04 | Mem:0.00M, Peak:0.00M | Scene, ViewLayer | Synchronizing object | exchanger_plate_5_11
Fra:1 Mem:67.27M (Peak 67.28M) | Time:00:00.04 | Mem:0.00M, Peak:0.00M | Scene, ViewLayer | Synchronizing object | exchanger_frame_5_-0.51
Fra:1 Mem:67.27M (Peak 67.28M) | Time:00:00.04 | Mem:0.00M, Peak:0.00M | Scene, ViewLayer | Synchronizing object | exchanger_frame_5_0.43
Fra:1 Mem:67.27M (Peak 67.28M) | Time:00:00.04 | Mem:0.00M, Peak:0.00M | Scene, ViewLayer | Synchronizing object | tie_rod_5_-0.5_0.26
Fra:1 Mem:67.28M (Peak 67.28M) | Time:00:00.04 | Mem:0.00M, Peak:0.00M | Scene, ViewLayer | Synchronizing object | tie_rod_5_-0.5_1.02
Fra:1 Mem:67.28M (Peak 67.28M) | Time:00:00.04 | Mem:0.00M, Peak:0.00M | Scene, ViewLayer | Synchronizing object | tie_rod_5_0.5_0.26
Fra:1 Mem:67.35M (Peak 67.35M) | Time:00:00.04 | Mem:0.00M, Peak:0.00M | Scene, ViewLayer | Synchronizing object | tie_rod_5_0.5_1.02
Fra:1 Mem:67.31M (Peak 67.35M) | Time:00:00.04 | Mem:0.00M, Peak:0.00M | Scene, ViewLayer | Synchronizing object | exchanger_port_5_0.56
Fra:1 Mem:67.32M (Peak 67.35M) | Time:00:00.04 | Mem:0.00M, Peak:0.00M | Scene, ViewLayer | Synchronizing object | back_wall.001
Fra:1 Mem:67.35M (Peak 67.35M) | Time:00:00.04 | Mem:0.00M, Peak:0.00M | Scene, ViewLayer | Synchronizing object | electronics_pack_1.001
Fra:1 Mem:67.35M (Peak 67.35M) | Time:00:00.04 | Mem:0.00M, Peak:0.00M | Scene, ViewLayer | Synchronizing object | roof.001
Fra:1 Mem:67.37M (Peak 67.37M) | Time:00:00.04 | Mem:0.00M, Peak:0.00M | Scene, ViewLayer | Synchronizing object | end_-9.001
Fra:1 Mem:67.36M (Peak 67.37M) | Time:00:00.04 | Mem:0.00M, Peak:0.00M | Scene, ViewLayer | Synchronizing object | end_9.001
Fra:1 Mem:67.35M (Peak 67.37M) | Time:00:00.04 | Mem:0.00M, Peak:0.00M | Scene, ViewLayer | Synchronizing object | panel_0.001
Fra:1 Mem:67.37M (Peak 67.37M) | Time:00:00.04 | Mem:0.00M, Peak:0.00M | Scene, ViewLayer | Synchronizing object | electronics_tray_1.001
Fra:1 Mem:67.37M (Peak 67.37M) | Time:00:00.04 | Mem:0.00M, Peak:0.00M | Scene, ViewLayer | Synchronizing object | gasket_0_1.001
Fra:1 Mem:67.38M (Peak 67.38M) | Time:00:00.04 | Mem:0.00M, Peak:0.00M | Scene, ViewLayer | Synchronizing object | latch_1.001
Fra:1 Mem:67.40M (Peak 67.40M) | Time:00:00.04 | Mem:0.00M, Peak:0.00M | Scene, ViewLayer | Synchronizing object | latch_0_-1.25_0.001
Fra:1 Mem:67.37M (Peak 67.40M) | Time:00:00.04 | Mem:0.00M, Peak:0.00M | Scene, ViewLayer | Synchronizing object | latch_0_1.25_0.001
Fra:1 Mem:67.42M (Peak 67.42M) | Time:00:00.04 | Mem:0.00M, Peak:0.00M | Scene, ViewLayer | Synchronizing object | latch_0_1.25_0.84
Fra:1 Mem:67.45M (Peak 67.45M) | Time:00:00.04 | Mem:0.00M, Peak:0.00M | Scene, ViewLayer | Synchronizing object | skid_0.001
Fra:1 Mem:67.49M (Peak 67.49M) | Time:00:00.04 | Mem:0.00M, Peak:0.00M | Scene, ViewLayer | Synchronizing object | pump_foot_0.001
Fra:1 Mem:67.47M (Peak 67.49M) | Time:00:00.04 | Mem:0.00M, Peak:0.00M | Scene, ViewLayer | Synchronizing object | motor_0.001
Fra:1 Mem:67.46M (Peak 67.49M) | Time:00:00.04 | Mem:0.00M, Peak:0.00M | Scene, ViewLayer | Synchronizing object | pump_volute_0.001
Fra:1 Mem:67.46M (Peak 67.49M) | Time:00:00.04 | Mem:0.00M, Peak:0.00M | Scene, ViewLayer | Synchronizing object | inlet_drop_0.001
Fra:1 Mem:67.49M (Peak 67.49M) | Time:00:00.04 | Mem:0.00M, Peak:0.00M | Scene, ViewLayer | Synchronizing object | inlet_branch_0.001
Fra:1 Mem:67.46M (Peak 67.49M) | Time:00:00.04 | Mem:0.00M, Peak:0.00M | Scene, ViewLayer | Synchronizing object | electronics_pack_0.001
Fra:1 Mem:67.46M (Peak 67.49M) | Time:00:00.04 | Mem:0.00M, Peak:0.00M | Scene, ViewLayer | Synchronizing object | outlet_rise_0.001
Fra:1 Mem:67.51M (Peak 67.51M) | Time:00:00.04 | Mem:0.00M, Peak:0.00M | Scene, ViewLayer | Synchronizing object | electronics_tray_0.001
Fra:1 Mem:67.55M (Peak 67.55M) | Time:00:00.04 | Mem:0.00M, Peak:0.00M | Scene, ViewLayer | Synchronizing object | latch_0.001
Fra:1 Mem:67.55M (Peak 67.55M) | Time:00:00.04 | Mem:0.00M, Peak:0.00M | Scene, ViewLayer | Synchronizing object | panel_1.001
Fra:1 Mem:67.55M (Peak 67.55M) | Time:00:00.04 | Mem:0.00M, Peak:0.00M | Scene, ViewLayer | Synchronizing object | gasket_1_-1.001
Fra:1 Mem:67.52M (Peak 67.55M) | Time:00:00.04 | Mem:0.00M, Peak:0.00M | Scene, ViewLayer | Synchronizing object | latch_1_-1.25_0.001
Fra:1 Mem:67.52M (Peak 67.55M) | Time:00:00.04 | Mem:0.00M, Peak:0.00M | Scene, ViewLayer | Synchronizing object | latch_1_-1.25_0.84
Fra:1 Mem:67.52M (Peak 67.55M) | Time:00:00.04 | Mem:0.00M, Peak:0.00M | Scene, ViewLayer | Synchronizing object | latch_1_1.25_0.001
Fra:1 Mem:67.64M (Peak 67.64M) | Time:00:00.04 | Mem:0.00M, Peak:0.00M | Scene, ViewLayer | Synchronizing object | latch_1_1.25_0.84
Fra:1 Mem:67.59M (Peak 67.64M) | Time:00:00.04 | Mem:0.00M, Peak:0.00M | Scene, ViewLayer | Synchronizing object | service_panel_0.001
Fra:1 Mem:67.56M (Peak 67.64M) | Time:00:00.04 | Mem:0.00M, Peak:0.00M | Scene, ViewLayer | Synchronizing object | exchanger_plate_1_0.001
Fra:1 Mem:67.60M (Peak 67.64M) | Time:00:00.04 | Mem:0.00M, Peak:0.00M | Scene, ViewLayer | Synchronizing object | exchanger_plate_1_1.001
Fra:1 Mem:67.59M (Peak 67.64M) | Time:00:00.04 | Mem:0.00M, Peak:0.00M | Scene, ViewLayer | Synchronizing object | operating_display.001
Fra:1 Mem:67.58M (Peak 67.64M) | Time:00:00.04 | Mem:0.00M, Peak:0.00M | Scene, ViewLayer | Synchronizing object | exchanger_plate_1_3.001
Fra:1 Mem:67.60M (Peak 67.64M) | Time:00:00.04 | Mem:0.00M, Peak:0.00M | Scene, ViewLayer | Synchronizing object | exchanger_plate_1_4.001
Fra:1 Mem:67.59M (Peak 67.64M) | Time:00:00.04 | Mem:0.00M, Peak:0.00M | Scene, ViewLayer | Synchronizing object | exchanger_plate_1_5.001
Fra:1 Mem:67.59M (Peak 67.64M) | Time:00:00.04 | Mem:0.00M, Peak:0.00M | Scene, ViewLayer | Synchronizing object | display_bezel.001
Fra:1 Mem:67.60M (Peak 67.64M) | Time:00:00.04 | Mem:0.00M, Peak:0.00M | Scene, ViewLayer | Synchronizing object | exchanger_plate_1_7.001
Fra:1 Mem:67.60M (Peak 67.64M) | Time:00:00.04 | Mem:0.00M, Peak:0.00M | Scene, ViewLayer | Synchronizing object | exchanger_plate_1_8.001
Fra:1 Mem:67.60M (Peak 67.64M) | Time:00:00.04 | Mem:0.00M, Peak:0.00M | Scene, ViewLayer | Synchronizing object | exchanger_plate_1_10.001
Fra:1 Mem:67.60M (Peak 67.64M) | Time:00:00.04 | Mem:0.00M, Peak:0.00M | Scene, ViewLayer | Synchronizing object | exchanger_plate_1_11.001
Fra:1 Mem:67.60M (Peak 67.64M) | Time:00:00.04 | Mem:0.00M, Peak:0.00M | Scene, ViewLayer | Synchronizing object | exchanger_frame_1_-0.001
Fra:1 Mem:67.61M (Peak 67.64M) | Time:00:00.04 | Mem:0.00M, Peak:0.00M | Scene, ViewLayer | Synchronizing object | exchanger_frame_1_0.001
Fra:1 Mem:67.60M (Peak 67.64M) | Time:00:00.04 | Mem:0.00M, Peak:0.00M | Scene, ViewLayer | Synchronizing object | tie_rod_1_-0.75_0.26
Fra:1 Mem:67.60M (Peak 67.64M) | Time:00:00.04 | Mem:0.00M, Peak:0.00M | Scene, ViewLayer | Synchronizing object | tie_rod_1_0.75_0.26
Fra:1 Mem:67.65M (Peak 67.65M) | Time:00:00.04 | Mem:0.00M, Peak:0.00M | Scene, ViewLayer | Synchronizing object | tie_rod_1_0.75_0.62
Fra:1 Mem:67.70M (Peak 67.70M) | Time:00:00.04 | Mem:0.00M, Peak:0.00M | Scene, ViewLayer | Synchronizing object | instrument_cheek_south.001
Fra:1 Mem:67.68M (Peak 67.70M) | Time:00:00.04 | Mem:0.00M, Peak:0.00M | Scene, ViewLayer | Synchronizing object | exchanger_port_1_0.002
Fra:1 Mem:67.67M (Peak 67.70M) | Time:00:00.04 | Mem:0.00M, Peak:0.00M | Scene, ViewLayer | Synchronizing object | instrument_cheek_north.001
Fra:1 Mem:67.69M (Peak 67.70M) | Time:00:00.04 | Mem:0.00M, Peak:0.00M | Scene, ViewLayer | Synchronizing object | gasket_2_-1.001
Fra:1 Mem:67.69M (Peak 67.70M) | Time:00:00.04 | Mem:0.00M, Peak:0.00M | Scene, ViewLayer | Synchronizing object | rear_service_cover.001
Fra:1 Mem:67.69M (Peak 67.70M) | Time:00:00.04 | Mem:0.00M, Peak:0.00M | Scene, ViewLayer | Synchronizing object | gasket_2_1.001
Fra:1 Mem:67.67M (Peak 67.70M) | Time:00:00.04 | Mem:0.00M, Peak:0.00M | Scene, ViewLayer | Synchronizing object | latch_2_-1.25_0.001
Fra:1 Mem:67.70M (Peak 67.70M) | Time:00:00.04 | Mem:0.00M, Peak:0.00M | Scene, ViewLayer | Synchronizing object | latch_2_-1.25_0.84
Fra:1 Mem:67.71M (Peak 67.71M) | Time:00:00.04 | Mem:0.00M, Peak:0.00M | Scene, ViewLayer | Synchronizing object | latch_2_1.25_0.001
Fra:1 Mem:67.75M (Peak 67.75M) | Time:00:00.04 | Mem:0.00M, Peak:0.00M | Scene, ViewLayer | Synchronizing object | service_worktop.001
Fra:1 Mem:67.74M (Peak 67.75M) | Time:00:00.04 | Mem:0.00M, Peak:0.00M | Scene, ViewLayer | Synchronizing object | latch_2_1.25_0.84
Fra:1 Mem:67.71M (Peak 67.75M) | Time:00:00.04 | Mem:0.00M, Peak:0.00M | Scene, ViewLayer | Synchronizing object | central_bulkhead.001
Fra:1 Mem:67.72M (Peak 67.75M) | Time:00:00.04 | Mem:0.00M, Peak:0.00M | Scene, ViewLayer | Synchronizing object | skid_2.001
Fra:1 Mem:67.73M (Peak 67.75M) | Time:00:00.04 | Mem:0.00M, Peak:0.00M | Scene, ViewLayer | Synchronizing object | side_south.001
Fra:1 Mem:67.73M (Peak 67.75M) | Time:00:00.04 | Mem:0.00M, Peak:0.00M | Scene, ViewLayer | Synchronizing object | motor_2.001
Fra:1 Mem:67.74M (Peak 67.75M) | Time:00:00.04 | Mem:0.00M, Peak:0.00M | Scene, ViewLayer | Synchronizing object | pump_volute_2.001
Fra:1 Mem:67.76M (Peak 67.76M) | Time:00:00.04 | Mem:0.00M, Peak:0.00M | Scene, ViewLayer | Synchronizing object | pump_inlet_2.001
Fra:1 Mem:67.79M (Peak 67.79M) | Time:00:00.04 | Mem:0.00M, Peak:0.00M | Scene, ViewLayer | Synchronizing object | side_north.001
Fra:1 Mem:67.82M (Peak 67.82M) | Time:00:00.04 | Mem:0.00M, Peak:0.00M | Scene, ViewLayer | Synchronizing object | inlet_drop_2.001
Fra:1 Mem:67.82M (Peak 67.82M) | Time:00:00.04 | Mem:0.00M, Peak:0.00M | Scene, ViewLayer | Synchronizing object | outlet_rise_2.001
Fra:1 Mem:67.78M (Peak 67.82M) | Time:00:00.04 | Mem:0.00M, Peak:0.00M | Scene, ViewLayer | Synchronizing object | outlet_branch_2.001
Fra:1 Mem:67.81M (Peak 67.82M) | Time:00:00.04 | Mem:0.00M, Peak:0.00M | Scene, ViewLayer | Synchronizing object | panel_3.001
Fra:1 Mem:67.84M (Peak 67.84M) | Time:00:00.04 | Mem:0.00M, Peak:0.00M | Scene, ViewLayer | Synchronizing object | deck_plinth.003
Fra:1 Mem:67.84M (Peak 67.84M) | Time:00:00.04 | Mem:0.00M, Peak:0.00M | Scene, ViewLayer | Synchronizing object | gasket_3_-1.001
Fra:1 Mem:67.84M (Peak 67.84M) | Time:00:00.04 | Mem:0.00M, Peak:0.00M | Scene, ViewLayer | Synchronizing object | electronics_pack_1
Fra:1 Mem:67.84M (Peak 67.84M) | Time:00:00.04 | Mem:0.00M, Peak:0.00M | Scene, ViewLayer | Synchronizing object | latch_3_-1.25_0.001
Fra:1 Mem:67.85M (Peak 67.85M) | Time:00:00.04 | Mem:0.00M, Peak:0.00M | Scene, ViewLayer | Synchronizing object | latch_3_-1.25_0.84
Fra:1 Mem:67.85M (Peak 67.85M) | Time:00:00.04 | Mem:0.00M, Peak:0.00M | Scene, ViewLayer | Synchronizing object | latch_3_1.25_0.84
Fra:1 Mem:67.88M (Peak 67.88M) | Time:00:00.04 | Mem:0.00M, Peak:0.00M | Scene, ViewLayer | Synchronizing object | handle_3.001
Fra:1 Mem:67.93M (Peak 67.93M) | Time:00:00.04 | Mem:0.00M, Peak:0.00M | Scene, ViewLayer | Synchronizing object | skid_3.001
Fra:1 Mem:67.91M (Peak 67.93M) | Time:00:00.04 | Mem:0.00M, Peak:0.00M | Scene, ViewLayer | Synchronizing object | exchanger_plate_3_0.001
Fra:1 Mem:67.91M (Peak 67.93M) | Time:00:00.04 | Mem:0.00M, Peak:0.00M | Scene, ViewLayer | Synchronizing object | latch_1
Fra:1 Mem:67.91M (Peak 67.93M) | Time:00:00.04 | Mem:0.00M, Peak:0.00M | Scene, ViewLayer | Synchronizing object | exchanger_plate_3_2.001
Fra:1 Mem:67.89M (Peak 67.93M) | Time:00:00.04 | Mem:0.00M, Peak:0.00M | Scene, ViewLayer | Synchronizing object | panel_seam_1
Fra:1 Mem:67.89M (Peak 67.93M) | Time:00:00.04 | Mem:0.00M, Peak:0.00M | Scene, ViewLayer | Synchronizing object | exchanger_plate_3_5.001
Fra:1 Mem:67.90M (Peak 67.93M) | Time:00:00.04 | Mem:0.00M, Peak:0.00M | Scene, ViewLayer | Synchronizing object | exchanger_plate_3_6.001
Fra:1 Mem:67.90M (Peak 67.93M) | Time:00:00.04 | Mem:0.00M, Peak:0.00M | Scene, ViewLayer | Synchronizing object | exchanger_plate_3_7.001
Fra:1 Mem:67.91M (Peak 67.93M) | Time:00:00.04 | Mem:0.00M, Peak:0.00M | Scene, ViewLayer | Synchronizing object | exchanger_plate_3_8.001
Fra:1 Mem:67.90M (Peak 67.93M) | Time:00:00.04 | Mem:0.00M, Peak:0.00M | Scene, ViewLayer | Synchronizing object | exchanger_plate_3_10.001
Fra:1 Mem:67.91M (Peak 67.93M) | Time:00:00.04 | Mem:0.00M, Peak:0.00M | Scene, ViewLayer | Synchronizing object | electronics_pack_0
Fra:1 Mem:67.91M (Peak 67.93M) | Time:00:00.04 | Mem:0.00M, Peak:0.00M | Scene, ViewLayer | Synchronizing object | exchanger_plate_3_11.001
Fra:1 Mem:67.91M (Peak 67.93M) | Time:00:00.04 | Mem:0.00M, Peak:0.00M | Scene, ViewLayer | Synchronizing object | exchanger_frame_3_0.001
Fra:1 Mem:67.93M (Peak 67.93M) | Time:00:00.04 | Mem:0.00M, Peak:0.00M | Scene, ViewLayer | Synchronizing object | tie_rod_3_-0.75_0.26
Fra:1 Mem:67.91M (Peak 67.93M) | Time:00:00.04 | Mem:0.00M, Peak:0.00M | Scene, ViewLayer | Synchronizing object | tie_rod_3_0.75_0.26
Fra:1 Mem:67.92M (Peak 67.93M) | Time:00:00.04 | Mem:0.00M, Peak:0.00M | Scene, ViewLayer | Synchronizing object | tie_rod_3_0.75_0.62
Fra:1 Mem:68.00M (Peak 68.00M) | Time:00:00.04 | Mem:0.00M, Peak:0.00M | Scene, ViewLayer | Synchronizing object | electronics_tray_0
Fra:1 Mem:67.99M (Peak 68.00M) | Time:00:00.04 | Mem:0.00M, Peak:0.00M | Scene, ViewLayer | Synchronizing object | exchanger_port_3_0.002
Fra:1 Mem:67.96M (Peak 68.00M) | Time:00:00.04 | Mem:0.00M, Peak:0.00M | Scene, ViewLayer | Synchronizing object | latch_0
Fra:1 Mem:68.01M (Peak 68.01M) | Time:00:00.04 | Mem:0.00M, Peak:0.00M | Scene, ViewLayer | Synchronizing object | latch_4_-1.25_0.001
Fra:1 Mem:67.99M (Peak 68.01M) | Time:00:00.04 | Mem:0.00M, Peak:0.00M | Scene, ViewLayer | Synchronizing object | latch_4_1.25_0.84
Fra:1 Mem:68.01M (Peak 68.01M) | Time:00:00.04 | Mem:0.00M, Peak:0.00M | Scene, ViewLayer | Synchronizing object | panel_seam_0
Fra:1 Mem:68.06M (Peak 68.06M) | Time:00:00.04 | Mem:0.00M, Peak:0.00M | Scene, ViewLayer | Synchronizing object | skid_4.001
Fra:1 Mem:68.05M (Peak 68.06M) | Time:00:00.04 | Mem:0.00M, Peak:0.00M | Scene, ViewLayer | Synchronizing object | service_panel_0
Fra:1 Mem:68.05M (Peak 68.06M) | Time:00:00.04 | Mem:0.00M, Peak:0.00M | Scene, ViewLayer | Synchronizing object | pump_volute_4.001
Fra:1 Mem:68.07M (Peak 68.07M) | Time:00:00.04 | Mem:0.00M, Peak:0.00M | Scene, ViewLayer | Synchronizing object | operating_display
Fra:1 Mem:68.10M (Peak 68.10M) | Time:00:00.04 | Mem:0.00M, Peak:0.00M | Scene, ViewLayer | Synchronizing object | inlet_drop_4.001
Fra:1 Mem:68.09M (Peak 68.10M) | Time:00:00.04 | Mem:0.00M, Peak:0.00M | Scene, ViewLayer | Synchronizing object | inlet_branch_4.001
Fra:1 Mem:68.08M (Peak 68.10M) | Time:00:00.04 | Mem:0.00M, Peak:0.00M | Scene, ViewLayer | Synchronizing object | outlet_rise_4.001
Fra:1 Mem:68.11M (Peak 68.11M) | Time:00:00.04 | Mem:0.00M, Peak:0.00M | Scene, ViewLayer | Synchronizing object | outlet_branch_4.001
Fra:1 Mem:68.10M (Peak 68.11M) | Time:00:00.04 | Mem:0.00M, Peak:0.00M | Scene, ViewLayer | Synchronizing object | display_bezel
Fra:1 Mem:68.14M (Peak 68.14M) | Time:00:00.04 | Mem:0.00M, Peak:0.00M | Scene, ViewLayer | Synchronizing object | panel_5.001
Fra:1 Mem:68.15M (Peak 68.15M) | Time:00:00.04 | Mem:0.00M, Peak:0.00M | Scene, ViewLayer | Synchronizing object | instrument_cheek_south
Fra:1 Mem:68.18M (Peak 68.18M) | Time:00:00.04 | Mem:0.00M, Peak:0.00M | Scene, ViewLayer | Synchronizing object | gasket_5_1.001
Fra:1 Mem:68.18M (Peak 68.18M) | Time:00:00.04 | Mem:0.00M, Peak:0.00M | Scene, ViewLayer | Synchronizing object | instrument_cheek_north
Fra:1 Mem:68.16M (Peak 68.18M) | Time:00:00.04 | Mem:0.00M, Peak:0.00M | Scene, ViewLayer | Synchronizing object | latch_5_-1.25_0.84
Fra:1 Mem:68.14M (Peak 68.18M) | Time:00:00.04 | Mem:0.00M, Peak:0.00M | Scene, ViewLayer | Synchronizing object | latch_5_1.25_0.84
Fra:1 Mem:68.15M (Peak 68.18M) | Time:00:00.04 | Mem:0.00M, Peak:0.00M | Scene, ViewLayer | Synchronizing object | handle_5.001
Fra:1 Mem:68.20M (Peak 68.20M) | Time:00:00.04 | Mem:0.00M, Peak:0.00M | Scene, ViewLayer | Synchronizing object | skid_5.001
Fra:1 Mem:68.18M (Peak 68.20M) | Time:00:00.04 | Mem:0.00M, Peak:0.00M | Scene, ViewLayer | Synchronizing object | instrument_wedge
Fra:1 Mem:68.20M (Peak 68.20M) | Time:00:00.04 | Mem:0.00M, Peak:0.00M | Scene, ViewLayer | Synchronizing object | exchanger_plate_5_1.001
Fra:1 Mem:68.23M (Peak 68.23M) | Time:00:00.04 | Mem:0.00M, Peak:0.00M | Scene, ViewLayer | Synchronizing object | service_worktop
Fra:1 Mem:68.21M (Peak 68.23M) | Time:00:00.04 | Mem:0.00M, Peak:0.00M | Scene, ViewLayer | Synchronizing object | exchanger_plate_5_3.001
Fra:1 Mem:68.20M (Peak 68.23M) | Time:00:00.04 | Mem:0.00M, Peak:0.00M | Scene, ViewLayer | Synchronizing object | exchanger_plate_5_5.001
Fra:1 Mem:68.20M (Peak 68.23M) | Time:00:00.04 | Mem:0.00M, Peak:0.00M | Scene, ViewLayer | Synchronizing object | exchanger_plate_5_6.001
Fra:1 Mem:68.20M (Peak 68.23M) | Time:00:00.04 | Mem:0.00M, Peak:0.00M | Scene, ViewLayer | Synchronizing object | exchanger_plate_5_7.001
Fra:1 Mem:68.20M (Peak 68.23M) | Time:00:00.04 | Mem:0.00M, Peak:0.00M | Scene, ViewLayer | Synchronizing object | exchanger_plate_5_9.001
Fra:1 Mem:68.21M (Peak 68.23M) | Time:00:00.04 | Mem:0.00M, Peak:0.00M | Scene, ViewLayer | Synchronizing object | exchanger_plate_5_10.001
Fra:1 Mem:68.20M (Peak 68.23M) | Time:00:00.04 | Mem:0.00M, Peak:0.00M | Scene, ViewLayer | Synchronizing object | exchanger_plate_5_11.001
Fra:1 Mem:68.22M (Peak 68.23M) | Time:00:00.04 | Mem:0.00M, Peak:0.00M | Scene, ViewLayer | Synchronizing object | exchanger_frame_5_-0.001
Fra:1 Mem:68.22M (Peak 68.23M) | Time:00:00.04 | Mem:0.00M, Peak:0.00M | Scene, ViewLayer | Synchronizing object | exchanger_frame_5_0.001
Fra:1 Mem:68.22M (Peak 68.23M) | Time:00:00.04 | Mem:0.00M, Peak:0.00M | Scene, ViewLayer | Synchronizing object | tie_rod_5_-0.75_0.26
Fra:1 Mem:68.22M (Peak 68.23M) | Time:00:00.04 | Mem:0.00M, Peak:0.00M | Scene, ViewLayer | Synchronizing object | tie_rod_5_-0.75_0.62
Fra:1 Mem:68.24M (Peak 68.24M) | Time:00:00.04 | Mem:0.00M, Peak:0.00M | Scene, ViewLayer | Synchronizing object | tie_rod_5_0.75_0.62
Fra:1 Mem:68.25M (Peak 68.25M) | Time:00:00.04 | Mem:0.00M, Peak:0.00M | Scene, ViewLayer | Synchronizing object | side_south
Fra:1 Mem:68.24M (Peak 68.25M) | Time:00:00.04 | Mem:0.00M, Peak:0.00M | Scene, ViewLayer | Synchronizing object | exchanger_port_5_0.001
Fra:1 Mem:68.31M (Peak 68.31M) | Time:00:00.04 | Mem:0.00M, Peak:0.00M | Scene, ViewLayer | Synchronizing object | side_north
Fra:1 Mem:68.30M (Peak 68.31M) | Time:00:00.04 | Mem:0.00M, Peak:0.00M | Scene, ViewLayer | Synchronizing object | exchanger_port_5_0.002
Fra:1 Mem:68.30M (Peak 68.31M) | Time:00:00.04 | Mem:0.00M, Peak:0.00M | Scene, ViewLayer | Synchronizing object | back_wall.002
Fra:1 Mem:68.28M (Peak 68.31M) | Time:00:00.04 | Mem:0.00M, Peak:0.00M | Scene, ViewLayer | Initializing
Fra:1 Mem:46.16M (Peak 68.31M) | Time:00:00.05 | Mem:0.00M, Peak:0.00M | Scene, ViewLayer | Waiting for render to start
Fra:1 Mem:46.16M (Peak 68.31M) | Time:00:00.05 | Mem:0.00M, Peak:0.00M | Scene, ViewLayer | Loading render kernels (may take a few minutes the first time)
Fra:1 Mem:46.16M (Peak 68.31M) | Time:00:00.05 | Mem:0.00M, Peak:0.00M | Scene, ViewLayer | Updating Scene
Fra:1 Mem:46.16M (Peak 68.31M) | Time:00:00.05 | Mem:0.00M, Peak:0.00M | Scene, ViewLayer | Updating Shaders
Fra:1 Mem:46.26M (Peak 68.31M) | Time:00:00.05 | Mem:0.01M, Peak:0.01M | Scene, ViewLayer | Updating Procedurals
Fra:1 Mem:46.26M (Peak 68.31M) | Time:00:00.05 | Mem:0.01M, Peak:0.01M | Scene, ViewLayer | Updating Background
Fra:1 Mem:46.26M (Peak 68.31M) | Time:00:00.05 | Mem:0.01M, Peak:0.01M | Scene, ViewLayer | Updating Camera
Fra:1 Mem:46.26M (Peak 68.31M) | Time:00:00.05 | Mem:0.01M, Peak:0.01M | Scene, ViewLayer | Updating Meshes Flags
Fra:1 Mem:46.26M (Peak 68.31M) | Time:00:00.05 | Mem:0.01M, Peak:0.01M | Scene, ViewLayer | Updating Objects
Fra:1 Mem:46.26M (Peak 68.31M) | Time:00:00.05 | Mem:0.01M, Peak:0.01M | Scene, ViewLayer | Updating Objects | Copying Transformations to device
Fra:1 Mem:46.46M (Peak 68.31M) | Time:00:00.05 | Mem:0.21M, Peak:0.21M | Scene, ViewLayer | Updating Objects | Applying Static Transformations
Fra:1 Mem:46.46M (Peak 68.31M) | Time:00:00.05 | Mem:0.21M, Peak:0.21M | Scene, ViewLayer | Updating Particle Systems
Fra:1 Mem:46.46M (Peak 68.31M) | Time:00:00.05 | Mem:0.21M, Peak:0.21M | Scene, ViewLayer | Updating Particle Systems | Copying Particles to device
Fra:1 Mem:46.46M (Peak 68.31M) | Time:00:00.05 | Mem:0.21M, Peak:0.21M | Scene, ViewLayer | Updating Meshes
Fra:1 Mem:46.75M (Peak 68.31M) | Time:00:00.05 | Mem:0.21M, Peak:0.21M | Scene, ViewLayer | Updating Mesh | Computing attributes
Fra:1 Mem:47.43M (Peak 68.31M) | Time:00:00.05 | Mem:0.23M, Peak:0.23M | Scene, ViewLayer | Updating Mesh | Copying Attributes to device
Fra:1 Mem:47.34M (Peak 68.31M) | Time:00:00.05 | Mem:0.80M, Peak:0.80M | Scene, ViewLayer | Updating Geometry BVH Cube.082 1/47 | Building BVH
Fra:1 Mem:47.34M (Peak 68.31M) | Time:00:00.05 | Mem:0.80M, Peak:0.80M | Scene, ViewLayer | Updating Geometry BVH Cube.085 4/47 | Building BVH
Fra:1 Mem:47.34M (Peak 68.31M) | Time:00:00.05 | Mem:0.80M, Peak:0.80M | Scene, ViewLayer | Updating Geometry BVH Cube.086 5/47 | Building BVH
Fra:1 Mem:47.34M (Peak 68.31M) | Time:00:00.05 | Mem:0.80M, Peak:0.80M | Scene, ViewLayer | Updating Geometry BVH Cube.086 5/47 | Building BVH 0%
Fra:1 Mem:47.34M (Peak 68.31M) | Time:00:00.05 | Mem:0.81M, Peak:0.81M | Scene, ViewLayer | Updating Geometry BVH Cube.080 47/47 | Building BVH
Fra:1 Mem:47.34M (Peak 68.31M) | Time:00:00.05 | Mem:0.81M, Peak:0.81M | Scene, ViewLayer | Updating Geometry BVH Cube.087 6/47 | Building BVH
Fra:1 Mem:47.34M (Peak 68.31M) | Time:00:00.05 | Mem:0.85M, Peak:0.85M | Scene, ViewLayer | Updating Geometry BVH Cube.088 7/47 | Building BVH
Fra:1 Mem:47.34M (Peak 68.31M) | Time:00:00.05 | Mem:0.86M, Peak:0.86M | Scene, ViewLayer | Updating Geometry BVH Cylinder.011 46/47 | Building BVH
Fra:1 Mem:47.34M (Peak 68.31M) | Time:00:00.05 | Mem:0.86M, Peak:0.87M | Scene, ViewLayer | Updating Geometry BVH Cube.089 8/47 | Building BVH
Fra:1 Mem:47.34M (Peak 68.31M) | Time:00:00.05 | Mem:0.87M, Peak:0.87M | Scene, ViewLayer | Updating Geometry BVH Cube.091 10/47 | Building BVH
Fra:1 Mem:47.34M (Peak 68.31M) | Time:00:00.05 | Mem:0.87M, Peak:0.87M | Scene, ViewLayer | Updating Geometry BVH Cube.092 11/47 | Building BVH
Fra:1 Mem:47.34M (Peak 68.31M) | Time:00:00.05 | Mem:0.89M, Peak:0.89M | Scene, ViewLayer | Updating Geometry BVH Cylinder.020 12/47 | Building BVH
Fra:1 Mem:47.34M (Peak 68.31M) | Time:00:00.05 | Mem:0.89M, Peak:0.89M | Scene, ViewLayer | Updating Geometry BVH Cylinder.010 45/47 | Building BVH
Fra:1 Mem:47.34M (Peak 68.31M) | Time:00:00.05 | Mem:0.90M, Peak:0.90M | Scene, ViewLayer | Updating Geometry BVH Cylinder.009 44/47 | Building BVH
Fra:1 Mem:47.34M (Peak 68.31M) | Time:00:00.05 | Mem:0.91M, Peak:0.91M | Scene, ViewLayer | Updating Geometry BVH Cylinder.008 43/47 | Building BVH
Fra:1 Mem:47.34M (Peak 68.31M) | Time:00:00.05 | Mem:0.92M, Peak:0.92M | Scene, ViewLayer | Updating Geometry BVH Cylinder.024 16/47 | Building BVH
Fra:1 Mem:47.34M (Peak 68.31M) | Time:00:00.05 | Mem:0.92M, Peak:0.93M | Scene, ViewLayer | Updating Geometry BVH Cylinder.025 17/47 | Building BVH
Fra:1 Mem:47.34M (Peak 68.31M) | Time:00:00.05 | Mem:0.93M, Peak:0.93M | Scene, ViewLayer | Updating Geometry BVH Cylinder.027 19/47 | Building BVH
Fra:1 Mem:47.34M (Peak 68.31M) | Time:00:00.05 | Mem:0.94M, Peak:0.94M | Scene, ViewLayer | Updating Geometry BVH Cube.093 20/47 | Building BVH
Fra:1 Mem:47.34M (Peak 68.31M) | Time:00:00.05 | Mem:0.94M, Peak:0.95M | Scene, ViewLayer | Updating Geometry BVH Cylinder.007 42/47 | Building BVH
Fra:1 Mem:47.34M (Peak 68.31M) | Time:00:00.05 | Mem:0.94M, Peak:0.95M | Scene, ViewLayer | Updating Geometry BVH chamber_cavity_wall 21/47 | Building BVH
Fra:1 Mem:47.34M (Peak 68.31M) | Time:00:00.05 | Mem:0.95M, Peak:0.95M | Scene, ViewLayer | Updating Geometry BVH Cylinder.006 41/47 | Building BVH
Fra:1 Mem:47.34M (Peak 68.31M) | Time:00:00.05 | Mem:0.96M, Peak:0.96M | Scene, ViewLayer | Updating Geometry BVH chamber_closed_domed_lid 22/47 | Building BVH
Fra:1 Mem:47.34M (Peak 68.31M) | Time:00:00.05 | Mem:0.96M, Peak:0.96M | Scene, ViewLayer | Updating Geometry BVH Cylinder.017 40/47 | Building BVH
Fra:1 Mem:47.34M (Peak 68.31M) | Time:00:00.05 | Mem:1.02M, Peak:1.02M | Scene, ViewLayer | Updating Geometry BVH Cube.074 23/47 | Building BVH
Fra:1 Mem:47.34M (Peak 68.31M) | Time:00:00.05 | Mem:1.03M, Peak:1.04M | Scene, ViewLayer | Updating Geometry BVH Cylinder.016 39/47 | Building BVH
Fra:1 Mem:47.34M (Peak 68.31M) | Time:00:00.05 | Mem:1.04M, Peak:1.05M | Scene, ViewLayer | Updating Geometry BVH chamber_inset_gasket 25/47 | Building BVH
Fra:1 Mem:47.34M (Peak 68.31M) | Time:00:00.05 | Mem:1.05M, Peak:1.05M | Scene, ViewLayer | Updating Geometry BVH Cube.073 26/47 | Building BVH
Fra:1 Mem:47.34M (Peak 68.31M) | Time:00:00.05 | Mem:1.07M, Peak:1.07M | Scene, ViewLayer | Updating Geometry BVH Cylinder.015 38/47 | Building BVH
Fra:1 Mem:47.34M (Peak 68.31M) | Time:00:00.05 | Mem:1.06M, Peak:1.07M | Scene, ViewLayer | Updating Geometry BVH Cube.081 27/47 | Building BVH
Fra:1 Mem:47.34M (Peak 68.31M) | Time:00:00.05 | Mem:1.12M, Peak:1.12M | Scene, ViewLayer | Updating Geometry BVH chamber_lower_pan 28/47 | Building BVH
Fra:1 Mem:47.34M (Peak 68.31M) | Time:00:00.05 | Mem:1.13M, Peak:1.13M | Scene, ViewLayer | Updating Geometry BVH Cylinder.018 29/47 | Building BVH
Fra:1 Mem:47.34M (Peak 68.31M) | Time:00:00.05 | Mem:1.13M, Peak:1.13M | Scene, ViewLayer | Updating Geometry BVH Cylinder.019 30/47 | Building BVH
Fra:1 Mem:47.34M (Peak 68.31M) | Time:00:00.05 | Mem:1.14M, Peak:1.14M | Scene, ViewLayer | Updating Geometry BVH Cube.076 31/47 | Building BVH
Fra:1 Mem:47.34M (Peak 68.31M) | Time:00:00.05 | Mem:1.16M, Peak:1.16M | Scene, ViewLayer | Updating Geometry BVH Cube.077 32/47 | Building BVH
Fra:1 Mem:47.34M (Peak 68.31M) | Time:00:00.05 | Mem:1.17M, Peak:1.17M | Scene, ViewLayer | Updating Geometry BVH Cylinder.013 36/47 | Building BVH
Fra:1 Mem:47.34M (Peak 68.31M) | Time:00:00.05 | Mem:1.18M, Peak:1.18M | Scene, ViewLayer | Updating Geometry BVH Cube.078 33/47 | Building BVH
Fra:1 Mem:47.34M (Peak 68.31M) | Time:00:00.05 | Mem:1.18M, Peak:1.18M | Scene, ViewLayer | Updating Geometry BVH Cube.079 34/47 | Building BVH
Fra:1 Mem:47.34M (Peak 68.31M) | Time:00:00.05 | Mem:1.21M, Peak:1.21M | Scene, ViewLayer | Updating Geometry BVH Cylinder.012 35/47 | Building BVH
Fra:1 Mem:47.34M (Peak 68.31M) | Time:00:00.05 | Mem:1.26M, Peak:1.27M | Scene, ViewLayer | Updating Scene BVH | Building
Fra:1 Mem:47.35M (Peak 68.31M) | Time:00:00.05 | Mem:1.26M, Peak:1.27M | Scene, ViewLayer | Updating Scene BVH | Building BVH
Fra:1 Mem:47.35M (Peak 68.31M) | Time:00:00.06 | Mem:2.33M, Peak:2.77M | Scene, ViewLayer | Updating Scene BVH | Copying BVH to device
Fra:1 Mem:47.35M (Peak 68.31M) | Time:00:00.06 | Mem:2.33M, Peak:2.77M | Scene, ViewLayer | Updating Mesh | Computing normals
Fra:1 Mem:49.24M (Peak 68.31M) | Time:00:00.06 | Mem:2.33M, Peak:2.77M | Scene, ViewLayer | Updating Mesh | Copying Mesh to device
Fra:1 Mem:49.24M (Peak 68.31M) | Time:00:00.06 | Mem:4.22M, Peak:4.22M | Scene, ViewLayer | Updating Objects Flags
Fra:1 Mem:49.24M (Peak 68.31M) | Time:00:00.06 | Mem:4.22M, Peak:4.22M | Scene, ViewLayer | Updating Primitive Offsets
Fra:1 Mem:49.24M (Peak 68.31M) | Time:00:00.06 | Mem:4.23M, Peak:4.23M | Scene, ViewLayer | Updating Images
Fra:1 Mem:49.24M (Peak 68.31M) | Time:00:00.06 | Mem:4.23M, Peak:4.23M | Scene, ViewLayer | Updating Camera Volume
Fra:1 Mem:49.24M (Peak 68.31M) | Time:00:00.06 | Mem:4.23M, Peak:4.23M | Scene, ViewLayer | Updating Lookup Tables
Fra:1 Mem:49.24M (Peak 68.31M) | Time:00:00.06 | Mem:4.31M, Peak:4.31M | Scene, ViewLayer | Updating Lights
Fra:1 Mem:49.24M (Peak 68.31M) | Time:00:00.06 | Mem:4.31M, Peak:4.31M | Scene, ViewLayer | Updating Lights | Computing distribution
Fra:1 Mem:49.24M (Peak 68.31M) | Time:00:00.06 | Mem:4.31M, Peak:4.31M | Scene, ViewLayer | Updating Lights | Computing tree
Fra:1 Mem:49.99M (Peak 68.31M) | Time:00:00.08 | Mem:5.06M, Peak:5.06M | Scene, ViewLayer | Updating Integrator
Fra:1 Mem:50.99M (Peak 68.31M) | Time:00:00.08 | Mem:6.06M, Peak:6.06M | Scene, ViewLayer | Updating Film
Fra:1 Mem:50.99M (Peak 68.31M) | Time:00:00.08 | Mem:5.98M, Peak:6.06M | Scene, ViewLayer | Updating Lookup Tables
Fra:1 Mem:50.99M (Peak 68.31M) | Time:00:00.08 | Mem:6.06M, Peak:6.06M | Scene, ViewLayer | Updating Baking
Fra:1 Mem:50.99M (Peak 68.31M) | Time:00:00.08 | Mem:6.06M, Peak:6.06M | Scene, ViewLayer | Updating Device | Writing constant memory
Fra:1 Mem:51.01M (Peak 68.31M) | Time:00:00.08 | Mem:6.06M, Peak:6.06M | Scene, ViewLayer | Sample 0/16
Fra:1 Mem:83.99M (Peak 83.99M) | Time:00:00.43 | Remaining:00:05.24 | Mem:39.02M, Peak:39.02M | Scene, ViewLayer | Sample 1/16
Fra:1 Mem:98.64M (Peak 127.94M) | Time:00:04.85 | Mem:39.02M, Peak:39.02M | Scene, ViewLayer | Sample 16/16
Fra:1 Mem:98.64M (Peak 127.94M) | Time:00:04.85 | Mem:39.02M, Peak:39.02M | Scene, ViewLayer | Finished
Saved: '/tmp/passenger-monitor-clean-m_ygzp4e/tools/assets/passenger-vault/monitoring/room-placement.png'
Time: 00:04.94 (Saving: 00:00.08)

MONITOR_VERIFIED {"north": {"bounds_blender_m": [[-1.875, -1.25, 0.0], [1.875, 1.25, 1.2100000381469727]], "mesh_objects": 22, "triangles": 264, "deck_probes": 9, "support_contacts": 12, "exposed_fittings": 11, "closed_front_probes": 18, "repair_checks": {"butt_joints": 4, "display_support_samples": 18, "pack_support_samples": 4, "west_reach_m": {"operating_display": 0.7250000238418579, "electronics_pack_0": 0.7250000238418579, "electronics_pack_1": 0.7250000238418579}, "reference_height_m": 2.05, "maintenance_edge_x": -1.875, "operator_centres_unchanged": [[1000, 280], [1000, 600]]}}, "south": {"bounds_blender_m": [[-1.875, -1.25, 0.0], [1.875, 1.25, 0.9599999785423279]], "mesh_objects": 22, "triangles": 264, "deck_probes": 9, "support_contacts": 12, "exposed_fittings": 11, "closed_front_probes": 18, "repair_checks": {"butt_joints": 4, "display_support_samples": 18, "pack_support_samples": 4, "west_reach_m": {"operating_display": 0.7250000238418579, "electronics_pack_0": 0.7250000238418579, "electronics_pack_1": 0.7250000238418579}, "reference_height_m": 2.05, "maintenance_edge_x": -1.875, "operator_centres_unchanged": [[1000, 280], [1000, 600]]}}, "room_context": {"carriers": 4, "chambers": 16, "routes": 12, "monitors": [{"id": "MN", "meshes": 22, "bounds_game": [1040.0, 240.0, 1160.0, 320.0], "height_game": 38.720001220703125, "west_direction": [-1, 0, 0]}, {"id": "MS", "meshes": 22, "bounds_game": [1040.0, 560.0, 1160.0, 640.0], "height_game": 30.719999313354492, "west_direction": [-1, 0, 0]}]}}

Blender quit
